
[1m[46m RUN [49m[22m [36mv4.0.16 [39m[90mC:/Users/astir/Desktop/AI_Company/AI_Investor/frontend2[39m

[90mstdout[2m | tests/pages/AdvancedRiskDashboard.test.jsx[2m > [22m[2mAdvancedRiskDashboard[2m > [22m[2mshould display risk metrics
[22m[39m[36m<body>[39m
  [36m<div>[39m
    [36m<div[39m
      [33mclass[39m=[32m"full-bleed-page advanced-risk-dashboard"[39m
    [36m>[39m
      [36m<div[39m
        [33mclass[39m=[32m"dashboard-header"[39m
      [36m>[39m
        [36m<h1>[39m
          [0mAdvanced Risk Management[0m
        [36m</h1>[39m
        [36m<p[39m
          [33mclass[39m=[32m"subtitle"[39m
        [36m>[39m
          [0mPhase 3: Advanced Risk Management & Stress Testing[0m
        [36m</p>[39m
      [36m</div>[39m
      [36m<div[39m
        [33mclass[39m=[32m"scrollable-content-wrapper"[39m
      [36m>[39m
        [36m<div[39m
          [33mclass[39m=[32m"react-grid-layout layout"[39m
          [33mstyle[39m=[32m"height: 1210px;"[39m
        [36m>[39m
          [36m<div[39m
            [33mclass[39m=[32m"react-grid-item react-draggable cssTransforms react-resizable"[39m
            [33mstyle[39m=[32m"width: 1260px; height: 490px; position: absolute; transform: translate(10px,10px); -webkit-transform: translate(10px,10px);"[39m
          [36m>[39m
            [36m<div[39m
              [33mclass[39m=[32m"glass-card glass-panel glass-card--elevated  glass-card--hoverable  h-full"[39m
            [36m>[39m
              [36m<div[39m
                [33mclass[39m=[32m"glass-card__content"[39m
              [36m>[39m
                [36m<div[39m
                  [33mclass[39m=[32m"glass-card-drag-handle"[39m
                [36m>[39m
                  [36m<h2[39m
                    [33mclass[39m=[32m"text-xl font-bold mb-4"[39m
                  [36m>[39m
                    [0mRisk Metrics[0m
                  [36m</h2>[39m
                [36m</div>[39m
                [36m<div[39m
                  [33mclass[39m=[32m"flex items-center justify-center h-full text-zinc-600"[39m
                [36m>[39m
                  [0mNo risk metrics available[0m
                [36m</div>[39m
              [36m</div>[39m
            [36m</div>[39m
            [36m<span[39m
              [33mclass[39m=[32m"react-resizable-handle react-resizable-handle-se"[39m
            [36m/>[39m
          [36m</div>[39m
          [36m<div[39m
            [33mclass[39m=[32m"react-grid-item react-draggable cssTransforms react-resizable"[39m
            [33mstyle[39m=[32m"width: 625px; height: 690px; position: absolute; transform: translate(10px,510px); -webkit-transform: translate(10px,510px);"[39m
          [36m>[39m
            [36m<div[39m
              [33mclass[39m=[32m"glass-card glass-panel glass-card--default  glass-card--hoverable  h-full"[39m
            [36m>[39m
              [36m<div[39m
                [33mclass[39m=[32m"glass-card__content"[39m
              [36m>[39m
                [36m<div[39m
                  [33mclass[39m=[32m"glass-card-drag-handle"[39m
                [36m>[39m
                  [36m<h2[39m
                    [33mclass[39m=[32m"text-xl font-bold mb-4"[39m
                  [36m>[39m
                    [0mStress Testing[0m
                  [36m</h2>[39m
                [36m</div>[39m
                [36m<div[39m
                  [33mclass[39m=[32m"flex gap-2 mb-6"[39m
                [36m>[39m
                  [36m<select[39m
                    [33mclass[39m=[32m"flex-1 bg-zinc-900 border border-zinc-800 rounded-lg px-4 py-2 text-sm text-white focus:outline-none focus:border-cyan-500/50"[39m
                  [36m>[39m
                    [36m<option[39m
                      [33mvalue[39m=[32m"market_crash_2008"[39m
                    [36m>[39m
                      [0m2008 Financial Crisis[0m
                    [36m</option>[39m
                    [36m<option[39m
                      [33mvalue[39m=[32m"covid_2020"[39m
                    [36m>[39m
                      [0m2020 COVID-19 Crash[0m
                    [36m</option>[39m
                    [36m<option[39m
                      [33mvalue[39m=[32m"inflation_2022"[39m
                    [36m>[39m
                      [0m2022 Inflation Spike[0m
                    [36m</option>[39m
                    [36m<option[39m
                      [33mvalue[39m=[32m"sector_shock_tech"[39m
                    [36m>[39m
                      [0mTech Sector Shock[0m
                    [36m</option>[39m
                  [36m</select>[39m
                  [36m<button[39m
                    [33mclass[39m=[32m"px-4 py-2 bg-cyan-500/10 border border-cyan-500/20 rounded-lg text-cyan-400 font-bold text-xs hover:bg-cyan-500/20 transition-all"[39m
                    [33mdisabled[39m=[32m""[39m
                  [36m>[39m
                    [0mRUN[0m
                  [36m</button>[39m
                [36m</div>[39m
                [36m<div[39m
                  [33mclass[39m=[32m"flex items-center justify-center h-24 text-zinc-700 italic text-sm"[39m
                [36m>[39m
                  [0mSelect scenario to simulate impact[0m
                [36m</div>[39m
              [36m</div>[39m
            [36m</div>[39m
            [36m<span[39m
              [33mclass[39m=[32m"react-resizable-handle react-resizable-handle-se"[39m
            [36m/>[39m
          [36m</div>[39m
          [36m<div[39m
            [33mclass[39m=[32m"react-grid-item react-draggable cssTransforms react-resizable"[39m
            [33mstyle[39m=[32m"width: 625px; height: 690px; position: absolute; transform: translate(645px,510px); -webkit-transform: translate(645px,510px);"[39m
          [36m>[39m
            [36m<div[39m
              [33mclass[39m=[32m"glass-card glass-panel glass-card--default  glass-card--hoverable  h-full"[39m
            [36m>[39m
              [36m<div[39m
                [33mclass[39m=[32m"glass-card__content"[39m
              [36m>[39m
                [36m<div[39m
                  [33mclass[39m=[32m"glass-card-drag-handle"[39m
                [36m>[39m
                  [36m<h2[39m
                    [33mclass[39m=[32m"text-xl font-bold mb-4"[39m
                  [36m>[39m
                    [0mMonte Carlo Simulation[0m
                  [36m</h2>[39m
                [36m</div>[39m
                [36m<div[39m
                  [33mclass[39m=[32m"mb-6"[39m
                [36m>[39m
                  [36m<button[39m
                    [33mclass[39m=[32m"w-full py-3 bg-zinc-900 border border-zinc-800 rounded-xl text-zinc-400 font-bold text-xs hover:border-cyan-500/50 hover:text-white transition-all uppercase tracking-widest"[39m
                    [33mdisabled[39m=[32m""[39m
                  [36m>[39m
                    [0mCALCULATING...[0m
                  [36m</button>[39m
                [36m</div>[39m
                [36m<div[39m
                  [33mclass[39m=[32m"flex items-center justify-center h-24 text-zinc-700 italic text-sm"[39m
                [36m>[39m
                  [0mInitiate paths for probability analysis[0m
                [36m</div>[39m
              [36m</div>[39m
            [36m</div>[39m
            [36m<span[39m
              [33mclass[39m=[32m"react-resizable-handle react-resizable-handle-se"[39m
            [36m/>[39m
          [36m</div>[39m
        [36m</div>[39m
        [36m<div[39m
          [33mclass[39m=[32m"scroll-buffer-100"[39m
        [36m/>[39m
      [36m</div>[39m
    [36m</div>[39m
  [36m</div>[39m
[36m</body>[39m

[90mstdout[2m | tests/pages/AdvancedRiskDashboard.test.jsx[2m > [22m[2mAdvancedRiskDashboard[2m > [22m[2mshould display risk metrics
[22m[39m[36m<body>[39m
  [36m<div>[39m
    [36m<div[39m
      [33mclass[39m=[32m"full-bleed-page advanced-risk-dashboard"[39m
    [36m>[39m
      [36m<div[39m
        [33mclass[39m=[32m"dashboard-header"[39m
      [36m>[39m
        [36m<h1>[39m
          [0mAdvanced Risk Management[0m
        [36m</h1>[39m
        [36m<p[39m
          [33mclass[39m=[32m"subtitle"[39m
        [36m>[39m
          [0mPhase 3: Advanced Risk Management & Stress Testing[0m
        [36m</p>[39m
      [36m</div>[39m
      [36m<div[39m
        [33mclass[39m=[32m"scrollable-content-wrapper"[39m
      [36m>[39m
        [36m<div[39m
          [33mclass[39m=[32m"react-grid-layout layout"[39m
          [33mstyle[39m=[32m"height: 1210px;"[39m
        [36m>[39m
          [36m<div[39m
            [33mclass[39m=[32m"react-grid-item react-draggable cssTransforms react-resizable"[39m
            [33mstyle[39m=[32m"width: 1260px; height: 490px; position: absolute; transform: translate(10px,10px); -webkit-transform: translate(10px,10px);"[39m
          [36m>[39m
            [36m<div[39m
              [33mclass[39m=[32m"glass-card glass-panel glass-card--elevated  glass-card--hoverable  h-full"[39m
            [36m>[39m
              [36m<div[39m
                [33mclass[39m=[32m"glass-card__content"[39m
              [36m>[39m
                [36m<div[39m
                  [33mclass[39m=[32m"glass-card-drag-handle"[39m
                [36m>[39m
                  [36m<h2[39m
                    [33mclass[39m=[32m"text-xl font-bold mb-4"[39m
                  [36m>[39m
                    [0mRisk Metrics[0m
                  [36m</h2>[39m
                [36m</div>[39m
                [36m<div[39m
                  [33mclass[39m=[32m"grid grid-cols-2 md:grid-cols-3 gap-4"[39m
                [36m>[39m
                  [36m<div[39m
                    [33mclass[39m=[32m"p-4 bg-rose-500/5 rounded-2xl border border-rose-500/10"[39m
                  [36m>[39m
                    [36m<div[39m
                      [33mclass[39m=[32m"text-[10px] text-zinc-500 uppercase font-bold mb-1"[39m
                    [36m>[39m
                      [0mValue at Risk (VaR)[0m
                    [36m</div>[39m
                    [36m<div[39m
                      [33mclass[39m=[32m"text-2xl font-black text-rose-400"[39m
                    [36m>[39m
                      [0m$[0m
                      [0m0.05[0m
                    [36m</div>[39m
                    [36m<div[39m
                      [33mclass[39m=[32m"text-[10px] text-zinc-600 font-bold mt-1"[39m
                    [36m>[39m
                      [0m95% CONFIDENCE[0m
                    [36m</div>[39m
                  [36m</div>[39m
                  [36m<div[39m
                    [33mclass[39m=[32m"p-4 bg-orange-500/5 rounded-2xl border border-orange-500/10"[39m
                  [36m>[39m
                    [36m<div[39m
                      [33mclass[39m=[32m"text-[10px] text-zinc-500 uppercase font-bold mb-1"[39m
                    [36m>[39m
                      [0mExpected Tail Loss[0m
                    [36m</div>[39m
                    [36m<div[39m
                      [33mclass[39m=[32m"text-2xl font-black text-orange-400"[39m
                    [36m>[39m
                      [0m$[0m
                      [0m0.07[0m
                    [36m</div>[39m
                  [36m</div>[39m
                  [36m<div[39m
                    [33mclass[39m=[32m"p-4 bg-rose-500/5 rounded-2xl border border-rose-500/10"[39m
                  [36m>[39m
                    [36m<div[39m
                      [33mclass[39m=[32m"text-[10px] text-zinc-500 uppercase font-bold mb-1"[39m
                    [36m>[39m
                      [0mMax Drawdown[0m
                    [36m</div>[39m
                    [36m<div[39m
                      [33mclass[39m=[32m"text-2xl font-black text-rose-400"[39m
                    [36m>[39m
                      [0m12.00[0m
                      [0m%[0m
                    [36m</div>[39m
                  [36m</div>[39m
                  [36m<div[39m
                    [33mclass[39m=[32m"p-4 bg-emerald-500/5 rounded-2xl border border-emerald-500/10"[39m
                  [36m>[39m
                    [36m<div[39m
                      [33mclass[39m=[32m"text-[10px] text-zinc-500 uppercase font-bold mb-1"[39m
                    [36m>[39m
                      [0mSharpe Ratio[0m
                    [36m</div>[39m
                    [36m<div[39m
                      [33mclass[39m=[32m"text-2xl font-black text-emerald-400"[39m
                    [36m>[39m
                      [0m1.50[0m
                    [36m</div>[39m
                  [36m</div>[39m
                  [36m<div[39m
                    [33mclass[39m=[32m"p-4 bg-emerald-500/5 rounded-2xl border border-emerald-500/10"[39m
                  [36m>[39m
                    [36m<div[39m
                      [33mclass[39m=[32m"text-[10px] text-zinc-500 uppercase font-bold mb-1"[39m
                    [36m>[39m
                      [0mSortino Ratio[0m
                    [36m</div>[39m
                    [36m<div[39m
                      [33mclass[39m=[32m"text-2xl font-black text-emerald-400"[39m
                    [36m>[39m
                      [0m1.80[0m
                    [36m</div>[39m
                  [36m</div>[39m
                  [36m<div[39m
                    [33mclass[39m=[32m"p-4 bg-cyan-500/5 rounded-2xl border border-cyan-500/10"[39m
                  [36m>[39m
                    [36m<div[39m
                      [33mclass[39m=[32m"text-[10px] text-zinc-500 uppercase font-bold mb-1"[39m
                    [36m>[39m
                      [0mVol / Drawdown[0m
                    [36m</div>[39m
                    [36m<div[39m
                      [33mclass[39m=[32m"text-2xl font-black text-cyan-400"[39m
                    [36m>[39m
                      [0m1.20[0m
                    [36m</div>[39m
                  [36m</div>[39m
                [36m</div>[39m
              [36m</div>[39m
            [36m</div>[39m
            [36m<span[39m
              [33mclass[39m=[32m"react-resizable-handle react-resizable-handle-se"[39m
            [36m/>[39m
          [36m</div>[39m
          [36m<div[39m
            [33mclass[39m=[32m"react-grid-item react-draggable cssTransforms react-resizable"[39m
            [33mstyle[39m=[32m"width: 625px; height: 690px; position: absolute; transform: translate(10px,510px); -webkit-transform: translate(10px,510px);"[39m
          [36m>[39m
            [36m<div[39m
              [33mclass[39m=[32m"glass-card glass-panel glass-card--default  glass-card--hoverable  h-full"[39m
            [36m>[39m
              [36m<div[39m
                [33mclass[39m=[32m"glass-card__content"[39m
              [36m>[39m
                [36m<div[39m
                  [33mclass[39m=[32m"glass-card-drag-handle"[39m
                [36m>[39m
                  [36m<h2[39m
                    [33mclass[39m=[32m"text-xl font-bold mb-4"[39m
                  [36m>[39m
                    [0mStress Testing[0m
                  [36m</h2>[39m
                [36m</div>[39m
                [36m<div[39m
                  [33mclass[39m=[32m"flex gap-2 mb-6"[39m
                [36m>[39m
                  [36m<select[39m
                    [33mclass[39m=[32m"flex-1 bg-zinc-900 border border-zinc-800 rounded-lg px-4 py-2 text-sm text-white focus:outline-none focus:border-cyan-500/50"[39m
                  [36m>[39m
                    [36m<option[39m
                      [33mvalue[39m=[32m"market_crash_2008"[39m
                    [36m>[39m
                      [0m2008 Financial Crisis[0m
                    [36m</option>[39m
                    [36m<option[39m
                      [33mvalue[39m=[32m"covid_2020"[39m
                    [36m>[39m
                      [0m2020 COVID-19 Crash[0m
                    [36m</option>[39m
                    [36m<option[39m
                      [33mvalue[39m=[32m"inflation_2022"[39m
                    [36m>[39m
                      [0m2022 Inflation Spike[0m
                    [36m</option>[39m
                    [36m<option[39m
                      [33mvalue[39m=[32m"sector_shock_tech"[39m
                    [36m>[39m
                      [0mTech Sector Shock[0m
                    [36m</option>[39m
                  [36m</select>[39m
                  [36m<button[39m
                    [33mclass[39m=[32m"px-4 py-2 bg-cyan-500/10 border border-cyan-500/20 rounded-lg text-cyan-400 font-bold text-xs hover:bg-cyan-500/20 transition-all"[39m
                  [36m>[39m
                    [0mRUN[0m
                  [36m</button>[39m
                [36m</div>[39m
                [36m<div[39m
                  [33mclass[39m=[32m"flex items-center justify-center h-24 text-zinc-700 italic text-sm"[39m
                [36m>[39m
                  [0mSelect scenario to simulate impact[0m
                [36m</div>[39m
              [36m</div>[39m
            [36m</div>[39m
            [36m<span[39m
              [33mclass[39m=[32m"react-resizable-handle react-resizable-handle-se"[39m
            [36m/>[39m
          [36m</div>[39m
          [36m<div[39m
            [33mclass[39m=[32m"react-grid-item react-draggable cssTransforms react-resizable"[39m
            [33mstyle[39m=[32m"width: 625px; height: 690px; position: absolute; transform: translate(645px,510px); -webkit-transform: translate(645px,510px);"[39m
          [36m>[39m
            [36m<div[39m
              [33mclass[39m=[32m"glass-card glass-panel glass-card--default  glass-card--hoverable  h-full"[39m
            [36m>[39m
              [36m<div[39m
                [33mclass[39m=[32m"glass-card__content"[39m
              [36m>[39m
                [36m<div[39m
                  [33mclass[39m=[32m"glass-card-drag-handle"[39m
                [36m>[39m
                  [36m<h2[39m
                    [33mclass[39m=[32m"text-xl font-bold mb-4"[39m
                  [36m>[39m
                    [0mMonte Carlo Simulation[0m
                  [36m</h2>[39m
                [36m</div>[39m
                [36m<div[39m
                  [33mclass[39m=[32m"mb-6"[39m
                [36m>[39m
                  [36m<button[39m
                    [33mclass[39m=[32m"w-full py-3 bg-zinc-900 border border-zinc-800 rounded-xl text-zinc-400 font-bold text-xs hover:border-cyan-500/50 hover:text-white transition-all uppercase tracking-widest"[39m
                  [36m>[39m
                    [0mGENERATE 10K PATHS[0m
                  [36m</button>[39m
                [36m</div>[39m
                [36m<div[39m
                  [33mclass[39m=[32m"flex items-center justify-center h-24 text-zinc-700 italic text-sm"[39m
                [36m>[39m
                  [0mInitiate paths for probability analysis[0m
                [36m</div>[39m
              [36m</div>[39m
            [36m</div>[39m
            [36m<span[39m
              [33mclass[39m=[32m"react-resizable-handle react-resizable-handle-se"[39m
            [36m/>[39m
          [36m</div>[39m
        [36m</div>[39m
        [36m<div[39m
          [33mclass[39m=[32m"scroll-buffer-100"[39m
        [36m/>[39m
      [36m</div>[39m
    [36m</div>[39m
  [36m</div>[39m
[36m</body>[39m

[90mstdout[2m | tests/pages/AdvancedRiskDashboard.test.jsx[2m > [22m[2mAdvancedRiskDashboard[2m > [22m[2mshould display risk metrics
[22m[39m[36m<body>[39m
  [36m<div>[39m
    [36m<div[39m
      [33mclass[39m=[32m"full-bleed-page advanced-risk-dashboard"[39m
    [36m>[39m
      [36m<div[39m
        [33mclass[39m=[32m"dashboard-header"[39m
      [36m>[39m
        [36m<h1>[39m
          [0mAdvanced Risk Management[0m
        [36m</h1>[39m
        [36m<p[39m
          [33mclass[39m=[32m"subtitle"[39m
        [36m>[39m
          [0mPhase 3: Advanced Risk Management & Stress Testing[0m
        [36m</p>[39m
      [36m</div>[39m
      [36m<div[39m
        [33mclass[39m=[32m"scrollable-content-wrapper"[39m
      [36m>[39m
        [36m<div[39m
          [33mclass[39m=[32m"react-grid-layout layout"[39m
          [33mstyle[39m=[32m"height: 1210px;"[39m
        [36m>[39m
          [36m<div[39m
            [33mclass[39m=[32m"react-grid-item react-draggable cssTransforms react-resizable"[39m
            [33mstyle[39m=[32m"width: 1260px; height: 490px; position: absolute; transform: translate(10px,10px); -webkit-transform: translate(10px,10px);"[39m
          [36m>[39m
            [36m<div[39m
              [33mclass[39m=[32m"glass-card glass-panel glass-card--elevated  glass-card--hoverable  h-full"[39m
            [36m>[39m
              [36m<div[39m
                [33mclass[39m=[32m"glass-card__content"[39m
              [36m>[39m
                [36m<div[39m
                  [33mclass[39m=[32m"glass-card-drag-handle"[39m
                [36m>[39m
                  [36m<h2[39m
                    [33mclass[39m=[32m"text-xl font-bold mb-4"[39m
                  [36m>[39m
                    [0mRisk Metrics[0m
                  [36m</h2>[39m
                [36m</div>[39m
                [36m<div[39m
                  [33mclass[39m=[32m"grid grid-cols-2 md:grid-cols-3 gap-4"[39m
                [36m>[39m
                  [36m<div[39m
                    [33mclass[39m=[32m"p-4 bg-rose-500/5 rounded-2xl border border-rose-500/10"[39m
                  [36m>[39m
                    [36m<div[39m
                      [33mclass[39m=[32m"text-[10px] text-zinc-500 uppercase font-bold mb-1"[39m
                    [36m>[39m
                      [0mValue at Risk (VaR)[0m
                    [36m</div>[39m
                    [36m<div[39m
                      [33mclass[39m=[32m"text-2xl font-black text-rose-400"[39m
                    [36m>[39m
                      [0m$[0m
                      [0m0.05[0m
                    [36m</div>[39m
                    [36m<div[39m
                      [33mclass[39m=[32m"text-[10px] text-zinc-600 font-bold mt-1"[39m
                    [36m>[39m
                      [0m95% CONFIDENCE[0m
                    [36m</div>[39m
                  [36m</div>[39m
                  [36m<div[39m
                    [33mclass[39m=[32m"p-4 bg-orange-500/5 rounded-2xl border border-orange-500/10"[39m
                  [36m>[39m
                    [36m<div[39m
                      [33mclass[39m=[32m"text-[10px] text-zinc-500 uppercase font-bold mb-1"[39m
                    [36m>[39m
                      [0mExpected Tail Loss[0m
                    [36m</div>[39m
                    [36m<div[39m
                      [33mclass[39m=[32m"text-2xl font-black text-orange-400"[39m
                    [36m>[39m
                      [0m$[0m
                      [0m0.07[0m
                    [36m</div>[39m
                  [36m</div>[39m
                  [36m<div[39m
                    [33mclass[39m=[32m"p-4 bg-rose-500/5 rounded-2xl border border-rose-500/10"[39m
                  [36m>[39m
                    [36m<div[39m
                      [33mclass[39m=[32m"text-[10px] text-zinc-500 uppercase font-bold mb-1"[39m
                    [36m>[39m
                      [0mMax Drawdown[0m
                    [36m</div>[39m
                    [36m<div[39m
                      [33mclass[39m=[32m"text-2xl font-black text-rose-400"[39m
                    [36m>[39m
                      [0m12.00[0m
                      [0m%[0m
                    [36m</div>[39m
                  [36m</div>[39m
                  [36m<div[39m
                    [33mclass[39m=[32m"p-4 bg-emerald-500/5 rounded-2xl border border-emerald-500/10"[39m
                  [36m>[39m
                    [36m<div[39m
                      [33mclass[39m=[32m"text-[10px] text-zinc-500 uppercase font-bold mb-1"[39m
                    [36m>[39m
                      [0mSharpe Ratio[0m
                    [36m</div>[39m
                    [36m<div[39m
                      [33mclass[39m=[32m"text-2xl font-black text-emerald-400"[39m
                    [36m>[39m
                      [0m1.50[0m
                    [36m</div>[39m
                  [36m</div>[39m
                  [36m<div[39m
                    [33mclass[39m=[32m"p-4 bg-emerald-500/5 rounded-2xl border border-emerald-500/10"[39m
                  [36m>[39m
                    [36m<div[39m
                      [33mclass[39m=[32m"text-[10px] text-zinc-500 uppercase font-bold mb-1"[39m
                    [36m>[39m
                      [0mSortino Ratio[0m
                    [36m</div>[39m
                    [36m<div[39m
                      [33mclass[39m=[32m"text-2xl font-black text-emerald-400"[39m
                    [36m>[39m
                      [0m1.80[0m
                    [36m</div>[39m
                  [36m</div>[39m
                  [36m<div[39m
                    [33mclass[39m=[32m"p-4 bg-cyan-500/5 rounded-2xl border border-cyan-500/10"[39m
                  [36m>[39m
                    [36m<div[39m
                      [33mclass[39m=[32m"text-[10px] text-zinc-500 uppercase font-bold mb-1"[39m
                    [36m>[39m
                      [0mVol / Drawdown[0m
                    [36m</div>[39m
                    [36m<div[39m
                      [33mclass[39m=[32m"text-2xl font-black text-cyan-400"[39m
                    [36m>[39m
                      [0m1.20[0m
                    [36m</div>[39m
                  [36m</div>[39m
                [36m</div>[39m
              [36m</div>[39m
            [36m</div>[39m
            [36m<span[39m
              [33mclass[39m=[32m"react-resizable-handle react-resizable-handle-se"[39m
            [36m/>[39m
          [36m</div>[39m
          [36m<div[39m
            [33mclass[39m=[32m"react-grid-item react-draggable cssTransforms react-resizable"[39m
            [33mstyle[39m=[32m"width: 625px; height: 690px; position: absolute; transform: translate(10px,510px); -webkit-transform: translate(10px,510px);"[39m
          [36m>[39m
            [36m<div[39m
              [33mclass[39m=[32m"glass-card glass-panel glass-card--default  glass-card--hoverable  h-full"[39m
            [36m>[39m
              [36m<div[39m
                [33mclass[39m=[32m"glass-card__content"[39m
              [36m>[39m
                [36m<div[39m
                  [33mclass[39m=[32m"glass-card-drag-handle"[39m
                [36m>[39m
                  [36m<h2[39m
                    [33mclass[39m=[32m"text-xl font-bold mb-4"[39m
                  [36m>[39m
                    [0mStress Testing[0m
                  [36m</h2>[39m
                [36m</div>[39m
                [36m<div[39m
                  [33mclass[39m=[32m"flex gap-2 mb-6"[39m
                [36m>[39m
                  [36m<select[39m
                    [33mclass[39m=[32m"flex-1 bg-zinc-900 border border-zinc-800 rounded-lg px-4 py-2 text-sm text-white focus:outline-none focus:border-cyan-500/50"[39m
                  [36m>[39m
                    [36m<option[39m
                      [33mvalue[39m=[32m"market_crash_2008"[39m
                    [36m>[39m
                      [0m2008 Financial Crisis[0m
                    [36m</option>[39m
                    [36m<option[39m
                      [33mvalue[39m=[32m"covid_2020"[39m
                    [36m>[39m
                      [0m2020 COVID-19 Crash[0m
                    [36m</option>[39m
                    [36m<option[39m
                      [33mvalue[39m=[32m"inflation_2022"[39m
                    [36m>[39m
                      [0m2022 Inflation Spike[0m
                    [36m</option>[39m
                    [36m<option[39m
                      [33mvalue[39m=[32m"sector_shock_tech"[39m
                    [36m>[39m
                      [0mTech Sector Shock[0m
                    [36m</option>[39m
                  [36m</select>[39m
                  [36m<button[39m
                    [33mclass[39m=[32m"px-4 py-2 bg-cyan-500/10 border border-cyan-500/20 rounded-lg text-cyan-400 font-bold text-xs hover:bg-cyan-500/20 transition-all"[39m
                  [36m>[39m
                    [0mRUN[0m
                  [36m</button>[39m
                [36m</div>[39m
                [36m<div[39m
                  [33mclass[39m=[32m"flex items-center justify-center h-24 text-zinc-700 italic text-sm"[39m
                [36m>[39m
                  [0mSelect scenario to simulate impact[0m
                [36m</div>[39m
              [36m</div>[39m
            [36m</div>[39m
            [36m<span[39m
              [33mclass[39m=[32m"react-resizable-handle react-resizable-handle-se"[39m
            [36m/>[39m
          [36m</div>[39m
          [36m<div[39m
            [33mclass[39m=[32m"react-grid-item react-draggable cssTransforms react-resizable"[39m
            [33mstyle[39m=[32m"width: 625px; height: 690px; position: absolute; transform: translate(645px,510px); -webkit-transform: translate(645px,510px);"[39m
          [36m>[39m
            [36m<div[39m
              [33mclass[39m=[32m"glass-card glass-panel glass-card--default  glass-card--hoverable  h-full"[39m
            [36m>[39m
              [36m<div[39m
                [33mclass[39m=[32m"glass-card__content"[39m
              [36m>[39m
                [36m<div[39m
                  [33mclass[39m=[32m"glass-card-drag-handle"[39m
                [36m>[39m
                  [36m<h2[39m
                    [33mclass[39m=[32m"text-xl font-bold mb-4"[39m
                  [36m>[39m
                    [0mMonte Carlo Simulation[0m
                  [36m</h2>[39m
                [36m</div>[39m
                [36m<div[39m
                  [33mclass[39m=[32m"mb-6"[39m
                [36m>[39m
                  [36m<button[39m
                    [33mclass[39m=[32m"w-full py-3 bg-zinc-900 border border-zinc-800 rounded-xl text-zinc-400 font-bold text-xs hover:border-cyan-500/50 hover:text-white transition-all uppercase tracking-widest"[39m
                  [36m>[39m
                    [0mGENERATE 10K PATHS[0m
                  [36m</button>[39m
                [36m</div>[39m
                [36m<div[39m
                  [33mclass[39m=[32m"flex items-center justify-center h-24 text-zinc-700 italic text-sm"[39m
                [36m>[39m
                  [0mInitiate paths for probability analysis[0m
                [36m</div>[39m
              [36m</div>[39m
            [36m</div>[39m
            [36m<span[39m
              [33mclass[39m=[32m"react-resizable-handle react-resizable-handle-se"[39m
            [36m/>[39m
          [36m</div>[39m
        [36m</div>[39m
        [36m<div[39m
          [33mclass[39m=[32m"scroll-buffer-100"[39m
        [36m/>[39m
      [36m</div>[39m
    [36m</div>[39m
  [36m</div>[39m
[36m</body>[39m

[90mstdout[2m | tests/pages/AdvancedRiskDashboard.test.jsx[2m > [22m[2mAdvancedRiskDashboard[2m > [22m[2mshould display risk metrics
[22m[39m[36m<body>[39m
  [36m<div>[39m
    [36m<div[39m
      [33mclass[39m=[32m"full-bleed-page advanced-risk-dashboard"[39m
    [36m>[39m
      [36m<div[39m
        [33mclass[39m=[32m"dashboard-header"[39m
      [36m>[39m
        [36m<h1>[39m
          [0mAdvanced Risk Management[0m
        [36m</h1>[39m
        [36m<p[39m
          [33mclass[39m=[32m"subtitle"[39m
        [36m>[39m
          [0mPhase 3: Advanced Risk Management & Stress Testing[0m
        [36m</p>[39m
      [36m</div>[39m
      [36m<div[39m
        [33mclass[39m=[32m"scrollable-content-wrapper"[39m
      [36m>[39m
        [36m<div[39m
          [33mclass[39m=[32m"react-grid-layout layout"[39m
          [33mstyle[39m=[32m"height: 1210px;"[39m
        [36m>[39m
          [36m<div[39m
            [33mclass[39m=[32m"react-grid-item react-draggable cssTransforms react-resizable"[39m
            [33mstyle[39m=[32m"width: 1260px; height: 490px; position: absolute; transform: translate(10px,10px); -webkit-transform: translate(10px,10px);"[39m
          [36m>[39m
            [36m<div[39m
              [33mclass[39m=[32m"glass-card glass-panel glass-card--elevated  glass-card--hoverable  h-full"[39m
            [36m>[39m
              [36m<div[39m
                [33mclass[39m=[32m"glass-card__content"[39m
              [36m>[39m
                [36m<div[39m
                  [33mclass[39m=[32m"glass-card-drag-handle"[39m
                [36m>[39m
                  [36m<h2[39m
                    [33mclass[39m=[32m"text-xl font-bold mb-4"[39m
                  [36m>[39m
                    [0mRisk Metrics[0m
                  [36m</h2>[39m
                [36m</div>[39m
                [36m<div[39m
                  [33mclass[39m=[32m"grid grid-cols-2 md:grid-cols-3 gap-4"[39m
                [36m>[39m
                  [36m<div[39m
                    [33mclass[39m=[32m"p-4 bg-rose-500/5 rounded-2xl border border-rose-500/10"[39m
                  [36m>[39m
                    [36m<div[39m
                      [33mclass[39m=[32m"text-[10px] text-zinc-500 uppercase font-bold mb-1"[39m
                    [36m>[39m
                      [0mValue at Risk (VaR)[0m
                    [36m</div>[39m
                    [36m<div[39m
                      [33mclass[39m=[32m"text-2xl font-black text-rose-400"[39m
                    [36m>[39m
                      [0m$[0m
                      [0m0.05[0m
                    [36m</div>[39m
                    [36m<div[39m
                      [33mclass[39m=[32m"text-[10px] text-zinc-600 font-bold mt-1"[39m
                    [36m>[39m
                      [0m95% CONFIDENCE[0m
                    [36m</div>[39m
                  [36m</div>[39m
                  [36m<div[39m
                    [33mclass[39m=[32m"p-4 bg-orange-500/5 rounded-2xl border border-orange-500/10"[39m
                  [36m>[39m
                    [36m<div[39m
                      [33mclass[39m=[32m"text-[10px] text-zinc-500 uppercase font-bold mb-1"[39m
                    [36m>[39m
                      [0mExpected Tail Loss[0m
                    [36m</div>[39m
                    [36m<div[39m
                      [33mclass[39m=[32m"text-2xl font-black text-orange-400"[39m
                    [36m>[39m
                      [0m$[0m
                      [0m0.07[0m
                    [36m</div>[39m
                  [36m</div>[39m
                  [36m<div[39m
                    [33mclass[39m=[32m"p-4 bg-rose-500/5 rounded-2xl border border-rose-500/10"[39m
                  [36m>[39m
                    [36m<div[39m
                      [33mclass[39m=[32m"text-[10px] text-zinc-500 uppercase font-bold mb-1"[39m
                    [36m>[39m
                      [0mMax Drawdown[0m
                    [36m</div>[39m
                    [36m<div[39m
                      [33mclass[39m=[32m"text-2xl font-black text-rose-400"[39m
                    [36m>[39m
                      [0m12.00[0m
                      [0m%[0m
                    [36m</div>[39m
                  [36m</div>[39m
                  [36m<div[39m
                    [33mclass[39m=[32m"p-4 bg-emerald-500/5 rounded-2xl border border-emerald-500/10"[39m
                  [36m>[39m
                    [36m<div[39m
                      [33mclass[39m=[32m"text-[10px] text-zinc-500 uppercase font-bold mb-1"[39m
                    [36m>[39m
                      [0mSharpe Ratio[0m
                    [36m</div>[39m
                    [36m<div[39m
                      [33mclass[39m=[32m"text-2xl font-black text-emerald-400"[39m
                    [36m>[39m
                      [0m1.50[0m
                    [36m</div>[39m
                  [36m</div>[39m
                  [36m<div[39m
                    [33mclass[39m=[32m"p-4 bg-emerald-500/5 rounded-2xl border border-emerald-500/10"[39m
                  [36m>[39m
                    [36m<div[39m
                      [33mclass[39m=[32m"text-[10px] text-zinc-500 uppercase font-bold mb-1"[39m
                    [36m>[39m
                      [0mSortino Ratio[0m
                    [36m</div>[39m
                    [36m<div[39m
                      [33mclass[39m=[32m"text-2xl font-black text-emerald-400"[39m
                    [36m>[39m
                      [0m1.80[0m
                    [36m</div>[39m
                  [36m</div>[39m
                  [36m<div[39m
                    [33mclass[39m=[32m"p-4 bg-cyan-500/5 rounded-2xl border border-cyan-500/10"[39m
                  [36m>[39m
                    [36m<div[39m
                      [33mclass[39m=[32m"text-[10px] text-zinc-500 uppercase font-bold mb-1"[39m
                    [36m>[39m
                      [0mVol / Drawdown[0m
                    [36m</div>[39m
                    [36m<div[39m
                      [33mclass[39m=[32m"text-2xl font-black text-cyan-400"[39m
                    [36m>[39m
                      [0m1.20[0m
                    [36m</div>[39m
                  [36m</div>[39m
                [36m</div>[39m
              [36m</div>[39m
            [36m</div>[39m
            [36m<span[39m
              [33mclass[39m=[32m"react-resizable-handle react-resizable-handle-se"[39m
            [36m/>[39m
          [36m</div>[39m
          [36m<div[39m
            [33mclass[39m=[32m"react-grid-item react-draggable cssTransforms react-resizable"[39m
            [33mstyle[39m=[32m"width: 625px; height: 690px; position: absolute; transform: translate(10px,510px); -webkit-transform: translate(10px,510px);"[39m
          [36m>[39m
            [36m<div[39m
              [33mclass[39m=[32m"glass-card glass-panel glass-card--default  glass-card--hoverable  h-full"[39m
            [36m>[39m
              [36m<div[39m
                [33mclass[39m=[32m"glass-card__content"[39m
              [36m>[39m
                [36m<div[39m
                  [33mclass[39m=[32m"glass-card-drag-handle"[39m
                [36m>[39m
                  [36m<h2[39m
                    [33mclass[39m=[32m"text-xl font-bold mb-4"[39m
                  [36m>[39m
                    [0mStress Testing[0m
                  [36m</h2>[39m
                [36m</div>[39m
                [36m<div[39m
                  [33mclass[39m=[32m"flex gap-2 mb-6"[39m
                [36m>[39m
                  [36m<select[39m
                    [33mclass[39m=[32m"flex-1 bg-zinc-900 border border-zinc-800 rounded-lg px-4 py-2 text-sm text-white focus:outline-none focus:border-cyan-500/50"[39m
                  [36m>[39m
                    [36m<option[39m
                      [33mvalue[39m=[32m"market_crash_2008"[39m
                    [36m>[39m
                      [0m2008 Financial Crisis[0m
                    [36m</option>[39m
                    [36m<option[39m
                      [33mvalue[39m=[32m"covid_2020"[39m
                    [36m>[39m
                      [0m2020 COVID-19 Crash[0m
                    [36m</option>[39m
                    [36m<option[39m
                      [33mvalue[39m=[32m"inflation_2022"[39m
                    [36m>[39m
                      [0m2022 Inflation Spike[0m
                    [36m</option>[39m
                    [36m<option[39m
                      [33mvalue[39m=[32m"sector_shock_tech"[39m
                    [36m>[39m
                      [0mTech Sector Shock[0m
                    [36m</option>[39m
                  [36m</select>[39m
                  [36m<button[39m
                    [33mclass[39m=[32m"px-4 py-2 bg-cyan-500/10 border border-cyan-500/20 rounded-lg text-cyan-400 font-bold text-xs hover:bg-cyan-500/20 transition-all"[39m
                  [36m>[39m
                    [0mRUN[0m
                  [36m</button>[39m
                [36m</div>[39m
                [36m<div[39m
                  [33mclass[39m=[32m"flex items-center justify-center h-24 text-zinc-700 italic text-sm"[39m
                [36m>[39m
                  [0mSelect scenario to simulate impact[0m
                [36m</div>[39m
              [36m</div>[39m
            [36m</div>[39m
            [36m<span[39m
              [33mclass[39m=[32m"react-resizable-handle react-resizable-handle-se"[39m
            [36m/>[39m
          [36m</div>[39m
          [36m<div[39m
            [33mclass[39m=[32m"react-grid-item react-draggable cssTransforms react-resizable"[39m
            [33mstyle[39m=[32m"width: 625px; height: 690px; position: absolute; transform: translate(645px,510px); -webkit-transform: translate(645px,510px);"[39m
          [36m>[39m
            [36m<div[39m
              [33mclass[39m=[32m"glass-card glass-panel glass-card--default  glass-card--hoverable  h-full"[39m
            [36m>[39m
              [36m<div[39m
                [33mclass[39m=[32m"glass-card__content"[39m
              [36m>[39m
                [36m<div[39m
                  [33mclass[39m=[32m"glass-card-drag-handle"[39m
                [36m>[39m
                  [36m<h2[39m
                    [33mclass[39m=[32m"text-xl font-bold mb-4"[39m
                  [36m>[39m
                    [0mMonte Carlo Simulation[0m
                  [36m</h2>[39m
                [36m</div>[39m
                [36m<div[39m
                  [33mclass[39m=[32m"mb-6"[39m
                [36m>[39m
                  [36m<button[39m
                    [33mclass[39m=[32m"w-full py-3 bg-zinc-900 border border-zinc-800 rounded-xl text-zinc-400 font-bold text-xs hover:border-cyan-500/50 hover:text-white transition-all uppercase tracking-widest"[39m
                  [36m>[39m
                    [0mGENERATE 10K PATHS[0m
                  [36m</button>[39m
                [36m</div>[39m
                [36m<div[39m
                  [33mclass[39m=[32m"flex items-center justify-center h-24 text-zinc-700 italic text-sm"[39m
                [36m>[39m
                  [0mInitiate paths for probability analysis[0m
                [36m</div>[39m
              [36m</div>[39m
            [36m</div>[39m
            [36m<span[39m
              [33mclass[39m=[32m"react-resizable-handle react-resizable-handle-se"[39m
            [36m/>[39m
          [36m</div>[39m
        [36m</div>[39m
        [36m<div[39m
          [33mclass[39m=[32m"scroll-buffer-100"[39m
        [36m/>[39m
      [36m</div>[39m
    [36m</div>[39m
  [36m</div>[39m
[36m</body>[39m

[90mstdout[2m | tests/pages/AdvancedRiskDashboard.test.jsx[2m > [22m[2mAdvancedRiskDashboard[2m > [22m[2mshould display risk metrics
[22m[39m[36m<body>[39m
  [36m<div>[39m
    [36m<div[39m
      [33mclass[39m=[32m"full-bleed-page advanced-risk-dashboard"[39m
    [36m>[39m
      [36m<div[39m
        [33mclass[39m=[32m"dashboard-header"[39m
      [36m>[39m
        [36m<h1>[39m
          [0mAdvanced Risk Management[0m
        [36m</h1>[39m
        [36m<p[39m
          [33mclass[39m=[32m"subtitle"[39m
        [36m>[39m
          [0mPhase 3: Advanced Risk Management & Stress Testing[0m
        [36m</p>[39m
      [36m</div>[39m
      [36m<div[39m
        [33mclass[39m=[32m"scrollable-content-wrapper"[39m
      [36m>[39m
        [36m<div[39m
          [33mclass[39m=[32m"react-grid-layout layout"[39m
          [33mstyle[39m=[32m"height: 1210px;"[39m
        [36m>[39m
          [36m<div[39m
            [33mclass[39m=[32m"react-grid-item react-draggable cssTransforms react-resizable"[39m
            [33mstyle[39m=[32m"width: 1260px; height: 490px; position: absolute; transform: translate(10px,10px); -webkit-transform: translate(10px,10px);"[39m
          [36m>[39m
            [36m<div[39m
              [33mclass[39m=[32m"glass-card glass-panel glass-card--elevated  glass-card--hoverable  h-full"[39m
            [36m>[39m
              [36m<div[39m
                [33mclass[39m=[32m"glass-card__content"[39m
              [36m>[39m
                [36m<div[39m
                  [33mclass[39m=[32m"glass-card-drag-handle"[39m
                [36m>[39m
                  [36m<h2[39m
                    [33mclass[39m=[32m"text-xl font-bold mb-4"[39m
                  [36m>[39m
                    [0mRisk Metrics[0m
                  [36m</h2>[39m
                [36m</div>[39m
                [36m<div[39m
                  [33mclass[39m=[32m"grid grid-cols-2 md:grid-cols-3 gap-4"[39m
                [36m>[39m
                  [36m<div[39m
                    [33mclass[39m=[32m"p-4 bg-rose-500/5 rounded-2xl border border-rose-500/10"[39m
                  [36m>[39m
                    [36m<div[39m
                      [33mclass[39m=[32m"text-[10px] text-zinc-500 uppercase font-bold mb-1"[39m
                    [36m>[39m
                      [0mValue at Risk (VaR)[0m
                    [36m</div>[39m
                    [36m<div[39m
                      [33mclass[39m=[32m"text-2xl font-black text-rose-400"[39m
                    [36m>[39m
                      [0m$[0m
                      [0m0.05[0m
                    [36m</div>[39m
                    [36m<div[39m
                      [33mclass[39m=[32m"text-[10px] text-zinc-600 font-bold mt-1"[39m
                    [36m>[39m
                      [0m95% CONFIDENCE[0m
                    [36m</div>[39m
                  [36m</div>[39m
                  [36m<div[39m
                    [33mclass[39m=[32m"p-4 bg-orange-500/5 rounded-2xl border border-orange-500/10"[39m
                  [36m>[39m
                    [36m<div[39m
                      [33mclass[39m=[32m"text-[10px] text-zinc-500 uppercase font-bold mb-1"[39m
                    [36m>[39m
                      [0mExpected Tail Loss[0m
                    [36m</div>[39m
                    [36m<div[39m
                      [33mclass[39m=[32m"text-2xl font-black text-orange-400"[39m
                    [36m>[39m
                      [0m$[0m
                      [0m0.07[0m
                    [36m</div>[39m
                  [36m</div>[39m
                  [36m<div[39m
                    [33mclass[39m=[32m"p-4 bg-rose-500/5 rounded-2xl border border-rose-500/10"[39m
                  [36m>[39m
                    [36m<div[39m
                      [33mclass[39m=[32m"text-[10px] text-zinc-500 uppercase font-bold mb-1"[39m
                    [36m>[39m
                      [0mMax Drawdown[0m
                    [36m</div>[39m
                    [36m<div[39m
                      [33mclass[39m=[32m"text-2xl font-black text-rose-400"[39m
                    [36m>[39m
                      [0m12.00[0m
                      [0m%[0m
                    [36m</div>[39m
                  [36m</div>[39m
                  [36m<div[39m
                    [33mclass[39m=[32m"p-4 bg-emerald-500/5 rounded-2xl border border-emerald-500/10"[39m
                  [36m>[39m
                    [36m<div[39m
                      [33mclass[39m=[32m"text-[10px] text-zinc-500 uppercase font-bold mb-1"[39m
                    [36m>[39m
                      [0mSharpe Ratio[0m
                    [36m</div>[39m
                    [36m<div[39m
                      [33mclass[39m=[32m"text-2xl font-black text-emerald-400"[39m
                    [36m>[39m
                      [0m1.50[0m
                    [36m</div>[39m
                  [36m</div>[39m
                  [36m<div[39m
                    [33mclass[39m=[32m"p-4 bg-emerald-500/5 rounded-2xl border border-emerald-500/10"[39m
                  [36m>[39m
                    [36m<div[39m
                      [33mclass[39m=[32m"text-[10px] text-zinc-500 uppercase font-bold mb-1"[39m
                    [36m>[39m
                      [0mSortino Ratio[0m
                    [36m</div>[39m
                    [36m<div[39m
                      [33mclass[39m=[32m"text-2xl font-black text-emerald-400"[39m
                    [36m>[39m
                      [0m1.80[0m
                    [36m</div>[39m
                  [36m</div>[39m
                  [36m<div[39m
                    [33mclass[39m=[32m"p-4 bg-cyan-500/5 rounded-2xl border border-cyan-500/10"[39m
                  [36m>[39m
                    [36m<div[39m
                      [33mclass[39m=[32m"text-[10px] text-zinc-500 uppercase font-bold mb-1"[39m
                    [36m>[39m
                      [0mVol / Drawdown[0m
                    [36m</div>[39m
                    [36m<div[39m
                      [33mclass[39m=[32m"text-2xl font-black text-cyan-400"[39m
                    [36m>[39m
                      [0m1.20[0m
                    [36m</div>[39m
                  [36m</div>[39m
                [36m</div>[39m
              [36m</div>[39m
            [36m</div>[39m
            [36m<span[39m
              [33mclass[39m=[32m"react-resizable-handle react-resizable-handle-se"[39m
            [36m/>[39m
          [36m</div>[39m
          [36m<div[39m
            [33mclass[39m=[32m"react-grid-item react-draggable cssTransforms react-resizable"[39m
            [33mstyle[39m=[32m"width: 625px; height: 690px; position: absolute; transform: translate(10px,510px); -webkit-transform: translate(10px,510px);"[39m
          [36m>[39m
            [36m<div[39m
              [33mclass[39m=[32m"glass-card glass-panel glass-card--default  glass-card--hoverable  h-full"[39m
            [36m>[39m
              [36m<div[39m
                [33mclass[39m=[32m"glass-card__content"[39m
              [36m>[39m
                [36m<div[39m
                  [33mclass[39m=[32m"glass-card-drag-handle"[39m
                [36m>[39m
                  [36m<h2[39m
                    [33mclass[39m=[32m"text-xl font-bold mb-4"[39m
                  [36m>[39m
                    [0mStress Testing[0m
                  [36m</h2>[39m
                [36m</div>[39m
                [36m<div[39m
                  [33mclass[39m=[32m"flex gap-2 mb-6"[39m
                [36m>[39m
                  [36m<select[39m
                    [33mclass[39m=[32m"flex-1 bg-zinc-900 border border-zinc-800 rounded-lg px-4 py-2 text-sm text-white focus:outline-none focus:border-cyan-500/50"[39m
                  [36m>[39m
                    [36m<option[39m
                      [33mvalue[39m=[32m"market_crash_2008"[39m
                    [36m>[39m
                      [0m2008 Financial Crisis[0m
                    [36m</option>[39m
                    [36m<option[39m
                      [33mvalue[39m=[32m"covid_2020"[39m
                    [36m>[39m
                      [0m2020 COVID-19 Crash[0m
                    [36m</option>[39m
                    [36m<option[39m
                      [33mvalue[39m=[32m"inflation_2022"[39m
                    [36m>[39m
                      [0m2022 Inflation Spike[0m
                    [36m</option>[39m
                    [36m<option[39m
                      [33mvalue[39m=[32m"sector_shock_tech"[39m
                    [36m>[39m
                      [0mTech Sector Shock[0m
                    [36m</option>[39m
                  [36m</select>[39m
                  [36m<button[39m
                    [33mclass[39m=[32m"px-4 py-2 bg-cyan-500/10 border border-cyan-500/20 rounded-lg text-cyan-400 font-bold text-xs hover:bg-cyan-500/20 transition-all"[39m
                  [36m>[39m
                    [0mRUN[0m
                  [36m</button>[39m
                [36m</div>[39m
                [36m<div[39m
                  [33mclass[39m=[32m"flex items-center justify-center h-24 text-zinc-700 italic text-sm"[39m
                [36m>[39m
                  [0mSelect scenario to simulate impact[0m
                [36m</div>[39m
              [36m</div>[39m
            [36m</div>[39m
            [36m<span[39m
              [33mclass[39m=[32m"react-resizable-handle react-resizable-handle-se"[39m
            [36m/>[39m
          [36m</div>[39m
          [36m<div[39m
            [33mclass[39m=[32m"react-grid-item react-draggable cssTransforms react-resizable"[39m
            [33mstyle[39m=[32m"width: 625px; height: 690px; position: absolute; transform: translate(645px,510px); -webkit-transform: translate(645px,510px);"[39m
          [36m>[39m
            [36m<div[39m
              [33mclass[39m=[32m"glass-card glass-panel glass-card--default  glass-card--hoverable  h-full"[39m
            [36m>[39m
              [36m<div[39m
                [33mclass[39m=[32m"glass-card__content"[39m
              [36m>[39m
                [36m<div[39m
                  [33mclass[39m=[32m"glass-card-drag-handle"[39m
                [36m>[39m
                  [36m<h2[39m
                    [33mclass[39m=[32m"text-xl font-bold mb-4"[39m
                  [36m>[39m
                    [0mMonte Carlo Simulation[0m
                  [36m</h2>[39m
                [36m</div>[39m
                [36m<div[39m
                  [33mclass[39m=[32m"mb-6"[39m
                [36m>[39m
                  [36m<button[39m
                    [33mclass[39m=[32m"w-full py-3 bg-zinc-900 border border-zinc-800 rounded-xl text-zinc-400 font-bold text-xs hover:border-cyan-500/50 hover:text-white transition-all uppercase tracking-widest"[39m
                  [36m>[39m
                    [0mGENERATE 10K PATHS[0m
                  [36m</button>[39m
                [36m</div>[39m
                [36m<div[39m
                  [33mclass[39m=[32m"flex items-center justify-center h-24 text-zinc-700 italic text-sm"[39m
                [36m>[39m
                  [0mInitiate paths for probability analysis[0m
                [36m</div>[39m
              [36m</div>[39m
            [36m</div>[39m
            [36m<span[39m
              [33mclass[39m=[32m"react-resizable-handle react-resizable-handle-se"[39m
            [36m/>[39m
          [36m</div>[39m
        [36m</div>[39m
        [36m<div[39m
          [33mclass[39m=[32m"scroll-buffer-100"[39m
        [36m/>[39m
      [36m</div>[39m
    [36m</div>[39m
  [36m</div>[39m
[36m</body>[39m

[90mstdout[2m | tests/pages/AdvancedRiskDashboard.test.jsx[2m > [22m[2mAdvancedRiskDashboard[2m > [22m[2mshould display risk metrics
[22m[39m[36m<body>[39m
  [36m<div>[39m
    [36m<div[39m
      [33mclass[39m=[32m"full-bleed-page advanced-risk-dashboard"[39m
    [36m>[39m
      [36m<div[39m
        [33mclass[39m=[32m"dashboard-header"[39m
      [36m>[39m
        [36m<h1>[39m
          [0mAdvanced Risk Management[0m
        [36m</h1>[39m
        [36m<p[39m
          [33mclass[39m=[32m"subtitle"[39m
        [36m>[39m
          [0mPhase 3: Advanced Risk Management & Stress Testing[0m
        [36m</p>[39m
      [36m</div>[39m
      [36m<div[39m
        [33mclass[39m=[32m"scrollable-content-wrapper"[39m
      [36m>[39m
        [36m<div[39m
          [33mclass[39m=[32m"react-grid-layout layout"[39m
          [33mstyle[39m=[32m"height: 1210px;"[39m
        [36m>[39m
          [36m<div[39m
            [33mclass[39m=[32m"react-grid-item react-draggable cssTransforms react-resizable"[39m
            [33mstyle[39m=[32m"width: 1260px; height: 490px; position: absolute; transform: translate(10px,10px); -webkit-transform: translate(10px,10px);"[39m
          [36m>[39m
            [36m<div[39m
              [33mclass[39m=[32m"glass-card glass-panel glass-card--elevated  glass-card--hoverable  h-full"[39m
            [36m>[39m
              [36m<div[39m
                [33mclass[39m=[32m"glass-card__content"[39m
              [36m>[39m
                [36m<div[39m
                  [33mclass[39m=[32m"glass-card-drag-handle"[39m
                [36m>[39m
                  [36m<h2[39m
                    [33mclass[39m=[32m"text-xl font-bold mb-4"[39m
                  [36m>[39m
                    [0mRisk Metrics[0m
                  [36m</h2>[39m
                [36m</div>[39m
                [36m<div[39m
                  [33mclass[39m=[32m"grid grid-cols-2 md:grid-cols-3 gap-4"[39m
                [36m>[39m
                  [36m<div[39m
                    [33mclass[39m=[32m"p-4 bg-rose-500/5 rounded-2xl border border-rose-500/10"[39m
                  [36m>[39m
                    [36m<div[39m
                      [33mclass[39m=[32m"text-[10px] text-zinc-500 uppercase font-bold mb-1"[39m
                    [36m>[39m
                      [0mValue at Risk (VaR)[0m
                    [36m</div>[39m
                    [36m<div[39m
                      [33mclass[39m=[32m"text-2xl font-black text-rose-400"[39m
                    [36m>[39m
                      [0m$[0m
                      [0m0.05[0m
                    [36m</div>[39m
                    [36m<div[39m
                      [33mclass[39m=[32m"text-[10px] text-zinc-600 font-bold mt-1"[39m
                    [36m>[39m
                      [0m95% CONFIDENCE[0m
                    [36m</div>[39m
                  [36m</div>[39m
                  [36m<div[39m
                    [33mclass[39m=[32m"p-4 bg-orange-500/5 rounded-2xl border border-orange-500/10"[39m
                  [36m>[39m
                    [36m<div[39m
                      [33mclass[39m=[32m"text-[10px] text-zinc-500 uppercase font-bold mb-1"[39m
                    [36m>[39m
                      [0mExpected Tail Loss[0m
                    [36m</div>[39m
                    [36m<div[39m
                      [33mclass[39m=[32m"text-2xl font-black text-orange-400"[39m
                    [36m>[39m
                      [0m$[0m
                      [0m0.07[0m
                    [36m</div>[39m
                  [36m</div>[39m
                  [36m<div[39m
                    [33mclass[39m=[32m"p-4 bg-rose-500/5 rounded-2xl border border-rose-500/10"[39m
                  [36m>[39m
                    [36m<div[39m
                      [33mclass[39m=[32m"text-[10px] text-zinc-500 uppercase font-bold mb-1"[39m
                    [36m>[39m
                      [0mMax Drawdown[0m
                    [36m</div>[39m
                    [36m<div[39m
                      [33mclass[39m=[32m"text-2xl font-black text-rose-400"[39m
                    [36m>[39m
                      [0m12.00[0m
                      [0m%[0m
                    [36m</div>[39m
                  [36m</div>[39m
                  [36m<div[39m
                    [33mclass[39m=[32m"p-4 bg-emerald-500/5 rounded-2xl border border-emerald-500/10"[39m
                  [36m>[39m
                    [36m<div[39m
                      [33mclass[39m=[32m"text-[10px] text-zinc-500 uppercase font-bold mb-1"[39m
                    [36m>[39m
                      [0mSharpe Ratio[0m
                    [36m</div>[39m
                    [36m<div[39m
                      [33mclass[39m=[32m"text-2xl font-black text-emerald-400"[39m
                    [36m>[39m
                      [0m1.50[0m
                    [36m</div>[39m
                  [36m</div>[39m
                  [36m<div[39m
                    [33mclass[39m=[32m"p-4 bg-emerald-500/5 rounded-2xl border border-emerald-500/10"[39m
                  [36m>[39m
                    [36m<div[39m
                      [33mclass[39m=[32m"text-[10px] text-zinc-500 uppercase font-bold mb-1"[39m
                    [36m>[39m
                      [0mSortino Ratio[0m
                    [36m</div>[39m
                    [36m<div[39m
                      [33mclass[39m=[32m"text-2xl font-black text-emerald-400"[39m
                    [36m>[39m
                      [0m1.80[0m
                    [36m</div>[39m
                  [36m</div>[39m
                  [36m<div[39m
                    [33mclass[39m=[32m"p-4 bg-cyan-500/5 rounded-2xl border border-cyan-500/10"[39m
                  [36m>[39m
                    [36m<div[39m
                      [33mclass[39m=[32m"text-[10px] text-zinc-500 uppercase font-bold mb-1"[39m
                    [36m>[39m
                      [0mVol / Drawdown[0m
                    [36m</div>[39m
                    [36m<div[39m
                      [33mclass[39m=[32m"text-2xl font-black text-cyan-400"[39m
                    [36m>[39m
                      [0m1.20[0m
                    [36m</div>[39m
                  [36m</div>[39m
                [36m</div>[39m
              [36m</div>[39m
            [36m</div>[39m
            [36m<span[39m
              [33mclass[39m=[32m"react-resizable-handle react-resizable-handle-se"[39m
            [36m/>[39m
          [36m</div>[39m
          [36m<div[39m
            [33mclass[39m=[32m"react-grid-item react-draggable cssTransforms react-resizable"[39m
            [33mstyle[39m=[32m"width: 625px; height: 690px; position: absolute; transform: translate(10px,510px); -webkit-transform: translate(10px,510px);"[39m
          [36m>[39m
            [36m<div[39m
              [33mclass[39m=[32m"glass-card glass-panel glass-card--default  glass-card--hoverable  h-full"[39m
            [36m>[39m
              [36m<div[39m
                [33mclass[39m=[32m"glass-card__content"[39m
              [36m>[39m
                [36m<div[39m
                  [33mclass[39m=[32m"glass-card-drag-handle"[39m
                [36m>[39m
                  [36m<h2[39m
                    [33mclass[39m=[32m"text-xl font-bold mb-4"[39m
                  [36m>[39m
                    [0mStress Testing[0m
                  [36m</h2>[39m
                [36m</div>[39m
                [36m<div[39m
                  [33mclass[39m=[32m"flex gap-2 mb-6"[39m
                [36m>[39m
                  [36m<select[39m
                    [33mclass[39m=[32m"flex-1 bg-zinc-900 border border-zinc-800 rounded-lg px-4 py-2 text-sm text-white focus:outline-none focus:border-cyan-500/50"[39m
                  [36m>[39m
                    [36m<option[39m
                      [33mvalue[39m=[32m"market_crash_2008"[39m
                    [36m>[39m
                      [0m2008 Financial Crisis[0m
                    [36m</option>[39m
                    [36m<option[39m
                      [33mvalue[39m=[32m"covid_2020"[39m
                    [36m>[39m
                      [0m2020 COVID-19 Crash[0m
                    [36m</option>[39m
                    [36m<option[39m
                      [33mvalue[39m=[32m"inflation_2022"[39m
                    [36m>[39m
                      [0m2022 Inflation Spike[0m
                    [36m</option>[39m
                    [36m<option[39m
                      [33mvalue[39m=[32m"sector_shock_tech"[39m
                    [36m>[39m
                      [0mTech Sector Shock[0m
                    [36m</option>[39m
                  [36m</select>[39m
                  [36m<button[39m
                    [33mclass[39m=[32m"px-4 py-2 bg-cyan-500/10 border border-cyan-500/20 rounded-lg text-cyan-400 font-bold text-xs hover:bg-cyan-500/20 transition-all"[39m
                  [36m>[39m
                    [0mRUN[0m
                  [36m</button>[39m
                [36m</div>[39m
                [36m<div[39m
                  [33mclass[39m=[32m"flex items-center justify-center h-24 text-zinc-700 italic text-sm"[39m
                [36m>[39m
                  [0mSelect scenario to simulate impact[0m
                [36m</div>[39m
              [36m</div>[39m
            [36m</div>[39m
            [36m<span[39m
              [33mclass[39m=[32m"react-resizable-handle react-resizable-handle-se"[39m
            [36m/>[39m
          [36m</div>[39m
          [36m<div[39m
            [33mclass[39m=[32m"react-grid-item react-draggable cssTransforms react-resizable"[39m
            [33mstyle[39m=[32m"width: 625px; height: 690px; position: absolute; transform: translate(645px,510px); -webkit-transform: translate(645px,510px);"[39m
          [36m>[39m
            [36m<div[39m
              [33mclass[39m=[32m"glass-card glass-panel glass-card--default  glass-card--hoverable  h-full"[39m
            [36m>[39m
              [36m<div[39m
                [33mclass[39m=[32m"glass-card__content"[39m
              [36m>[39m
                [36m<div[39m
                  [33mclass[39m=[32m"glass-card-drag-handle"[39m
                [36m>[39m
                  [36m<h2[39m
                    [33mclass[39m=[32m"text-xl font-bold mb-4"[39m
                  [36m>[39m
                    [0mMonte Carlo Simulation[0m
                  [36m</h2>[39m
                [36m</div>[39m
                [36m<div[39m
                  [33mclass[39m=[32m"mb-6"[39m
                [36m>[39m
                  [36m<button[39m
                    [33mclass[39m=[32m"w-full py-3 bg-zinc-900 border border-zinc-800 rounded-xl text-zinc-400 font-bold text-xs hover:border-cyan-500/50 hover:text-white transition-all uppercase tracking-widest"[39m
                  [36m>[39m
                    [0mGENERATE 10K PATHS[0m
                  [36m</button>[39m
                [36m</div>[39m
                [36m<div[39m
                  [33mclass[39m=[32m"flex items-center justify-center h-24 text-zinc-700 italic text-sm"[39m
                [36m>[39m
                  [0mInitiate paths for probability analysis[0m
                [36m</div>[39m
              [36m</div>[39m
            [36m</div>[39m
            [36m<span[39m
              [33mclass[39m=[32m"react-resizable-handle react-resizable-handle-se"[39m
            [36m/>[39m
          [36m</div>[39m
        [36m</div>[39m
        [36m<div[39m
          [33mclass[39m=[32m"scroll-buffer-100"[39m
        [36m/>[39m
      [36m</div>[39m
    [36m</div>[39m
  [36m</div>[39m
[36m</body>[39m

[90mstdout[2m | tests/pages/AdvancedRiskDashboard.test.jsx[2m > [22m[2mAdvancedRiskDashboard[2m > [22m[2mshould display risk metrics
[22m[39m[36m<body>[39m
  [36m<div>[39m
    [36m<div[39m
      [33mclass[39m=[32m"full-bleed-page advanced-risk-dashboard"[39m
    [36m>[39m
      [36m<div[39m
        [33mclass[39m=[32m"dashboard-header"[39m
      [36m>[39m
        [36m<h1>[39m
          [0mAdvanced Risk Management[0m
        [36m</h1>[39m
        [36m<p[39m
          [33mclass[39m=[32m"subtitle"[39m
        [36m>[39m
          [0mPhase 3: Advanced Risk Management & Stress Testing[0m
        [36m</p>[39m
      [36m</div>[39m
      [36m<div[39m
        [33mclass[39m=[32m"scrollable-content-wrapper"[39m
      [36m>[39m
        [36m<div[39m
          [33mclass[39m=[32m"react-grid-layout layout"[39m
          [33mstyle[39m=[32m"height: 1210px;"[39m
        [36m>[39m
          [36m<div[39m
            [33mclass[39m=[32m"react-grid-item react-draggable cssTransforms react-resizable"[39m
            [33mstyle[39m=[32m"width: 1260px; height: 490px; position: absolute; transform: translate(10px,10px); -webkit-transform: translate(10px,10px);"[39m
          [36m>[39m
            [36m<div[39m
              [33mclass[39m=[32m"glass-card glass-panel glass-card--elevated  glass-card--hoverable  h-full"[39m
            [36m>[39m
              [36m<div[39m
                [33mclass[39m=[32m"glass-card__content"[39m
              [36m>[39m
                [36m<div[39m
                  [33mclass[39m=[32m"glass-card-drag-handle"[39m
                [36m>[39m
                  [36m<h2[39m
                    [33mclass[39m=[32m"text-xl font-bold mb-4"[39m
                  [36m>[39m
                    [0mRisk Metrics[0m
                  [36m</h2>[39m
                [36m</div>[39m
                [36m<div[39m
                  [33mclass[39m=[32m"grid grid-cols-2 md:grid-cols-3 gap-4"[39m
                [36m>[39m
                  [36m<div[39m
                    [33mclass[39m=[32m"p-4 bg-rose-500/5 rounded-2xl border border-rose-500/10"[39m
                  [36m>[39m
                    [36m<div[39m
                      [33mclass[39m=[32m"text-[10px] text-zinc-500 uppercase font-bold mb-1"[39m
                    [36m>[39m
                      [0mValue at Risk (VaR)[0m
                    [36m</div>[39m
                    [36m<div[39m
                      [33mclass[39m=[32m"text-2xl font-black text-rose-400"[39m
                    [36m>[39m
                      [0m$[0m
                      [0m0.05[0m
                    [36m</div>[39m
                    [36m<div[39m
                      [33mclass[39m=[32m"text-[10px] text-zinc-600 font-bold mt-1"[39m
                    [36m>[39m
                      [0m95% CONFIDENCE[0m
                    [36m</div>[39m
                  [36m</div>[39m
                  [36m<div[39m
                    [33mclass[39m=[32m"p-4 bg-orange-500/5 rounded-2xl border border-orange-500/10"[39m
                  [36m>[39m
                    [36m<div[39m
                      [33mclass[39m=[32m"text-[10px] text-zinc-500 uppercase font-bold mb-1"[39m
                    [36m>[39m
                      [0mExpected Tail Loss[0m
                    [36m</div>[39m
                    [36m<div[39m
                      [33mclass[39m=[32m"text-2xl font-black text-orange-400"[39m
                    [36m>[39m
                      [0m$[0m
                      [0m0.07[0m
                    [36m</div>[39m
                  [36m</div>[39m
                  [36m<div[39m
                    [33mclass[39m=[32m"p-4 bg-rose-500/5 rounded-2xl border border-rose-500/10"[39m
                  [36m>[39m
                    [36m<div[39m
                      [33mclass[39m=[32m"text-[10px] text-zinc-500 uppercase font-bold mb-1"[39m
                    [36m>[39m
                      [0mMax Drawdown[0m
                    [36m</div>[39m
                    [36m<div[39m
                      [33mclass[39m=[32m"text-2xl font-black text-rose-400"[39m
                    [36m>[39m
                      [0m12.00[0m
                      [0m%[0m
                    [36m</div>[39m
                  [36m</div>[39m
                  [36m<div[39m
                    [33mclass[39m=[32m"p-4 bg-emerald-500/5 rounded-2xl border border-emerald-500/10"[39m
                  [36m>[39m
                    [36m<div[39m
                      [33mclass[39m=[32m"text-[10px] text-zinc-500 uppercase font-bold mb-1"[39m
                    [36m>[39m
                      [0mSharpe Ratio[0m
                    [36m</div>[39m
                    [36m<div[39m
                      [33mclass[39m=[32m"text-2xl font-black text-emerald-400"[39m
                    [36m>[39m
                      [0m1.50[0m
                    [36m</div>[39m
                  [36m</div>[39m
                  [36m<div[39m
                    [33mclass[39m=[32m"p-4 bg-emerald-500/5 rounded-2xl border border-emerald-500/10"[39m
                  [36m>[39m
                    [36m<div[39m
                      [33mclass[39m=[32m"text-[10px] text-zinc-500 uppercase font-bold mb-1"[39m
                    [36m>[39m
                      [0mSortino Ratio[0m
                    [36m</div>[39m
                    [36m<div[39m
                      [33mclass[39m=[32m"text-2xl font-black text-emerald-400"[39m
                    [36m>[39m
                      [0m1.80[0m
                    [36m</div>[39m
                  [36m</div>[39m
                  [36m<div[39m
                    [33mclass[39m=[32m"p-4 bg-cyan-500/5 rounded-2xl border border-cyan-500/10"[39m
                  [36m>[39m
                    [36m<div[39m
                      [33mclass[39m=[32m"text-[10px] text-zinc-500 uppercase font-bold mb-1"[39m
                    [36m>[39m
                      [0mVol / Drawdown[0m
                    [36m</div>[39m
                    [36m<div[39m
                      [33mclass[39m=[32m"text-2xl font-black text-cyan-400"[39m
                    [36m>[39m
                      [0m1.20[0m
                    [36m</div>[39m
                  [36m</div>[39m
                [36m</div>[39m
              [36m</div>[39m
            [36m</div>[39m
            [36m<span[39m
              [33mclass[39m=[32m"react-resizable-handle react-resizable-handle-se"[39m
            [36m/>[39m
          [36m</div>[39m
          [36m<div[39m
            [33mclass[39m=[32m"react-grid-item react-draggable cssTransforms react-resizable"[39m
            [33mstyle[39m=[32m"width: 625px; height: 690px; position: absolute; transform: translate(10px,510px); -webkit-transform: translate(10px,510px);"[39m
          [36m>[39m
            [36m<div[39m
              [33mclass[39m=[32m"glass-card glass-panel glass-card--default  glass-card--hoverable  h-full"[39m
            [36m>[39m
              [36m<div[39m
                [33mclass[39m=[32m"glass-card__content"[39m
              [36m>[39m
                [36m<div[39m
                  [33mclass[39m=[32m"glass-card-drag-handle"[39m
                [36m>[39m
                  [36m<h2[39m
                    [33mclass[39m=[32m"text-xl font-bold mb-4"[39m
                  [36m>[39m
                    [0mStress Testing[0m
                  [36m</h2>[39m
                [36m</div>[39m
                [36m<div[39m
                  [33mclass[39m=[32m"flex gap-2 mb-6"[39m
                [36m>[39m
                  [36m<select[39m
                    [33mclass[39m=[32m"flex-1 bg-zinc-900 border border-zinc-800 rounded-lg px-4 py-2 text-sm text-white focus:outline-none focus:border-cyan-500/50"[39m
                  [36m>[39m
                    [36m<option[39m
                      [33mvalue[39m=[32m"market_crash_2008"[39m
                    [36m>[39m
                      [0m2008 Financial Crisis[0m
                    [36m</option>[39m
                    [36m<option[39m
                      [33mvalue[39m=[32m"covid_2020"[39m
                    [36m>[39m
                      [0m2020 COVID-19 Crash[0m
                    [36m</option>[39m
                    [36m<option[39m
                      [33mvalue[39m=[32m"inflation_2022"[39m
                    [36m>[39m
                      [0m2022 Inflation Spike[0m
                    [36m</option>[39m
                    [36m<option[39m
                      [33mvalue[39m=[32m"sector_shock_tech"[39m
                    [36m>[39m
                      [0mTech Sector Shock[0m
                    [36m</option>[39m
                  [36m</select>[39m
                  [36m<button[39m
                    [33mclass[39m=[32m"px-4 py-2 bg-cyan-500/10 border border-cyan-500/20 rounded-lg text-cyan-400 font-bold text-xs hover:bg-cyan-500/20 transition-all"[39m
                  [36m>[39m
                    [0mRUN[0m
                  [36m</button>[39m
                [36m</div>[39m
                [36m<div[39m
                  [33mclass[39m=[32m"flex items-center justify-center h-24 text-zinc-700 italic text-sm"[39m
                [36m>[39m
                  [0mSelect scenario to simulate impact[0m
                [36m</div>[39m
              [36m</div>[39m
            [36m</div>[39m
            [36m<span[39m
              [33mclass[39m=[32m"react-resizable-handle react-resizable-handle-se"[39m
            [36m/>[39m
          [36m</div>[39m
          [36m<div[39m
            [33mclass[39m=[32m"react-grid-item react-draggable cssTransforms react-resizable"[39m
            [33mstyle[39m=[32m"width: 625px; height: 690px; position: absolute; transform: translate(645px,510px); -webkit-transform: translate(645px,510px);"[39m
          [36m>[39m
            [36m<div[39m
              [33mclass[39m=[32m"glass-card glass-panel glass-card--default  glass-card--hoverable  h-full"[39m
            [36m>[39m
              [36m<div[39m
                [33mclass[39m=[32m"glass-card__content"[39m
              [36m>[39m
                [36m<div[39m
                  [33mclass[39m=[32m"glass-card-drag-handle"[39m
                [36m>[39m
                  [36m<h2[39m
                    [33mclass[39m=[32m"text-xl font-bold mb-4"[39m
                  [36m>[39m
                    [0mMonte Carlo Simulation[0m
                  [36m</h2>[39m
                [36m</div>[39m
                [36m<div[39m
                  [33mclass[39m=[32m"mb-6"[39m
                [36m>[39m
                  [36m<button[39m
                    [33mclass[39m=[32m"w-full py-3 bg-zinc-900 border border-zinc-800 rounded-xl text-zinc-400 font-bold text-xs hover:border-cyan-500/50 hover:text-white transition-all uppercase tracking-widest"[39m
                  [36m>[39m
                    [0mGENERATE 10K PATHS[0m
                  [36m</button>[39m
                [36m</div>[39m
                [36m<div[39m
                  [33mclass[39m=[32m"flex items-center justify-center h-24 text-zinc-700 italic text-sm"[39m
                [36m>[39m
                  [0mInitiate paths for probability analysis[0m
                [36m</div>[39m
              [36m</div>[39m
            [36m</div>[39m
            [36m<span[39m
              [33mclass[39m=[32m"react-resizable-handle react-resizable-handle-se"[39m
            [36m/>[39m
          [36m</div>[39m
        [36m</div>[39m
        [36m<div[39m
          [33mclass[39m=[32m"scroll-buffer-100"[39m
        [36m/>[39m
      [36m</div>[39m
    [36m</div>[39m
  [36m</div>[39m
[36m</body>[39m

[90mstdout[2m | tests/pages/AdvancedRiskDashboard.test.jsx[2m > [22m[2mAdvancedRiskDashboard[2m > [22m[2mshould display risk metrics
[22m[39m[36m<body>[39m
  [36m<div>[39m
    [36m<div[39m
      [33mclass[39m=[32m"full-bleed-page advanced-risk-dashboard"[39m
    [36m>[39m
      [36m<div[39m
        [33mclass[39m=[32m"dashboard-header"[39m
      [36m>[39m
        [36m<h1>[39m
          [0mAdvanced Risk Management[0m
        [36m</h1>[39m
        [36m<p[39m
          [33mclass[39m=[32m"subtitle"[39m
        [36m>[39m
          [0mPhase 3: Advanced Risk Management & Stress Testing[0m
        [36m</p>[39m
      [36m</div>[39m
      [36m<div[39m
        [33mclass[39m=[32m"scrollable-content-wrapper"[39m
      [36m>[39m
        [36m<div[39m
          [33mclass[39m=[32m"react-grid-layout layout"[39m
          [33mstyle[39m=[32m"height: 1210px;"[39m
        [36m>[39m
          [36m<div[39m
            [33mclass[39m=[32m"react-grid-item react-draggable cssTransforms react-resizable"[39m
            [33mstyle[39m=[32m"width: 1260px; height: 490px; position: absolute; transform: translate(10px,10px); -webkit-transform: translate(10px,10px);"[39m
          [36m>[39m
            [36m<div[39m
              [33mclass[39m=[32m"glass-card glass-panel glass-card--elevated  glass-card--hoverable  h-full"[39m
            [36m>[39m
              [36m<div[39m
                [33mclass[39m=[32m"glass-card__content"[39m
              [36m>[39m
                [36m<div[39m
                  [33mclass[39m=[32m"glass-card-drag-handle"[39m
                [36m>[39m
                  [36m<h2[39m
                    [33mclass[39m=[32m"text-xl font-bold mb-4"[39m
                  [36m>[39m
                    [0mRisk Metrics[0m
                  [36m</h2>[39m
                [36m</div>[39m
                [36m<div[39m
                  [33mclass[39m=[32m"grid grid-cols-2 md:grid-cols-3 gap-4"[39m
                [36m>[39m
                  [36m<div[39m
                    [33mclass[39m=[32m"p-4 bg-rose-500/5 rounded-2xl border border-rose-500/10"[39m
                  [36m>[39m
                    [36m<div[39m
                      [33mclass[39m=[32m"text-[10px] text-zinc-500 uppercase font-bold mb-1"[39m
                    [36m>[39m
                      [0mValue at Risk (VaR)[0m
                    [36m</div>[39m
                    [36m<div[39m
                      [33mclass[39m=[32m"text-2xl font-black text-rose-400"[39m
                    [36m>[39m
                      [0m$[0m
                      [0m0.05[0m
                    [36m</div>[39m
                    [36m<div[39m
                      [33mclass[39m=[32m"text-[10px] text-zinc-600 font-bold mt-1"[39m
                    [36m>[39m
                      [0m95% CONFIDENCE[0m
                    [36m</div>[39m
                  [36m</div>[39m
                  [36m<div[39m
                    [33mclass[39m=[32m"p-4 bg-orange-500/5 rounded-2xl border border-orange-500/10"[39m
                  [36m>[39m
                    [36m<div[39m
                      [33mclass[39m=[32m"text-[10px] text-zinc-500 uppercase font-bold mb-1"[39m
                    [36m>[39m
                      [0mExpected Tail Loss[0m
                    [36m</div>[39m
                    [36m<div[39m
                      [33mclass[39m=[32m"text-2xl font-black text-orange-400"[39m
                    [36m>[39m
                      [0m$[0m
                      [0m0.07[0m
                    [36m</div>[39m
                  [36m</div>[39m
                  [36m<div[39m
                    [33mclass[39m=[32m"p-4 bg-rose-500/5 rounded-2xl border border-rose-500/10"[39m
                  [36m>[39m
                    [36m<div[39m
                      [33mclass[39m=[32m"text-[10px] text-zinc-500 uppercase font-bold mb-1"[39m
                    [36m>[39m
                      [0mMax Drawdown[0m
                    [36m</div>[39m
                    [36m<div[39m
                      [33mclass[39m=[32m"text-2xl font-black text-rose-400"[39m
                    [36m>[39m
                      [0m12.00[0m
                      [0m%[0m
                    [36m</div>[39m
                  [36m</div>[39m
                  [36m<div[39m
                    [33mclass[39m=[32m"p-4 bg-emerald-500/5 rounded-2xl border border-emerald-500/10"[39m
                  [36m>[39m
                    [36m<div[39m
                      [33mclass[39m=[32m"text-[10px] text-zinc-500 uppercase font-bold mb-1"[39m
                    [36m>[39m
                      [0mSharpe Ratio[0m
                    [36m</div>[39m
                    [36m<div[39m
                      [33mclass[39m=[32m"text-2xl font-black text-emerald-400"[39m
                    [36m>[39m
                      [0m1.50[0m
                    [36m</div>[39m
                  [36m</div>[39m
                  [36m<div[39m
                    [33mclass[39m=[32m"p-4 bg-emerald-500/5 rounded-2xl border border-emerald-500/10"[39m
                  [36m>[39m
                    [36m<div[39m
                      [33mclass[39m=[32m"text-[10px] text-zinc-500 uppercase font-bold mb-1"[39m
                    [36m>[39m
                      [0mSortino Ratio[0m
                    [36m</div>[39m
                    [36m<div[39m
                      [33mclass[39m=[32m"text-2xl font-black text-emerald-400"[39m
                    [36m>[39m
                      [0m1.80[0m
                    [36m</div>[39m
                  [36m</div>[39m
                  [36m<div[39m
                    [33mclass[39m=[32m"p-4 bg-cyan-500/5 rounded-2xl border border-cyan-500/10"[39m
                  [36m>[39m
                    [36m<div[39m
                      [33mclass[39m=[32m"text-[10px] text-zinc-500 uppercase font-bold mb-1"[39m
                    [36m>[39m
                      [0mVol / Drawdown[0m
                    [36m</div>[39m
                    [36m<div[39m
                      [33mclass[39m=[32m"text-2xl font-black text-cyan-400"[39m
                    [36m>[39m
                      [0m1.20[0m
                    [36m</div>[39m
                  [36m</div>[39m
                [36m</div>[39m
              [36m</div>[39m
            [36m</div>[39m
            [36m<span[39m
              [33mclass[39m=[32m"react-resizable-handle react-resizable-handle-se"[39m
            [36m/>[39m
          [36m</div>[39m
          [36m<div[39m
            [33mclass[39m=[32m"react-grid-item react-draggable cssTransforms react-resizable"[39m
            [33mstyle[39m=[32m"width: 625px; height: 690px; position: absolute; transform: translate(10px,510px); -webkit-transform: translate(10px,510px);"[39m
          [36m>[39m
            [36m<div[39m
              [33mclass[39m=[32m"glass-card glass-panel glass-card--default  glass-card--hoverable  h-full"[39m
            [36m>[39m
              [36m<div[39m
                [33mclass[39m=[32m"glass-card__content"[39m
              [36m>[39m
                [36m<div[39m
                  [33mclass[39m=[32m"glass-card-drag-handle"[39m
                [36m>[39m
                  [36m<h2[39m
                    [33mclass[39m=[32m"text-xl font-bold mb-4"[39m
                  [36m>[39m
                    [0mStress Testing[0m
                  [36m</h2>[39m
                [36m</div>[39m
                [36m<div[39m
                  [33mclass[39m=[32m"flex gap-2 mb-6"[39m
                [36m>[39m
                  [36m<select[39m
                    [33mclass[39m=[32m"flex-1 bg-zinc-900 border border-zinc-800 rounded-lg px-4 py-2 text-sm text-white focus:outline-none focus:border-cyan-500/50"[39m
                  [36m>[39m
                    [36m<option[39m
                      [33mvalue[39m=[32m"market_crash_2008"[39m
                    [36m>[39m
                      [0m2008 Financial Crisis[0m
                    [36m</option>[39m
                    [36m<option[39m
                      [33mvalue[39m=[32m"covid_2020"[39m
                    [36m>[39m
                      [0m2020 COVID-19 Crash[0m
                    [36m</option>[39m
                    [36m<option[39m
                      [33mvalue[39m=[32m"inflation_2022"[39m
                    [36m>[39m
                      [0m2022 Inflation Spike[0m
                    [36m</option>[39m
                    [36m<option[39m
                      [33mvalue[39m=[32m"sector_shock_tech"[39m
                    [36m>[39m
                      [0mTech Sector Shock[0m
                    [36m</option>[39m
                  [36m</select>[39m
                  [36m<button[39m
                    [33mclass[39m=[32m"px-4 py-2 bg-cyan-500/10 border border-cyan-500/20 rounded-lg text-cyan-400 font-bold text-xs hover:bg-cyan-500/20 transition-all"[39m
                  [36m>[39m
                    [0mRUN[0m
                  [36m</button>[39m
                [36m</div>[39m
                [36m<div[39m
                  [33mclass[39m=[32m"flex items-center justify-center h-24 text-zinc-700 italic text-sm"[39m
                [36m>[39m
                  [0mSelect scenario to simulate impact[0m
                [36m</div>[39m
              [36m</div>[39m
            [36m</div>[39m
            [36m<span[39m
              [33mclass[39m=[32m"react-resizable-handle react-resizable-handle-se"[39m
            [36m/>[39m
          [36m</div>[39m
          [36m<div[39m
            [33mclass[39m=[32m"react-grid-item react-draggable cssTransforms react-resizable"[39m
            [33mstyle[39m=[32m"width: 625px; height: 690px; position: absolute; transform: translate(645px,510px); -webkit-transform: translate(645px,510px);"[39m
          [36m>[39m
            [36m<div[39m
              [33mclass[39m=[32m"glass-card glass-panel glass-card--default  glass-card--hoverable  h-full"[39m
            [36m>[39m
              [36m<div[39m
                [33mclass[39m=[32m"glass-card__content"[39m
              [36m>[39m
                [36m<div[39m
                  [33mclass[39m=[32m"glass-card-drag-handle"[39m
                [36m>[39m
                  [36m<h2[39m
                    [33mclass[39m=[32m"text-xl font-bold mb-4"[39m
                  [36m>[39m
                    [0mMonte Carlo Simulation[0m
                  [36m</h2>[39m
                [36m</div>[39m
                [36m<div[39m
                  [33mclass[39m=[32m"mb-6"[39m
                [36m>[39m
                  [36m<button[39m
                    [33mclass[39m=[32m"w-full py-3 bg-zinc-900 border border-zinc-800 rounded-xl text-zinc-400 font-bold text-xs hover:border-cyan-500/50 hover:text-white transition-all uppercase tracking-widest"[39m
                  [36m>[39m
                    [0mGENERATE 10K PATHS[0m
                  [36m</button>[39m
                [36m</div>[39m
                [36m<div[39m
                  [33mclass[39m=[32m"flex items-center justify-center h-24 text-zinc-700 italic text-sm"[39m
                [36m>[39m
                  [0mInitiate paths for probability analysis[0m
                [36m</div>[39m
              [36m</div>[39m
            [36m</div>[39m
            [36m<span[39m
              [33mclass[39m=[32m"react-resizable-handle react-resizable-handle-se"[39m
            [36m/>[39m
          [36m</div>[39m
        [36m</div>[39m
        [36m<div[39m
          [33mclass[39m=[32m"scroll-buffer-100"[39m
        [36m/>[39m
      [36m</div>[39m
    [36m</div>[39m
  [36m</div>[39m
[36m</body>[39m

[90mstdout[2m | tests/pages/AdvancedRiskDashboard.test.jsx[2m > [22m[2mAdvancedRiskDashboard[2m > [22m[2mshould display risk metrics
[22m[39m[36m<body>[39m
  [36m<div>[39m
    [36m<div[39m
      [33mclass[39m=[32m"full-bleed-page advanced-risk-dashboard"[39m
    [36m>[39m
      [36m<div[39m
        [33mclass[39m=[32m"dashboard-header"[39m
      [36m>[39m
        [36m<h1>[39m
          [0mAdvanced Risk Management[0m
        [36m</h1>[39m
        [36m<p[39m
          [33mclass[39m=[32m"subtitle"[39m
        [36m>[39m
          [0mPhase 3: Advanced Risk Management & Stress Testing[0m
        [36m</p>[39m
      [36m</div>[39m
      [36m<div[39m
        [33mclass[39m=[32m"scrollable-content-wrapper"[39m
      [36m>[39m
        [36m<div[39m
          [33mclass[39m=[32m"react-grid-layout layout"[39m
          [33mstyle[39m=[32m"height: 1210px;"[39m
        [36m>[39m
          [36m<div[39m
            [33mclass[39m=[32m"react-grid-item react-draggable cssTransforms react-resizable"[39m
            [33mstyle[39m=[32m"width: 1260px; height: 490px; position: absolute; transform: translate(10px,10px); -webkit-transform: translate(10px,10px);"[39m
          [36m>[39m
            [36m<div[39m
              [33mclass[39m=[32m"glass-card glass-panel glass-card--elevated  glass-card--hoverable  h-full"[39m
            [36m>[39m
              [36m<div[39m
                [33mclass[39m=[32m"glass-card__content"[39m
              [36m>[39m
                [36m<div[39m
                  [33mclass[39m=[32m"glass-card-drag-handle"[39m
                [36m>[39m
                  [36m<h2[39m
                    [33mclass[39m=[32m"text-xl font-bold mb-4"[39m
                  [36m>[39m
                    [0mRisk Metrics[0m
                  [36m</h2>[39m
                [36m</div>[39m
                [36m<div[39m
                  [33mclass[39m=[32m"grid grid-cols-2 md:grid-cols-3 gap-4"[39m
                [36m>[39m
                  [36m<div[39m
                    [33mclass[39m=[32m"p-4 bg-rose-500/5 rounded-2xl border border-rose-500/10"[39m
                  [36m>[39m
                    [36m<div[39m
                      [33mclass[39m=[32m"text-[10px] text-zinc-500 uppercase font-bold mb-1"[39m
                    [36m>[39m
                      [0mValue at Risk (VaR)[0m
                    [36m</div>[39m
                    [36m<div[39m
                      [33mclass[39m=[32m"text-2xl font-black text-rose-400"[39m
                    [36m>[39m
                      [0m$[0m
                      [0m0.05[0m
                    [36m</div>[39m
                    [36m<div[39m
                      [33mclass[39m=[32m"text-[10px] text-zinc-600 font-bold mt-1"[39m
                    [36m>[39m
                      [0m95% CONFIDENCE[0m
                    [36m</div>[39m
                  [36m</div>[39m
                  [36m<div[39m
                    [33mclass[39m=[32m"p-4 bg-orange-500/5 rounded-2xl border border-orange-500/10"[39m
                  [36m>[39m
                    [36m<div[39m
                      [33mclass[39m=[32m"text-[10px] text-zinc-500 uppercase font-bold mb-1"[39m
                    [36m>[39m
                      [0mExpected Tail Loss[0m
                    [36m</div>[39m
                    [36m<div[39m
                      [33mclass[39m=[32m"text-2xl font-black text-orange-400"[39m
                    [36m>[39m
                      [0m$[0m
                      [0m0.07[0m
                    [36m</div>[39m
                  [36m</div>[39m
                  [36m<div[39m
                    [33mclass[39m=[32m"p-4 bg-rose-500/5 rounded-2xl border border-rose-500/10"[39m
                  [36m>[39m
                    [36m<div[39m
                      [33mclass[39m=[32m"text-[10px] text-zinc-500 uppercase font-bold mb-1"[39m
                    [36m>[39m
                      [0mMax Drawdown[0m
                    [36m</div>[39m
                    [36m<div[39m
                      [33mclass[39m=[32m"text-2xl font-black text-rose-400"[39m
                    [36m>[39m
                      [0m12.00[0m
                      [0m%[0m
                    [36m</div>[39m
                  [36m</div>[39m
                  [36m<div[39m
                    [33mclass[39m=[32m"p-4 bg-emerald-500/5 rounded-2xl border border-emerald-500/10"[39m
                  [36m>[39m
                    [36m<div[39m
                      [33mclass[39m=[32m"text-[10px] text-zinc-500 uppercase font-bold mb-1"[39m
                    [36m>[39m
                      [0mSharpe Ratio[0m
                    [36m</div>[39m
                    [36m<div[39m
                      [33mclass[39m=[32m"text-2xl font-black text-emerald-400"[39m
                    [36m>[39m
                      [0m1.50[0m
                    [36m</div>[39m
                  [36m</div>[39m
                  [36m<div[39m
                    [33mclass[39m=[32m"p-4 bg-emerald-500/5 rounded-2xl border border-emerald-500/10"[39m
                  [36m>[39m
                    [36m<div[39m
                      [33mclass[39m=[32m"text-[10px] text-zinc-500 uppercase font-bold mb-1"[39m
                    [36m>[39m
                      [0mSortino Ratio[0m
                    [36m</div>[39m
                    [36m<div[39m
                      [33mclass[39m=[32m"text-2xl font-black text-emerald-400"[39m
                    [36m>[39m
                      [0m1.80[0m
                    [36m</div>[39m
                  [36m</div>[39m
                  [36m<div[39m
                    [33mclass[39m=[32m"p-4 bg-cyan-500/5 rounded-2xl border border-cyan-500/10"[39m
                  [36m>[39m
                    [36m<div[39m
                      [33mclass[39m=[32m"text-[10px] text-zinc-500 uppercase font-bold mb-1"[39m
                    [36m>[39m
                      [0mVol / Drawdown[0m
                    [36m</div>[39m
                    [36m<div[39m
                      [33mclass[39m=[32m"text-2xl font-black text-cyan-400"[39m
                    [36m>[39m
                      [0m1.20[0m
                    [36m</div>[39m
                  [36m</div>[39m
                [36m</div>[39m
              [36m</div>[39m
            [36m</div>[39m
            [36m<span[39m
              [33mclass[39m=[32m"react-resizable-handle react-resizable-handle-se"[39m
            [36m/>[39m
          [36m</div>[39m
          [36m<div[39m
            [33mclass[39m=[32m"react-grid-item react-draggable cssTransforms react-resizable"[39m
            [33mstyle[39m=[32m"width: 625px; height: 690px; position: absolute; transform: translate(10px,510px); -webkit-transform: translate(10px,510px);"[39m
          [36m>[39m
            [36m<div[39m
              [33mclass[39m=[32m"glass-card glass-panel glass-card--default  glass-card--hoverable  h-full"[39m
            [36m>[39m
              [36m<div[39m
                [33mclass[39m=[32m"glass-card__content"[39m
              [36m>[39m
                [36m<div[39m
                  [33mclass[39m=[32m"glass-card-drag-handle"[39m
                [36m>[39m
                  [36m<h2[39m
                    [33mclass[39m=[32m"text-xl font-bold mb-4"[39m
                  [36m>[39m
                    [0mStress Testing[0m
                  [36m</h2>[39m
                [36m</div>[39m
                [36m<div[39m
                  [33mclass[39m=[32m"flex gap-2 mb-6"[39m
                [36m>[39m
                  [36m<select[39m
                    [33mclass[39m=[32m"flex-1 bg-zinc-900 border border-zinc-800 rounded-lg px-4 py-2 text-sm text-white focus:outline-none focus:border-cyan-500/50"[39m
                  [36m>[39m
                    [36m<option[39m
                      [33mvalue[39m=[32m"market_crash_2008"[39m
                    [36m>[39m
                      [0m2008 Financial Crisis[0m
                    [36m</option>[39m
                    [36m<option[39m
                      [33mvalue[39m=[32m"covid_2020"[39m
                    [36m>[39m
                      [0m2020 COVID-19 Crash[0m
                    [36m</option>[39m
                    [36m<option[39m
                      [33mvalue[39m=[32m"inflation_2022"[39m
                    [36m>[39m
                      [0m2022 Inflation Spike[0m
                    [36m</option>[39m
                    [36m<option[39m
                      [33mvalue[39m=[32m"sector_shock_tech"[39m
                    [36m>[39m
                      [0mTech Sector Shock[0m
                    [36m</option>[39m
                  [36m</select>[39m
                  [36m<button[39m
                    [33mclass[39m=[32m"px-4 py-2 bg-cyan-500/10 border border-cyan-500/20 rounded-lg text-cyan-400 font-bold text-xs hover:bg-cyan-500/20 transition-all"[39m
                  [36m>[39m
                    [0mRUN[0m
                  [36m</button>[39m
                [36m</div>[39m
                [36m<div[39m
                  [33mclass[39m=[32m"flex items-center justify-center h-24 text-zinc-700 italic text-sm"[39m
                [36m>[39m
                  [0mSelect scenario to simulate impact[0m
                [36m</div>[39m
              [36m</div>[39m
            [36m</div>[39m
            [36m<span[39m
              [33mclass[39m=[32m"react-resizable-handle react-resizable-handle-se"[39m
            [36m/>[39m
          [36m</div>[39m
          [36m<div[39m
            [33mclass[39m=[32m"react-grid-item react-draggable cssTransforms react-resizable"[39m
            [33mstyle[39m=[32m"width: 625px; height: 690px; position: absolute; transform: translate(645px,510px); -webkit-transform: translate(645px,510px);"[39m
          [36m>[39m
            [36m<div[39m
              [33mclass[39m=[32m"glass-card glass-panel glass-card--default  glass-card--hoverable  h-full"[39m
            [36m>[39m
              [36m<div[39m
                [33mclass[39m=[32m"glass-card__content"[39m
              [36m>[39m
                [36m<div[39m
                  [33mclass[39m=[32m"glass-card-drag-handle"[39m
                [36m>[39m
                  [36m<h2[39m
                    [33mclass[39m=[32m"text-xl font-bold mb-4"[39m
                  [36m>[39m
                    [0mMonte Carlo Simulation[0m
                  [36m</h2>[39m
                [36m</div>[39m
                [36m<div[39m
                  [33mclass[39m=[32m"mb-6"[39m
                [36m>[39m
                  [36m<button[39m
                    [33mclass[39m=[32m"w-full py-3 bg-zinc-900 border border-zinc-800 rounded-xl text-zinc-400 font-bold text-xs hover:border-cyan-500/50 hover:text-white transition-all uppercase tracking-widest"[39m
                  [36m>[39m
                    [0mGENERATE 10K PATHS[0m
                  [36m</button>[39m
                [36m</div>[39m
                [36m<div[39m
                  [33mclass[39m=[32m"flex items-center justify-center h-24 text-zinc-700 italic text-sm"[39m
                [36m>[39m
                  [0mInitiate paths for probability analysis[0m
                [36m</div>[39m
              [36m</div>[39m
            [36m</div>[39m
            [36m<span[39m
              [33mclass[39m=[32m"react-resizable-handle react-resizable-handle-se"[39m
            [36m/>[39m
          [36m</div>[39m
        [36m</div>[39m
        [36m<div[39m
          [33mclass[39m=[32m"scroll-buffer-100"[39m
        [36m/>[39m
      [36m</div>[39m
    [36m</div>[39m
  [36m</div>[39m
[36m</body>[39m

[90mstdout[2m | tests/pages/AdvancedRiskDashboard.test.jsx[2m > [22m[2mAdvancedRiskDashboard[2m > [22m[2mshould display risk metrics
[22m[39m[36m<body>[39m
  [36m<div>[39m
    [36m<div[39m
      [33mclass[39m=[32m"full-bleed-page advanced-risk-dashboard"[39m
    [36m>[39m
      [36m<div[39m
        [33mclass[39m=[32m"dashboard-header"[39m
      [36m>[39m
        [36m<h1>[39m
          [0mAdvanced Risk Management[0m
        [36m</h1>[39m
        [36m<p[39m
          [33mclass[39m=[32m"subtitle"[39m
        [36m>[39m
          [0mPhase 3: Advanced Risk Management & Stress Testing[0m
        [36m</p>[39m
      [36m</div>[39m
      [36m<div[39m
        [33mclass[39m=[32m"scrollable-content-wrapper"[39m
      [36m>[39m
        [36m<div[39m
          [33mclass[39m=[32m"react-grid-layout layout"[39m
          [33mstyle[39m=[32m"height: 1210px;"[39m
        [36m>[39m
          [36m<div[39m
            [33mclass[39m=[32m"react-grid-item react-draggable cssTransforms react-resizable"[39m
            [33mstyle[39m=[32m"width: 1260px; height: 490px; position: absolute; transform: translate(10px,10px); -webkit-transform: translate(10px,10px);"[39m
          [36m>[39m
            [36m<div[39m
              [33mclass[39m=[32m"glass-card glass-panel glass-card--elevated  glass-card--hoverable  h-full"[39m
            [36m>[39m
              [36m<div[39m
                [33mclass[39m=[32m"glass-card__content"[39m
              [36m>[39m
                [36m<div[39m
                  [33mclass[39m=[32m"glass-card-drag-handle"[39m
                [36m>[39m
                  [36m<h2[39m
                    [33mclass[39m=[32m"text-xl font-bold mb-4"[39m
                  [36m>[39m
                    [0mRisk Metrics[0m
                  [36m</h2>[39m
                [36m</div>[39m
                [36m<div[39m
                  [33mclass[39m=[32m"grid grid-cols-2 md:grid-cols-3 gap-4"[39m
                [36m>[39m
                  [36m<div[39m
                    [33mclass[39m=[32m"p-4 bg-rose-500/5 rounded-2xl border border-rose-500/10"[39m
                  [36m>[39m
                    [36m<div[39m
                      [33mclass[39m=[32m"text-[10px] text-zinc-500 uppercase font-bold mb-1"[39m
                    [36m>[39m
                      [0mValue at Risk (VaR)[0m
                    [36m</div>[39m
                    [36m<div[39m
                      [33mclass[39m=[32m"text-2xl font-black text-rose-400"[39m
                    [36m>[39m
                      [0m$[0m
                      [0m0.05[0m
                    [36m</div>[39m
                    [36m<div[39m
                      [33mclass[39m=[32m"text-[10px] text-zinc-600 font-bold mt-1"[39m
                    [36m>[39m
                      [0m95% CONFIDENCE[0m
                    [36m</div>[39m
                  [36m</div>[39m
                  [36m<div[39m
                    [33mclass[39m=[32m"p-4 bg-orange-500/5 rounded-2xl border border-orange-500/10"[39m
                  [36m>[39m
                    [36m<div[39m
                      [33mclass[39m=[32m"text-[10px] text-zinc-500 uppercase font-bold mb-1"[39m
                    [36m>[39m
                      [0mExpected Tail Loss[0m
                    [36m</div>[39m
                    [36m<div[39m
                      [33mclass[39m=[32m"text-2xl font-black text-orange-400"[39m
                    [36m>[39m
                      [0m$[0m
                      [0m0.07[0m
                    [36m</div>[39m
                  [36m</div>[39m
                  [36m<div[39m
                    [33mclass[39m=[32m"p-4 bg-rose-500/5 rounded-2xl border border-rose-500/10"[39m
                  [36m>[39m
                    [36m<div[39m
                      [33mclass[39m=[32m"text-[10px] text-zinc-500 uppercase font-bold mb-1"[39m
                    [36m>[39m
                      [0mMax Drawdown[0m
                    [36m</div>[39m
                    [36m<div[39m
                      [33mclass[39m=[32m"text-2xl font-black text-rose-400"[39m
                    [36m>[39m
                      [0m12.00[0m
                      [0m%[0m
                    [36m</div>[39m
                  [36m</div>[39m
                  [36m<div[39m
                    [33mclass[39m=[32m"p-4 bg-emerald-500/5 rounded-2xl border border-emerald-500/10"[39m
                  [36m>[39m
                    [36m<div[39m
                      [33mclass[39m=[32m"text-[10px] text-zinc-500 uppercase font-bold mb-1"[39m
                    [36m>[39m
                      [0mSharpe Ratio[0m
                    [36m</div>[39m
                    [36m<div[39m
                      [33mclass[39m=[32m"text-2xl font-black text-emerald-400"[39m
                    [36m>[39m
                      [0m1.50[0m
                    [36m</div>[39m
                  [36m</div>[39m
                  [36m<div[39m
                    [33mclass[39m=[32m"p-4 bg-emerald-500/5 rounded-2xl border border-emerald-500/10"[39m
                  [36m>[39m
                    [36m<div[39m
                      [33mclass[39m=[32m"text-[10px] text-zinc-500 uppercase font-bold mb-1"[39m
                    [36m>[39m
                      [0mSortino Ratio[0m
                    [36m</div>[39m
                    [36m<div[39m
                      [33mclass[39m=[32m"text-2xl font-black text-emerald-400"[39m
                    [36m>[39m
                      [0m1.80[0m
                    [36m</div>[39m
                  [36m</div>[39m
                  [36m<div[39m
                    [33mclass[39m=[32m"p-4 bg-cyan-500/5 rounded-2xl border border-cyan-500/10"[39m
                  [36m>[39m
                    [36m<div[39m
                      [33mclass[39m=[32m"text-[10px] text-zinc-500 uppercase font-bold mb-1"[39m
                    [36m>[39m
                      [0mVol / Drawdown[0m
                    [36m</div>[39m
                    [36m<div[39m
                      [33mclass[39m=[32m"text-2xl font-black text-cyan-400"[39m
                    [36m>[39m
                      [0m1.20[0m
                    [36m</div>[39m
                  [36m</div>[39m
                [36m</div>[39m
              [36m</div>[39m
            [36m</div>[39m
            [36m<span[39m
              [33mclass[39m=[32m"react-resizable-handle react-resizable-handle-se"[39m
            [36m/>[39m
          [36m</div>[39m
          [36m<div[39m
            [33mclass[39m=[32m"react-grid-item react-draggable cssTransforms react-resizable"[39m
            [33mstyle[39m=[32m"width: 625px; height: 690px; position: absolute; transform: translate(10px,510px); -webkit-transform: translate(10px,510px);"[39m
          [36m>[39m
            [36m<div[39m
              [33mclass[39m=[32m"glass-card glass-panel glass-card--default  glass-card--hoverable  h-full"[39m
            [36m>[39m
              [36m<div[39m
                [33mclass[39m=[32m"glass-card__content"[39m
              [36m>[39m
                [36m<div[39m
                  [33mclass[39m=[32m"glass-card-drag-handle"[39m
                [36m>[39m
                  [36m<h2[39m
                    [33mclass[39m=[32m"text-xl font-bold mb-4"[39m
                  [36m>[39m
                    [0mStress Testing[0m
                  [36m</h2>[39m
                [36m</div>[39m
                [36m<div[39m
                  [33mclass[39m=[32m"flex gap-2 mb-6"[39m
                [36m>[39m
                  [36m<select[39m
                    [33mclass[39m=[32m"flex-1 bg-zinc-900 border border-zinc-800 rounded-lg px-4 py-2 text-sm text-white focus:outline-none focus:border-cyan-500/50"[39m
                  [36m>[39m
                    [36m<option[39m
                      [33mvalue[39m=[32m"market_crash_2008"[39m
                    [36m>[39m
                      [0m2008 Financial Crisis[0m
                    [36m</option>[39m
                    [36m<option[39m
                      [33mvalue[39m=[32m"covid_2020"[39m
                    [36m>[39m
                      [0m2020 COVID-19 Crash[0m
                    [36m</option>[39m
                    [36m<option[39m
                      [33mvalue[39m=[32m"inflation_2022"[39m
                    [36m>[39m
                      [0m2022 Inflation Spike[0m
                    [36m</option>[39m
                    [36m<option[39m
                      [33mvalue[39m=[32m"sector_shock_tech"[39m
                    [36m>[39m
                      [0mTech Sector Shock[0m
                    [36m</option>[39m
                  [36m</select>[39m
                  [36m<button[39m
                    [33mclass[39m=[32m"px-4 py-2 bg-cyan-500/10 border border-cyan-500/20 rounded-lg text-cyan-400 font-bold text-xs hover:bg-cyan-500/20 transition-all"[39m
                  [36m>[39m
                    [0mRUN[0m
                  [36m</button>[39m
                [36m</div>[39m
                [36m<div[39m
                  [33mclass[39m=[32m"flex items-center justify-center h-24 text-zinc-700 italic text-sm"[39m
                [36m>[39m
                  [0mSelect scenario to simulate impact[0m
                [36m</div>[39m
              [36m</div>[39m
            [36m</div>[39m
            [36m<span[39m
              [33mclass[39m=[32m"react-resizable-handle react-resizable-handle-se"[39m
            [36m/>[39m
          [36m</div>[39m
          [36m<div[39m
            [33mclass[39m=[32m"react-grid-item react-draggable cssTransforms react-resizable"[39m
            [33mstyle[39m=[32m"width: 625px; height: 690px; position: absolute; transform: translate(645px,510px); -webkit-transform: translate(645px,510px);"[39m
          [36m>[39m
            [36m<div[39m
              [33mclass[39m=[32m"glass-card glass-panel glass-card--default  glass-card--hoverable  h-full"[39m
            [36m>[39m
              [36m<div[39m
                [33mclass[39m=[32m"glass-card__content"[39m
              [36m>[39m
                [36m<div[39m
                  [33mclass[39m=[32m"glass-card-drag-handle"[39m
                [36m>[39m
                  [36m<h2[39m
                    [33mclass[39m=[32m"text-xl font-bold mb-4"[39m
                  [36m>[39m
                    [0mMonte Carlo Simulation[0m
                  [36m</h2>[39m
                [36m</div>[39m
                [36m<div[39m
                  [33mclass[39m=[32m"mb-6"[39m
                [36m>[39m
                  [36m<button[39m
                    [33mclass[39m=[32m"w-full py-3 bg-zinc-900 border border-zinc-800 rounded-xl text-zinc-400 font-bold text-xs hover:border-cyan-500/50 hover:text-white transition-all uppercase tracking-widest"[39m
                  [36m>[39m
                    [0mGENERATE 10K PATHS[0m
                  [36m</button>[39m
                [36m</div>[39m
                [36m<div[39m
                  [33mclass[39m=[32m"flex items-center justify-center h-24 text-zinc-700 italic text-sm"[39m
                [36m>[39m
                  [0mInitiate paths for probability analysis[0m
                [36m</div>[39m
              [36m</div>[39m
            [36m</div>[39m
            [36m<span[39m
              [33mclass[39m=[32m"react-resizable-handle react-resizable-handle-se"[39m
            [36m/>[39m
          [36m</div>[39m
        [36m</div>[39m
        [36m<div[39m
          [33mclass[39m=[32m"scroll-buffer-100"[39m
        [36m/>[39m
      [36m</div>[39m
    [36m</div>[39m
  [36m</div>[39m
[36m</body>[39m

[90mstdout[2m | tests/pages/AdvancedRiskDashboard.test.jsx[2m > [22m[2mAdvancedRiskDashboard[2m > [22m[2mshould display risk metrics
[22m[39m[36m<body>[39m
  [36m<div>[39m
    [36m<div[39m
      [33mclass[39m=[32m"full-bleed-page advanced-risk-dashboard"[39m
    [36m>[39m
      [36m<div[39m
        [33mclass[39m=[32m"dashboard-header"[39m
      [36m>[39m
        [36m<h1>[39m
          [0mAdvanced Risk Management[0m
        [36m</h1>[39m
        [36m<p[39m
          [33mclass[39m=[32m"subtitle"[39m
        [36m>[39m
          [0mPhase 3: Advanced Risk Management & Stress Testing[0m
        [36m</p>[39m
      [36m</div>[39m
      [36m<div[39m
        [33mclass[39m=[32m"scrollable-content-wrapper"[39m
      [36m>[39m
        [36m<div[39m
          [33mclass[39m=[32m"react-grid-layout layout"[39m
          [33mstyle[39m=[32m"height: 1210px;"[39m
        [36m>[39m
          [36m<div[39m
            [33mclass[39m=[32m"react-grid-item react-draggable cssTransforms react-resizable"[39m
            [33mstyle[39m=[32m"width: 1260px; height: 490px; position: absolute; transform: translate(10px,10px); -webkit-transform: translate(10px,10px);"[39m
          [36m>[39m
            [36m<div[39m
              [33mclass[39m=[32m"glass-card glass-panel glass-card--elevated  glass-card--hoverable  h-full"[39m
            [36m>[39m
              [36m<div[39m
                [33mclass[39m=[32m"glass-card__content"[39m
              [36m>[39m
                [36m<div[39m
                  [33mclass[39m=[32m"glass-card-drag-handle"[39m
                [36m>[39m
                  [36m<h2[39m
                    [33mclass[39m=[32m"text-xl font-bold mb-4"[39m
                  [36m>[39m
                    [0mRisk Metrics[0m
                  [36m</h2>[39m
                [36m</div>[39m
                [36m<div[39m
                  [33mclass[39m=[32m"grid grid-cols-2 md:grid-cols-3 gap-4"[39m
                [36m>[39m
                  [36m<div[39m
                    [33mclass[39m=[32m"p-4 bg-rose-500/5 rounded-2xl border border-rose-500/10"[39m
                  [36m>[39m
                    [36m<div[39m
                      [33mclass[39m=[32m"text-[10px] text-zinc-500 uppercase font-bold mb-1"[39m
                    [36m>[39m
                      [0mValue at Risk (VaR)[0m
                    [36m</div>[39m
                    [36m<div[39m
                      [33mclass[39m=[32m"text-2xl font-black text-rose-400"[39m
                    [36m>[39m
                      [0m$[0m
                      [0m0.05[0m
                    [36m</div>[39m
                    [36m<div[39m
                      [33mclass[39m=[32m"text-[10px] text-zinc-600 font-bold mt-1"[39m
                    [36m>[39m
                      [0m95% CONFIDENCE[0m
                    [36m</div>[39m
                  [36m</div>[39m
                  [36m<div[39m
                    [33mclass[39m=[32m"p-4 bg-orange-500/5 rounded-2xl border border-orange-500/10"[39m
                  [36m>[39m
                    [36m<div[39m
                      [33mclass[39m=[32m"text-[10px] text-zinc-500 uppercase font-bold mb-1"[39m
                    [36m>[39m
                      [0mExpected Tail Loss[0m
                    [36m</div>[39m
                    [36m<div[39m
                      [33mclass[39m=[32m"text-2xl font-black text-orange-400"[39m
                    [36m>[39m
                      [0m$[0m
                      [0m0.07[0m
                    [36m</div>[39m
                  [36m</div>[39m
                  [36m<div[39m
                    [33mclass[39m=[32m"p-4 bg-rose-500/5 rounded-2xl border border-rose-500/10"[39m
                  [36m>[39m
                    [36m<div[39m
                      [33mclass[39m=[32m"text-[10px] text-zinc-500 uppercase font-bold mb-1"[39m
                    [36m>[39m
                      [0mMax Drawdown[0m
                    [36m</div>[39m
                    [36m<div[39m
                      [33mclass[39m=[32m"text-2xl font-black text-rose-400"[39m
                    [36m>[39m
                      [0m12.00[0m
                      [0m%[0m
                    [36m</div>[39m
                  [36m</div>[39m
                  [36m<div[39m
                    [33mclass[39m=[32m"p-4 bg-emerald-500/5 rounded-2xl border border-emerald-500/10"[39m
                  [36m>[39m
                    [36m<div[39m
                      [33mclass[39m=[32m"text-[10px] text-zinc-500 uppercase font-bold mb-1"[39m
                    [36m>[39m
                      [0mSharpe Ratio[0m
                    [36m</div>[39m
                    [36m<div[39m
                      [33mclass[39m=[32m"text-2xl font-black text-emerald-400"[39m
                    [36m>[39m
                      [0m1.50[0m
                    [36m</div>[39m
                  [36m</div>[39m
                  [36m<div[39m
                    [33mclass[39m=[32m"p-4 bg-emerald-500/5 rounded-2xl border border-emerald-500/10"[39m
                  [36m>[39m
                    [36m<div[39m
                      [33mclass[39m=[32m"text-[10px] text-zinc-500 uppercase font-bold mb-1"[39m
                    [36m>[39m
                      [0mSortino Ratio[0m
                    [36m</div>[39m
                    [36m<div[39m
                      [33mclass[39m=[32m"text-2xl font-black text-emerald-400"[39m
                    [36m>[39m
                      [0m1.80[0m
                    [36m</div>[39m
                  [36m</div>[39m
                  [36m<div[39m
                    [33mclass[39m=[32m"p-4 bg-cyan-500/5 rounded-2xl border border-cyan-500/10"[39m
                  [36m>[39m
                    [36m<div[39m
                      [33mclass[39m=[32m"text-[10px] text-zinc-500 uppercase font-bold mb-1"[39m
                    [36m>[39m
                      [0mVol / Drawdown[0m
                    [36m</div>[39m
                    [36m<div[39m
                      [33mclass[39m=[32m"text-2xl font-black text-cyan-400"[39m
                    [36m>[39m
                      [0m1.20[0m
                    [36m</div>[39m
                  [36m</div>[39m
                [36m</div>[39m
              [36m</div>[39m
            [36m</div>[39m
            [36m<span[39m
              [33mclass[39m=[32m"react-resizable-handle react-resizable-handle-se"[39m
            [36m/>[39m
          [36m</div>[39m
          [36m<div[39m
            [33mclass[39m=[32m"react-grid-item react-draggable cssTransforms react-resizable"[39m
            [33mstyle[39m=[32m"width: 625px; height: 690px; position: absolute; transform: translate(10px,510px); -webkit-transform: translate(10px,510px);"[39m
          [36m>[39m
            [36m<div[39m
              [33mclass[39m=[32m"glass-card glass-panel glass-card--default  glass-card--hoverable  h-full"[39m
            [36m>[39m
              [36m<div[39m
                [33mclass[39m=[32m"glass-card__content"[39m
              [36m>[39m
                [36m<div[39m
                  [33mclass[39m=[32m"glass-card-drag-handle"[39m
                [36m>[39m
                  [36m<h2[39m
                    [33mclass[39m=[32m"text-xl font-bold mb-4"[39m
                  [36m>[39m
                    [0mStress Testing[0m
                  [36m</h2>[39m
                [36m</div>[39m
                [36m<div[39m
                  [33mclass[39m=[32m"flex gap-2 mb-6"[39m
                [36m>[39m
                  [36m<select[39m
                    [33mclass[39m=[32m"flex-1 bg-zinc-900 border border-zinc-800 rounded-lg px-4 py-2 text-sm text-white focus:outline-none focus:border-cyan-500/50"[39m
                  [36m>[39m
                    [36m<option[39m
                      [33mvalue[39m=[32m"market_crash_2008"[39m
                    [36m>[39m
                      [0m2008 Financial Crisis[0m
                    [36m</option>[39m
                    [36m<option[39m
                      [33mvalue[39m=[32m"covid_2020"[39m
                    [36m>[39m
                      [0m2020 COVID-19 Crash[0m
                    [36m</option>[39m
                    [36m<option[39m
                      [33mvalue[39m=[32m"inflation_2022"[39m
                    [36m>[39m
                      [0m2022 Inflation Spike[0m
                    [36m</option>[39m
                    [36m<option[39m
                      [33mvalue[39m=[32m"sector_shock_tech"[39m
                    [36m>[39m
                      [0mTech Sector Shock[0m
                    [36m</option>[39m
                  [36m</select>[39m
                  [36m<button[39m
                    [33mclass[39m=[32m"px-4 py-2 bg-cyan-500/10 border border-cyan-500/20 rounded-lg text-cyan-400 font-bold text-xs hover:bg-cyan-500/20 transition-all"[39m
                  [36m>[39m
                    [0mRUN[0m
                  [36m</button>[39m
                [36m</div>[39m
                [36m<div[39m
                  [33mclass[39m=[32m"flex items-center justify-center h-24 text-zinc-700 italic text-sm"[39m
                [36m>[39m
                  [0mSelect scenario to simulate impact[0m
                [36m</div>[39m
              [36m</div>[39m
            [36m</div>[39m
            [36m<span[39m
              [33mclass[39m=[32m"react-resizable-handle react-resizable-handle-se"[39m
            [36m/>[39m
          [36m</div>[39m
          [36m<div[39m
            [33mclass[39m=[32m"react-grid-item react-draggable cssTransforms react-resizable"[39m
            [33mstyle[39m=[32m"width: 625px; height: 690px; position: absolute; transform: translate(645px,510px); -webkit-transform: translate(645px,510px);"[39m
          [36m>[39m
            [36m<div[39m
              [33mclass[39m=[32m"glass-card glass-panel glass-card--default  glass-card--hoverable  h-full"[39m
            [36m>[39m
              [36m<div[39m
                [33mclass[39m=[32m"glass-card__content"[39m
              [36m>[39m
                [36m<div[39m
                  [33mclass[39m=[32m"glass-card-drag-handle"[39m
                [36m>[39m
                  [36m<h2[39m
                    [33mclass[39m=[32m"text-xl font-bold mb-4"[39m
                  [36m>[39m
                    [0mMonte Carlo Simulation[0m
                  [36m</h2>[39m
                [36m</div>[39m
                [36m<div[39m
                  [33mclass[39m=[32m"mb-6"[39m
                [36m>[39m
                  [36m<button[39m
                    [33mclass[39m=[32m"w-full py-3 bg-zinc-900 border border-zinc-800 rounded-xl text-zinc-400 font-bold text-xs hover:border-cyan-500/50 hover:text-white transition-all uppercase tracking-widest"[39m
                  [36m>[39m
                    [0mGENERATE 10K PATHS[0m
                  [36m</button>[39m
                [36m</div>[39m
                [36m<div[39m
                  [33mclass[39m=[32m"flex items-center justify-center h-24 text-zinc-700 italic text-sm"[39m
                [36m>[39m
                  [0mInitiate paths for probability analysis[0m
                [36m</div>[39m
              [36m</div>[39m
            [36m</div>[39m
            [36m<span[39m
              [33mclass[39m=[32m"react-resizable-handle react-resizable-handle-se"[39m
            [36m/>[39m
          [36m</div>[39m
        [36m</div>[39m
        [36m<div[39m
          [33mclass[39m=[32m"scroll-buffer-100"[39m
        [36m/>[39m
      [36m</div>[39m
    [36m</div>[39m
  [36m</div>[39m
[36m</body>[39m

[90mstdout[2m | tests/pages/AdvancedRiskDashboard.test.jsx[2m > [22m[2mAdvancedRiskDashboard[2m > [22m[2mshould display risk metrics
[22m[39m[36m<body>[39m
  [36m<div>[39m
    [36m<div[39m
      [33mclass[39m=[32m"full-bleed-page advanced-risk-dashboard"[39m
    [36m>[39m
      [36m<div[39m
        [33mclass[39m=[32m"dashboard-header"[39m
      [36m>[39m
        [36m<h1>[39m
          [0mAdvanced Risk Management[0m
        [36m</h1>[39m
        [36m<p[39m
          [33mclass[39m=[32m"subtitle"[39m
        [36m>[39m
          [0mPhase 3: Advanced Risk Management & Stress Testing[0m
        [36m</p>[39m
      [36m</div>[39m
      [36m<div[39m
        [33mclass[39m=[32m"scrollable-content-wrapper"[39m
      [36m>[39m
        [36m<div[39m
          [33mclass[39m=[32m"react-grid-layout layout"[39m
          [33mstyle[39m=[32m"height: 1210px;"[39m
        [36m>[39m
          [36m<div[39m
            [33mclass[39m=[32m"react-grid-item react-draggable cssTransforms react-resizable"[39m
            [33mstyle[39m=[32m"width: 1260px; height: 490px; position: absolute; transform: translate(10px,10px); -webkit-transform: translate(10px,10px);"[39m
          [36m>[39m
            [36m<div[39m
              [33mclass[39m=[32m"glass-card glass-panel glass-card--elevated  glass-card--hoverable  h-full"[39m
            [36m>[39m
              [36m<div[39m
                [33mclass[39m=[32m"glass-card__content"[39m
              [36m>[39m
                [36m<div[39m
                  [33mclass[39m=[32m"glass-card-drag-handle"[39m
                [36m>[39m
                  [36m<h2[39m
                    [33mclass[39m=[32m"text-xl font-bold mb-4"[39m
                  [36m>[39m
                    [0mRisk Metrics[0m
                  [36m</h2>[39m
                [36m</div>[39m
                [36m<div[39m
                  [33mclass[39m=[32m"grid grid-cols-2 md:grid-cols-3 gap-4"[39m
                [36m>[39m
                  [36m<div[39m
                    [33mclass[39m=[32m"p-4 bg-rose-500/5 rounded-2xl border border-rose-500/10"[39m
                  [36m>[39m
                    [36m<div[39m
                      [33mclass[39m=[32m"text-[10px] text-zinc-500 uppercase font-bold mb-1"[39m
                    [36m>[39m
                      [0mValue at Risk (VaR)[0m
                    [36m</div>[39m
                    [36m<div[39m
                      [33mclass[39m=[32m"text-2xl font-black text-rose-400"[39m
                    [36m>[39m
                      [0m$[0m
                      [0m0.05[0m
                    [36m</div>[39m
                    [36m<div[39m
                      [33mclass[39m=[32m"text-[10px] text-zinc-600 font-bold mt-1"[39m
                    [36m>[39m
                      [0m95% CONFIDENCE[0m
                    [36m</div>[39m
                  [36m</div>[39m
                  [36m<div[39m
                    [33mclass[39m=[32m"p-4 bg-orange-500/5 rounded-2xl border border-orange-500/10"[39m
                  [36m>[39m
                    [36m<div[39m
                      [33mclass[39m=[32m"text-[10px] text-zinc-500 uppercase font-bold mb-1"[39m
                    [36m>[39m
                      [0mExpected Tail Loss[0m
                    [36m</div>[39m
                    [36m<div[39m
                      [33mclass[39m=[32m"text-2xl font-black text-orange-400"[39m
                    [36m>[39m
                      [0m$[0m
                      [0m0.07[0m
                    [36m</div>[39m
                  [36m</div>[39m
                  [36m<div[39m
                    [33mclass[39m=[32m"p-4 bg-rose-500/5 rounded-2xl border border-rose-500/10"[39m
                  [36m>[39m
                    [36m<div[39m
                      [33mclass[39m=[32m"text-[10px] text-zinc-500 uppercase font-bold mb-1"[39m
                    [36m>[39m
                      [0mMax Drawdown[0m
                    [36m</div>[39m
                    [36m<div[39m
                      [33mclass[39m=[32m"text-2xl font-black text-rose-400"[39m
                    [36m>[39m
                      [0m12.00[0m
                      [0m%[0m
                    [36m</div>[39m
                  [36m</div>[39m
                  [36m<div[39m
                    [33mclass[39m=[32m"p-4 bg-emerald-500/5 rounded-2xl border border-emerald-500/10"[39m
                  [36m>[39m
                    [36m<div[39m
                      [33mclass[39m=[32m"text-[10px] text-zinc-500 uppercase font-bold mb-1"[39m
                    [36m>[39m
                      [0mSharpe Ratio[0m
                    [36m</div>[39m
                    [36m<div[39m
                      [33mclass[39m=[32m"text-2xl font-black text-emerald-400"[39m
                    [36m>[39m
                      [0m1.50[0m
                    [36m</div>[39m
                  [36m</div>[39m
                  [36m<div[39m
                    [33mclass[39m=[32m"p-4 bg-emerald-500/5 rounded-2xl border border-emerald-500/10"[39m
                  [36m>[39m
                    [36m<div[39m
                      [33mclass[39m=[32m"text-[10px] text-zinc-500 uppercase font-bold mb-1"[39m
                    [36m>[39m
                      [0mSortino Ratio[0m
                    [36m</div>[39m
                    [36m<div[39m
                      [33mclass[39m=[32m"text-2xl font-black text-emerald-400"[39m
                    [36m>[39m
                      [0m1.80[0m
                    [36m</div>[39m
                  [36m</div>[39m
                  [36m<div[39m
                    [33mclass[39m=[32m"p-4 bg-cyan-500/5 rounded-2xl border border-cyan-500/10"[39m
                  [36m>[39m
                    [36m<div[39m
                      [33mclass[39m=[32m"text-[10px] text-zinc-500 uppercase font-bold mb-1"[39m
                    [36m>[39m
                      [0mVol / Drawdown[0m
                    [36m</div>[39m
                    [36m<div[39m
                      [33mclass[39m=[32m"text-2xl font-black text-cyan-400"[39m
                    [36m>[39m
                      [0m1.20[0m
                    [36m</div>[39m
                  [36m</div>[39m
                [36m</div>[39m
              [36m</div>[39m
            [36m</div>[39m
            [36m<span[39m
              [33mclass[39m=[32m"react-resizable-handle react-resizable-handle-se"[39m
            [36m/>[39m
          [36m</div>[39m
          [36m<div[39m
            [33mclass[39m=[32m"react-grid-item react-draggable cssTransforms react-resizable"[39m
            [33mstyle[39m=[32m"width: 625px; height: 690px; position: absolute; transform: translate(10px,510px); -webkit-transform: translate(10px,510px);"[39m
          [36m>[39m
            [36m<div[39m
              [33mclass[39m=[32m"glass-card glass-panel glass-card--default  glass-card--hoverable  h-full"[39m
            [36m>[39m
              [36m<div[39m
                [33mclass[39m=[32m"glass-card__content"[39m
              [36m>[39m
                [36m<div[39m
                  [33mclass[39m=[32m"glass-card-drag-handle"[39m
                [36m>[39m
                  [36m<h2[39m
                    [33mclass[39m=[32m"text-xl font-bold mb-4"[39m
                  [36m>[39m
                    [0mStress Testing[0m
                  [36m</h2>[39m
                [36m</div>[39m
                [36m<div[39m
                  [33mclass[39m=[32m"flex gap-2 mb-6"[39m
                [36m>[39m
                  [36m<select[39m
                    [33mclass[39m=[32m"flex-1 bg-zinc-900 border border-zinc-800 rounded-lg px-4 py-2 text-sm text-white focus:outline-none focus:border-cyan-500/50"[39m
                  [36m>[39m
                    [36m<option[39m
                      [33mvalue[39m=[32m"market_crash_2008"[39m
                    [36m>[39m
                      [0m2008 Financial Crisis[0m
                    [36m</option>[39m
                    [36m<option[39m
                      [33mvalue[39m=[32m"covid_2020"[39m
                    [36m>[39m
                      [0m2020 COVID-19 Crash[0m
                    [36m</option>[39m
                    [36m<option[39m
                      [33mvalue[39m=[32m"inflation_2022"[39m
                    [36m>[39m
                      [0m2022 Inflation Spike[0m
                    [36m</option>[39m
                    [36m<option[39m
                      [33mvalue[39m=[32m"sector_shock_tech"[39m
                    [36m>[39m
                      [0mTech Sector Shock[0m
                    [36m</option>[39m
                  [36m</select>[39m
                  [36m<button[39m
                    [33mclass[39m=[32m"px-4 py-2 bg-cyan-500/10 border border-cyan-500/20 rounded-lg text-cyan-400 font-bold text-xs hover:bg-cyan-500/20 transition-all"[39m
                  [36m>[39m
                    [0mRUN[0m
                  [36m</button>[39m
                [36m</div>[39m
                [36m<div[39m
                  [33mclass[39m=[32m"flex items-center justify-center h-24 text-zinc-700 italic text-sm"[39m
                [36m>[39m
                  [0mSelect scenario to simulate impact[0m
                [36m</div>[39m
              [36m</div>[39m
            [36m</div>[39m
            [36m<span[39m
              [33mclass[39m=[32m"react-resizable-handle react-resizable-handle-se"[39m
            [36m/>[39m
          [36m</div>[39m
          [36m<div[39m
            [33mclass[39m=[32m"react-grid-item react-draggable cssTransforms react-resizable"[39m
            [33mstyle[39m=[32m"width: 625px; height: 690px; position: absolute; transform: translate(645px,510px); -webkit-transform: translate(645px,510px);"[39m
          [36m>[39m
            [36m<div[39m
              [33mclass[39m=[32m"glass-card glass-panel glass-card--default  glass-card--hoverable  h-full"[39m
            [36m>[39m
              [36m<div[39m
                [33mclass[39m=[32m"glass-card__content"[39m
              [36m>[39m
                [36m<div[39m
                  [33mclass[39m=[32m"glass-card-drag-handle"[39m
                [36m>[39m
                  [36m<h2[39m
                    [33mclass[39m=[32m"text-xl font-bold mb-4"[39m
                  [36m>[39m
                    [0mMonte Carlo Simulation[0m
                  [36m</h2>[39m
                [36m</div>[39m
                [36m<div[39m
                  [33mclass[39m=[32m"mb-6"[39m
                [36m>[39m
                  [36m<button[39m
                    [33mclass[39m=[32m"w-full py-3 bg-zinc-900 border border-zinc-800 rounded-xl text-zinc-400 font-bold text-xs hover:border-cyan-500/50 hover:text-white transition-all uppercase tracking-widest"[39m
                  [36m>[39m
                    [0mGENERATE 10K PATHS[0m
                  [36m</button>[39m
                [36m</div>[39m
                [36m<div[39m
                  [33mclass[39m=[32m"flex items-center justify-center h-24 text-zinc-700 italic text-sm"[39m
                [36m>[39m
                  [0mInitiate paths for probability analysis[0m
                [36m</div>[39m
              [36m</div>[39m
            [36m</div>[39m
            [36m<span[39m
              [33mclass[39m=[32m"react-resizable-handle react-resizable-handle-se"[39m
            [36m/>[39m
          [36m</div>[39m
        [36m</div>[39m
        [36m<div[39m
          [33mclass[39m=[32m"scroll-buffer-100"[39m
        [36m/>[39m
      [36m</div>[39m
    [36m</div>[39m
  [36m</div>[39m
[36m</body>[39m

[90mstdout[2m | tests/pages/AdvancedRiskDashboard.test.jsx[2m > [22m[2mAdvancedRiskDashboard[2m > [22m[2mshould display risk metrics
[22m[39m[36m<body>[39m
  [36m<div>[39m
    [36m<div[39m
      [33mclass[39m=[32m"full-bleed-page advanced-risk-dashboard"[39m
    [36m>[39m
      [36m<div[39m
        [33mclass[39m=[32m"dashboard-header"[39m
      [36m>[39m
        [36m<h1>[39m
          [0mAdvanced Risk Management[0m
        [36m</h1>[39m
        [36m<p[39m
          [33mclass[39m=[32m"subtitle"[39m
        [36m>[39m
          [0mPhase 3: Advanced Risk Management & Stress Testing[0m
        [36m</p>[39m
      [36m</div>[39m
      [36m<div[39m
        [33mclass[39m=[32m"scrollable-content-wrapper"[39m
      [36m>[39m
        [36m<div[39m
          [33mclass[39m=[32m"react-grid-layout layout"[39m
          [33mstyle[39m=[32m"height: 1210px;"[39m
        [36m>[39m
          [36m<div[39m
            [33mclass[39m=[32m"react-grid-item react-draggable cssTransforms react-resizable"[39m
            [33mstyle[39m=[32m"width: 1260px; height: 490px; position: absolute; transform: translate(10px,10px); -webkit-transform: translate(10px,10px);"[39m
          [36m>[39m
            [36m<div[39m
              [33mclass[39m=[32m"glass-card glass-panel glass-card--elevated  glass-card--hoverable  h-full"[39m
            [36m>[39m
              [36m<div[39m
                [33mclass[39m=[32m"glass-card__content"[39m
              [36m>[39m
                [36m<div[39m
                  [33mclass[39m=[32m"glass-card-drag-handle"[39m
                [36m>[39m
                  [36m<h2[39m
                    [33mclass[39m=[32m"text-xl font-bold mb-4"[39m
                  [36m>[39m
                    [0mRisk Metrics[0m
                  [36m</h2>[39m
                [36m</div>[39m
                [36m<div[39m
                  [33mclass[39m=[32m"grid grid-cols-2 md:grid-cols-3 gap-4"[39m
                [36m>[39m
                  [36m<div[39m
                    [33mclass[39m=[32m"p-4 bg-rose-500/5 rounded-2xl border border-rose-500/10"[39m
                  [36m>[39m
                    [36m<div[39m
                      [33mclass[39m=[32m"text-[10px] text-zinc-500 uppercase font-bold mb-1"[39m
                    [36m>[39m
                      [0mValue at Risk (VaR)[0m
                    [36m</div>[39m
                    [36m<div[39m
                      [33mclass[39m=[32m"text-2xl font-black text-rose-400"[39m
                    [36m>[39m
                      [0m$[0m
                      [0m0.05[0m
                    [36m</div>[39m
                    [36m<div[39m
                      [33mclass[39m=[32m"text-[10px] text-zinc-600 font-bold mt-1"[39m
                    [36m>[39m
                      [0m95% CONFIDENCE[0m
                    [36m</div>[39m
                  [36m</div>[39m
                  [36m<div[39m
                    [33mclass[39m=[32m"p-4 bg-orange-500/5 rounded-2xl border border-orange-500/10"[39m
                  [36m>[39m
                    [36m<div[39m
                      [33mclass[39m=[32m"text-[10px] text-zinc-500 uppercase font-bold mb-1"[39m
                    [36m>[39m
                      [0mExpected Tail Loss[0m
                    [36m</div>[39m
                    [36m<div[39m
                      [33mclass[39m=[32m"text-2xl font-black text-orange-400"[39m
                    [36m>[39m
                      [0m$[0m
                      [0m0.07[0m
                    [36m</div>[39m
                  [36m</div>[39m
                  [36m<div[39m
                    [33mclass[39m=[32m"p-4 bg-rose-500/5 rounded-2xl border border-rose-500/10"[39m
                  [36m>[39m
                    [36m<div[39m
                      [33mclass[39m=[32m"text-[10px] text-zinc-500 uppercase font-bold mb-1"[39m
                    [36m>[39m
                      [0mMax Drawdown[0m
                    [36m</div>[39m
                    [36m<div[39m
                      [33mclass[39m=[32m"text-2xl font-black text-rose-400"[39m
                    [36m>[39m
                      [0m12.00[0m
                      [0m%[0m
                    [36m</div>[39m
                  [36m</div>[39m
                  [36m<div[39m
                    [33mclass[39m=[32m"p-4 bg-emerald-500/5 rounded-2xl border border-emerald-500/10"[39m
                  [36m>[39m
                    [36m<div[39m
                      [33mclass[39m=[32m"text-[10px] text-zinc-500 uppercase font-bold mb-1"[39m
                    [36m>[39m
                      [0mSharpe Ratio[0m
                    [36m</div>[39m
                    [36m<div[39m
                      [33mclass[39m=[32m"text-2xl font-black text-emerald-400"[39m
                    [36m>[39m
                      [0m1.50[0m
                    [36m</div>[39m
                  [36m</div>[39m
                  [36m<div[39m
                    [33mclass[39m=[32m"p-4 bg-emerald-500/5 rounded-2xl border border-emerald-500/10"[39m
                  [36m>[39m
                    [36m<div[39m
                      [33mclass[39m=[32m"text-[10px] text-zinc-500 uppercase font-bold mb-1"[39m
                    [36m>[39m
                      [0mSortino Ratio[0m
                    [36m</div>[39m
                    [36m<div[39m
                      [33mclass[39m=[32m"text-2xl font-black text-emerald-400"[39m
                    [36m>[39m
                      [0m1.80[0m
                    [36m</div>[39m
                  [36m</div>[39m
                  [36m<div[39m
                    [33mclass[39m=[32m"p-4 bg-cyan-500/5 rounded-2xl border border-cyan-500/10"[39m
                  [36m>[39m
                    [36m<div[39m
                      [33mclass[39m=[32m"text-[10px] text-zinc-500 uppercase font-bold mb-1"[39m
                    [36m>[39m
                      [0mVol / Drawdown[0m
                    [36m</div>[39m
                    [36m<div[39m
                      [33mclass[39m=[32m"text-2xl font-black text-cyan-400"[39m
                    [36m>[39m
                      [0m1.20[0m
                    [36m</div>[39m
                  [36m</div>[39m
                [36m</div>[39m
              [36m</div>[39m
            [36m</div>[39m
            [36m<span[39m
              [33mclass[39m=[32m"react-resizable-handle react-resizable-handle-se"[39m
            [36m/>[39m
          [36m</div>[39m
          [36m<div[39m
            [33mclass[39m=[32m"react-grid-item react-draggable cssTransforms react-resizable"[39m
            [33mstyle[39m=[32m"width: 625px; height: 690px; position: absolute; transform: translate(10px,510px); -webkit-transform: translate(10px,510px);"[39m
          [36m>[39m
            [36m<div[39m
              [33mclass[39m=[32m"glass-card glass-panel glass-card--default  glass-card--hoverable  h-full"[39m
            [36m>[39m
              [36m<div[39m
                [33mclass[39m=[32m"glass-card__content"[39m
              [36m>[39m
                [36m<div[39m
                  [33mclass[39m=[32m"glass-card-drag-handle"[39m
                [36m>[39m
                  [36m<h2[39m
                    [33mclass[39m=[32m"text-xl font-bold mb-4"[39m
                  [36m>[39m
                    [0mStress Testing[0m
                  [36m</h2>[39m
                [36m</div>[39m
                [36m<div[39m
                  [33mclass[39m=[32m"flex gap-2 mb-6"[39m
                [36m>[39m
                  [36m<select[39m
                    [33mclass[39m=[32m"flex-1 bg-zinc-900 border border-zinc-800 rounded-lg px-4 py-2 text-sm text-white focus:outline-none focus:border-cyan-500/50"[39m
                  [36m>[39m
                    [36m<option[39m
                      [33mvalue[39m=[32m"market_crash_2008"[39m
                    [36m>[39m
                      [0m2008 Financial Crisis[0m
                    [36m</option>[39m
                    [36m<option[39m
                      [33mvalue[39m=[32m"covid_2020"[39m
                    [36m>[39m
                      [0m2020 COVID-19 Crash[0m
                    [36m</option>[39m
                    [36m<option[39m
                      [33mvalue[39m=[32m"inflation_2022"[39m
                    [36m>[39m
                      [0m2022 Inflation Spike[0m
                    [36m</option>[39m
                    [36m<option[39m
                      [33mvalue[39m=[32m"sector_shock_tech"[39m
                    [36m>[39m
                      [0mTech Sector Shock[0m
                    [36m</option>[39m
                  [36m</select>[39m
                  [36m<button[39m
                    [33mclass[39m=[32m"px-4 py-2 bg-cyan-500/10 border border-cyan-500/20 rounded-lg text-cyan-400 font-bold text-xs hover:bg-cyan-500/20 transition-all"[39m
                  [36m>[39m
                    [0mRUN[0m
                  [36m</button>[39m
                [36m</div>[39m
                [36m<div[39m
                  [33mclass[39m=[32m"flex items-center justify-center h-24 text-zinc-700 italic text-sm"[39m
                [36m>[39m
                  [0mSelect scenario to simulate impact[0m
                [36m</div>[39m
              [36m</div>[39m
            [36m</div>[39m
            [36m<span[39m
              [33mclass[39m=[32m"react-resizable-handle react-resizable-handle-se"[39m
            [36m/>[39m
          [36m</div>[39m
          [36m<div[39m
            [33mclass[39m=[32m"react-grid-item react-draggable cssTransforms react-resizable"[39m
            [33mstyle[39m=[32m"width: 625px; height: 690px; position: absolute; transform: translate(645px,510px); -webkit-transform: translate(645px,510px);"[39m
          [36m>[39m
            [36m<div[39m
              [33mclass[39m=[32m"glass-card glass-panel glass-card--default  glass-card--hoverable  h-full"[39m
            [36m>[39m
              [36m<div[39m
                [33mclass[39m=[32m"glass-card__content"[39m
              [36m>[39m
                [36m<div[39m
                  [33mclass[39m=[32m"glass-card-drag-handle"[39m
                [36m>[39m
                  [36m<h2[39m
                    [33mclass[39m=[32m"text-xl font-bold mb-4"[39m
                  [36m>[39m
                    [0mMonte Carlo Simulation[0m
                  [36m</h2>[39m
                [36m</div>[39m
                [36m<div[39m
                  [33mclass[39m=[32m"mb-6"[39m
                [36m>[39m
                  [36m<button[39m
                    [33mclass[39m=[32m"w-full py-3 bg-zinc-900 border border-zinc-800 rounded-xl text-zinc-400 font-bold text-xs hover:border-cyan-500/50 hover:text-white transition-all uppercase tracking-widest"[39m
                  [36m>[39m
                    [0mGENERATE 10K PATHS[0m
                  [36m</button>[39m
                [36m</div>[39m
                [36m<div[39m
                  [33mclass[39m=[32m"flex items-center justify-center h-24 text-zinc-700 italic text-sm"[39m
                [36m>[39m
                  [0mInitiate paths for probability analysis[0m
                [36m</div>[39m
              [36m</div>[39m
            [36m</div>[39m
            [36m<span[39m
              [33mclass[39m=[32m"react-resizable-handle react-resizable-handle-se"[39m
            [36m/>[39m
          [36m</div>[39m
        [36m</div>[39m
        [36m<div[39m
          [33mclass[39m=[32m"scroll-buffer-100"[39m
        [36m/>[39m
      [36m</div>[39m
    [36m</div>[39m
  [36m</div>[39m
[36m</body>[39m

[90mstdout[2m | tests/pages/AdvancedRiskDashboard.test.jsx[2m > [22m[2mAdvancedRiskDashboard[2m > [22m[2mshould display risk metrics
[22m[39m[36m<body>[39m
  [36m<div>[39m
    [36m<div[39m
      [33mclass[39m=[32m"full-bleed-page advanced-risk-dashboard"[39m
    [36m>[39m
      [36m<div[39m
        [33mclass[39m=[32m"dashboard-header"[39m
      [36m>[39m
        [36m<h1>[39m
          [0mAdvanced Risk Management[0m
        [36m</h1>[39m
        [36m<p[39m
          [33mclass[39m=[32m"subtitle"[39m
        [36m>[39m
          [0mPhase 3: Advanced Risk Management & Stress Testing[0m
        [36m</p>[39m
      [36m</div>[39m
      [36m<div[39m
        [33mclass[39m=[32m"scrollable-content-wrapper"[39m
      [36m>[39m
        [36m<div[39m
          [33mclass[39m=[32m"react-grid-layout layout"[39m
          [33mstyle[39m=[32m"height: 1210px;"[39m
        [36m>[39m
          [36m<div[39m
            [33mclass[39m=[32m"react-grid-item react-draggable cssTransforms react-resizable"[39m
            [33mstyle[39m=[32m"width: 1260px; height: 490px; position: absolute; transform: translate(10px,10px); -webkit-transform: translate(10px,10px);"[39m
          [36m>[39m
            [36m<div[39m
              [33mclass[39m=[32m"glass-card glass-panel glass-card--elevated  glass-card--hoverable  h-full"[39m
            [36m>[39m
              [36m<div[39m
                [33mclass[39m=[32m"glass-card__content"[39m
              [36m>[39m
                [36m<div[39m
                  [33mclass[39m=[32m"glass-card-drag-handle"[39m
                [36m>[39m
                  [36m<h2[39m
                    [33mclass[39m=[32m"text-xl font-bold mb-4"[39m
                  [36m>[39m
                    [0mRisk Metrics[0m
                  [36m</h2>[39m
                [36m</div>[39m
                [36m<div[39m
                  [33mclass[39m=[32m"grid grid-cols-2 md:grid-cols-3 gap-4"[39m
                [36m>[39m
                  [36m<div[39m
                    [33mclass[39m=[32m"p-4 bg-rose-500/5 rounded-2xl border border-rose-500/10"[39m
                  [36m>[39m
                    [36m<div[39m
                      [33mclass[39m=[32m"text-[10px] text-zinc-500 uppercase font-bold mb-1"[39m
                    [36m>[39m
                      [0mValue at Risk (VaR)[0m
                    [36m</div>[39m
                    [36m<div[39m
                      [33mclass[39m=[32m"text-2xl font-black text-rose-400"[39m
                    [36m>[39m
                      [0m$[0m
                      [0m0.05[0m
                    [36m</div>[39m
                    [36m<div[39m
                      [33mclass[39m=[32m"text-[10px] text-zinc-600 font-bold mt-1"[39m
                    [36m>[39m
                      [0m95% CONFIDENCE[0m
                    [36m</div>[39m
                  [36m</div>[39m
                  [36m<div[39m
                    [33mclass[39m=[32m"p-4 bg-orange-500/5 rounded-2xl border border-orange-500/10"[39m
                  [36m>[39m
                    [36m<div[39m
                      [33mclass[39m=[32m"text-[10px] text-zinc-500 uppercase font-bold mb-1"[39m
                    [36m>[39m
                      [0mExpected Tail Loss[0m
                    [36m</div>[39m
                    [36m<div[39m
                      [33mclass[39m=[32m"text-2xl font-black text-orange-400"[39m
                    [36m>[39m
                      [0m$[0m
                      [0m0.07[0m
                    [36m</div>[39m
                  [36m</div>[39m
                  [36m<div[39m
                    [33mclass[39m=[32m"p-4 bg-rose-500/5 rounded-2xl border border-rose-500/10"[39m
                  [36m>[39m
                    [36m<div[39m
                      [33mclass[39m=[32m"text-[10px] text-zinc-500 uppercase font-bold mb-1"[39m
                    [36m>[39m
                      [0mMax Drawdown[0m
                    [36m</div>[39m
                    [36m<div[39m
                      [33mclass[39m=[32m"text-2xl font-black text-rose-400"[39m
                    [36m>[39m
                      [0m12.00[0m
                      [0m%[0m
                    [36m</div>[39m
                  [36m</div>[39m
                  [36m<div[39m
                    [33mclass[39m=[32m"p-4 bg-emerald-500/5 rounded-2xl border border-emerald-500/10"[39m
                  [36m>[39m
                    [36m<div[39m
                      [33mclass[39m=[32m"text-[10px] text-zinc-500 uppercase font-bold mb-1"[39m
                    [36m>[39m
                      [0mSharpe Ratio[0m
                    [36m</div>[39m
                    [36m<div[39m
                      [33mclass[39m=[32m"text-2xl font-black text-emerald-400"[39m
                    [36m>[39m
                      [0m1.50[0m
                    [36m</div>[39m
                  [36m</div>[39m
                  [36m<div[39m
                    [33mclass[39m=[32m"p-4 bg-emerald-500/5 rounded-2xl border border-emerald-500/10"[39m
                  [36m>[39m
                    [36m<div[39m
                      [33mclass[39m=[32m"text-[10px] text-zinc-500 uppercase font-bold mb-1"[39m
                    [36m>[39m
                      [0mSortino Ratio[0m
                    [36m</div>[39m
                    [36m<div[39m
                      [33mclass[39m=[32m"text-2xl font-black text-emerald-400"[39m
                    [36m>[39m
                      [0m1.80[0m
                    [36m</div>[39m
                  [36m</div>[39m
                  [36m<div[39m
                    [33mclass[39m=[32m"p-4 bg-cyan-500/5 rounded-2xl border border-cyan-500/10"[39m
                  [36m>[39m
                    [36m<div[39m
                      [33mclass[39m=[32m"text-[10px] text-zinc-500 uppercase font-bold mb-1"[39m
                    [36m>[39m
                      [0mVol / Drawdown[0m
                    [36m</div>[39m
                    [36m<div[39m
                      [33mclass[39m=[32m"text-2xl font-black text-cyan-400"[39m
                    [36m>[39m
                      [0m1.20[0m
                    [36m</div>[39m
                  [36m</div>[39m
                [36m</div>[39m
              [36m</div>[39m
            [36m</div>[39m
            [36m<span[39m
              [33mclass[39m=[32m"react-resizable-handle react-resizable-handle-se"[39m
            [36m/>[39m
          [36m</div>[39m
          [36m<div[39m
            [33mclass[39m=[32m"react-grid-item react-draggable cssTransforms react-resizable"[39m
            [33mstyle[39m=[32m"width: 625px; height: 690px; position: absolute; transform: translate(10px,510px); -webkit-transform: translate(10px,510px);"[39m
          [36m>[39m
            [36m<div[39m
              [33mclass[39m=[32m"glass-card glass-panel glass-card--default  glass-card--hoverable  h-full"[39m
            [36m>[39m
              [36m<div[39m
                [33mclass[39m=[32m"glass-card__content"[39m
              [36m>[39m
                [36m<div[39m
                  [33mclass[39m=[32m"glass-card-drag-handle"[39m
                [36m>[39m
                  [36m<h2[39m
                    [33mclass[39m=[32m"text-xl font-bold mb-4"[39m
                  [36m>[39m
                    [0mStress Testing[0m
                  [36m</h2>[39m
                [36m</div>[39m
                [36m<div[39m
                  [33mclass[39m=[32m"flex gap-2 mb-6"[39m
                [36m>[39m
                  [36m<select[39m
                    [33mclass[39m=[32m"flex-1 bg-zinc-900 border border-zinc-800 rounded-lg px-4 py-2 text-sm text-white focus:outline-none focus:border-cyan-500/50"[39m
                  [36m>[39m
                    [36m<option[39m
                      [33mvalue[39m=[32m"market_crash_2008"[39m
                    [36m>[39m
                      [0m2008 Financial Crisis[0m
                    [36m</option>[39m
                    [36m<option[39m
                      [33mvalue[39m=[32m"covid_2020"[39m
                    [36m>[39m
                      [0m2020 COVID-19 Crash[0m
                    [36m</option>[39m
                    [36m<option[39m
                      [33mvalue[39m=[32m"inflation_2022"[39m
                    [36m>[39m
                      [0m2022 Inflation Spike[0m
                    [36m</option>[39m
                    [36m<option[39m
                      [33mvalue[39m=[32m"sector_shock_tech"[39m
                    [36m>[39m
                      [0mTech Sector Shock[0m
                    [36m</option>[39m
                  [36m</select>[39m
                  [36m<button[39m
                    [33mclass[39m=[32m"px-4 py-2 bg-cyan-500/10 border border-cyan-500/20 rounded-lg text-cyan-400 font-bold text-xs hover:bg-cyan-500/20 transition-all"[39m
                  [36m>[39m
                    [0mRUN[0m
                  [36m</button>[39m
                [36m</div>[39m
                [36m<div[39m
                  [33mclass[39m=[32m"flex items-center justify-center h-24 text-zinc-700 italic text-sm"[39m
                [36m>[39m
                  [0mSelect scenario to simulate impact[0m
                [36m</div>[39m
              [36m</div>[39m
            [36m</div>[39m
            [36m<span[39m
              [33mclass[39m=[32m"react-resizable-handle react-resizable-handle-se"[39m
            [36m/>[39m
          [36m</div>[39m
          [36m<div[39m
            [33mclass[39m=[32m"react-grid-item react-draggable cssTransforms react-resizable"[39m
            [33mstyle[39m=[32m"width: 625px; height: 690px; position: absolute; transform: translate(645px,510px); -webkit-transform: translate(645px,510px);"[39m
          [36m>[39m
            [36m<div[39m
              [33mclass[39m=[32m"glass-card glass-panel glass-card--default  glass-card--hoverable  h-full"[39m
            [36m>[39m
              [36m<div[39m
                [33mclass[39m=[32m"glass-card__content"[39m
              [36m>[39m
                [36m<div[39m
                  [33mclass[39m=[32m"glass-card-drag-handle"[39m
                [36m>[39m
                  [36m<h2[39m
                    [33mclass[39m=[32m"text-xl font-bold mb-4"[39m
                  [36m>[39m
                    [0mMonte Carlo Simulation[0m
                  [36m</h2>[39m
                [36m</div>[39m
                [36m<div[39m
                  [33mclass[39m=[32m"mb-6"[39m
                [36m>[39m
                  [36m<button[39m
                    [33mclass[39m=[32m"w-full py-3 bg-zinc-900 border border-zinc-800 rounded-xl text-zinc-400 font-bold text-xs hover:border-cyan-500/50 hover:text-white transition-all uppercase tracking-widest"[39m
                  [36m>[39m
                    [0mGENERATE 10K PATHS[0m
                  [36m</button>[39m
                [36m</div>[39m
                [36m<div[39m
                  [33mclass[39m=[32m"flex items-center justify-center h-24 text-zinc-700 italic text-sm"[39m
                [36m>[39m
                  [0mInitiate paths for probability analysis[0m
                [36m</div>[39m
              [36m</div>[39m
            [36m</div>[39m
            [36m<span[39m
              [33mclass[39m=[32m"react-resizable-handle react-resizable-handle-se"[39m
            [36m/>[39m
          [36m</div>[39m
        [36m</div>[39m
        [36m<div[39m
          [33mclass[39m=[32m"scroll-buffer-100"[39m
        [36m/>[39m
      [36m</div>[39m
    [36m</div>[39m
  [36m</div>[39m
[36m</body>[39m

[90mstdout[2m | tests/pages/AdvancedRiskDashboard.test.jsx[2m > [22m[2mAdvancedRiskDashboard[2m > [22m[2mshould display risk metrics
[22m[39m[36m<body>[39m
  [36m<div>[39m
    [36m<div[39m
      [33mclass[39m=[32m"full-bleed-page advanced-risk-dashboard"[39m
    [36m>[39m
      [36m<div[39m
        [33mclass[39m=[32m"dashboard-header"[39m
      [36m>[39m
        [36m<h1>[39m
          [0mAdvanced Risk Management[0m
        [36m</h1>[39m
        [36m<p[39m
          [33mclass[39m=[32m"subtitle"[39m
        [36m>[39m
          [0mPhase 3: Advanced Risk Management & Stress Testing[0m
        [36m</p>[39m
      [36m</div>[39m
      [36m<div[39m
        [33mclass[39m=[32m"scrollable-content-wrapper"[39m
      [36m>[39m
        [36m<div[39m
          [33mclass[39m=[32m"react-grid-layout layout"[39m
          [33mstyle[39m=[32m"height: 1210px;"[39m
        [36m>[39m
          [36m<div[39m
            [33mclass[39m=[32m"react-grid-item react-draggable cssTransforms react-resizable"[39m
            [33mstyle[39m=[32m"width: 1260px; height: 490px; position: absolute; transform: translate(10px,10px); -webkit-transform: translate(10px,10px);"[39m
          [36m>[39m
            [36m<div[39m
              [33mclass[39m=[32m"glass-card glass-panel glass-card--elevated  glass-card--hoverable  h-full"[39m
            [36m>[39m
              [36m<div[39m
                [33mclass[39m=[32m"glass-card__content"[39m
              [36m>[39m
                [36m<div[39m
                  [33mclass[39m=[32m"glass-card-drag-handle"[39m
                [36m>[39m
                  [36m<h2[39m
                    [33mclass[39m=[32m"text-xl font-bold mb-4"[39m
                  [36m>[39m
                    [0mRisk Metrics[0m
                  [36m</h2>[39m
                [36m</div>[39m
                [36m<div[39m
                  [33mclass[39m=[32m"grid grid-cols-2 md:grid-cols-3 gap-4"[39m
                [36m>[39m
                  [36m<div[39m
                    [33mclass[39m=[32m"p-4 bg-rose-500/5 rounded-2xl border border-rose-500/10"[39m
                  [36m>[39m
                    [36m<div[39m
                      [33mclass[39m=[32m"text-[10px] text-zinc-500 uppercase font-bold mb-1"[39m
                    [36m>[39m
                      [0mValue at Risk (VaR)[0m
                    [36m</div>[39m
                    [36m<div[39m
                      [33mclass[39m=[32m"text-2xl font-black text-rose-400"[39m
                    [36m>[39m
                      [0m$[0m
                      [0m0.05[0m
                    [36m</div>[39m
                    [36m<div[39m
                      [33mclass[39m=[32m"text-[10px] text-zinc-600 font-bold mt-1"[39m
                    [36m>[39m
                      [0m95% CONFIDENCE[0m
                    [36m</div>[39m
                  [36m</div>[39m
                  [36m<div[39m
                    [33mclass[39m=[32m"p-4 bg-orange-500/5 rounded-2xl border border-orange-500/10"[39m
                  [36m>[39m
                    [36m<div[39m
                      [33mclass[39m=[32m"text-[10px] text-zinc-500 uppercase font-bold mb-1"[39m
                    [36m>[39m
                      [0mExpected Tail Loss[0m
                    [36m</div>[39m
                    [36m<div[39m
                      [33mclass[39m=[32m"text-2xl font-black text-orange-400"[39m
                    [36m>[39m
                      [0m$[0m
                      [0m0.07[0m
                    [36m</div>[39m
                  [36m</div>[39m
                  [36m<div[39m
                    [33mclass[39m=[32m"p-4 bg-rose-500/5 rounded-2xl border border-rose-500/10"[39m
                  [36m>[39m
                    [36m<div[39m
                      [33mclass[39m=[32m"text-[10px] text-zinc-500 uppercase font-bold mb-1"[39m
                    [36m>[39m
                      [0mMax Drawdown[0m
                    [36m</div>[39m
                    [36m<div[39m
                      [33mclass[39m=[32m"text-2xl font-black text-rose-400"[39m
                    [36m>[39m
                      [0m12.00[0m
                      [0m%[0m
                    [36m</div>[39m
                  [36m</div>[39m
                  [36m<div[39m
                    [33mclass[39m=[32m"p-4 bg-emerald-500/5 rounded-2xl border border-emerald-500/10"[39m
                  [36m>[39m
                    [36m<div[39m
                      [33mclass[39m=[32m"text-[10px] text-zinc-500 uppercase font-bold mb-1"[39m
                    [36m>[39m
                      [0mSharpe Ratio[0m
                    [36m</div>[39m
                    [36m<div[39m
                      [33mclass[39m=[32m"text-2xl font-black text-emerald-400"[39m
                    [36m>[39m
                      [0m1.50[0m
                    [36m</div>[39m
                  [36m</div>[39m
                  [36m<div[39m
                    [33mclass[39m=[32m"p-4 bg-emerald-500/5 rounded-2xl border border-emerald-500/10"[39m
                  [36m>[39m
                    [36m<div[39m
                      [33mclass[39m=[32m"text-[10px] text-zinc-500 uppercase font-bold mb-1"[39m
                    [36m>[39m
                      [0mSortino Ratio[0m
                    [36m</div>[39m
                    [36m<div[39m
                      [33mclass[39m=[32m"text-2xl font-black text-emerald-400"[39m
                    [36m>[39m
                      [0m1.80[0m
                    [36m</div>[39m
                  [36m</div>[39m
                  [36m<div[39m
                    [33mclass[39m=[32m"p-4 bg-cyan-500/5 rounded-2xl border border-cyan-500/10"[39m
                  [36m>[39m
                    [36m<div[39m
                      [33mclass[39m=[32m"text-[10px] text-zinc-500 uppercase font-bold mb-1"[39m
                    [36m>[39m
                      [0mVol / Drawdown[0m
                    [36m</div>[39m
                    [36m<div[39m
                      [33mclass[39m=[32m"text-2xl font-black text-cyan-400"[39m
                    [36m>[39m
                      [0m1.20[0m
                    [36m</div>[39m
                  [36m</div>[39m
                [36m</div>[39m
              [36m</div>[39m
            [36m</div>[39m
            [36m<span[39m
              [33mclass[39m=[32m"react-resizable-handle react-resizable-handle-se"[39m
            [36m/>[39m
          [36m</div>[39m
          [36m<div[39m
            [33mclass[39m=[32m"react-grid-item react-draggable cssTransforms react-resizable"[39m
            [33mstyle[39m=[32m"width: 625px; height: 690px; position: absolute; transform: translate(10px,510px); -webkit-transform: translate(10px,510px);"[39m
          [36m>[39m
            [36m<div[39m
              [33mclass[39m=[32m"glass-card glass-panel glass-card--default  glass-card--hoverable  h-full"[39m
            [36m>[39m
              [36m<div[39m
                [33mclass[39m=[32m"glass-card__content"[39m
              [36m>[39m
                [36m<div[39m
                  [33mclass[39m=[32m"glass-card-drag-handle"[39m
                [36m>[39m
                  [36m<h2[39m
                    [33mclass[39m=[32m"text-xl font-bold mb-4"[39m
                  [36m>[39m
                    [0mStress Testing[0m
                  [36m</h2>[39m
                [36m</div>[39m
                [36m<div[39m
                  [33mclass[39m=[32m"flex gap-2 mb-6"[39m
                [36m>[39m
                  [36m<select[39m
                    [33mclass[39m=[32m"flex-1 bg-zinc-900 border border-zinc-800 rounded-lg px-4 py-2 text-sm text-white focus:outline-none focus:border-cyan-500/50"[39m
                  [36m>[39m
                    [36m<option[39m
                      [33mvalue[39m=[32m"market_crash_2008"[39m
                    [36m>[39m
                      [0m2008 Financial Crisis[0m
                    [36m</option>[39m
                    [36m<option[39m
                      [33mvalue[39m=[32m"covid_2020"[39m
                    [36m>[39m
                      [0m2020 COVID-19 Crash[0m
                    [36m</option>[39m
                    [36m<option[39m
                      [33mvalue[39m=[32m"inflation_2022"[39m
                    [36m>[39m
                      [0m2022 Inflation Spike[0m
                    [36m</option>[39m
                    [36m<option[39m
                      [33mvalue[39m=[32m"sector_shock_tech"[39m
                    [36m>[39m
                      [0mTech Sector Shock[0m
                    [36m</option>[39m
                  [36m</select>[39m
                  [36m<button[39m
                    [33mclass[39m=[32m"px-4 py-2 bg-cyan-500/10 border border-cyan-500/20 rounded-lg text-cyan-400 font-bold text-xs hover:bg-cyan-500/20 transition-all"[39m
                  [36m>[39m
                    [0mRUN[0m
                  [36m</button>[39m
                [36m</div>[39m
                [36m<div[39m
                  [33mclass[39m=[32m"flex items-center justify-center h-24 text-zinc-700 italic text-sm"[39m
                [36m>[39m
                  [0mSelect scenario to simulate impact[0m
                [36m</div>[39m
              [36m</div>[39m
            [36m</div>[39m
            [36m<span[39m
              [33mclass[39m=[32m"react-resizable-handle react-resizable-handle-se"[39m
            [36m/>[39m
          [36m</div>[39m
          [36m<div[39m
            [33mclass[39m=[32m"react-grid-item react-draggable cssTransforms react-resizable"[39m
            [33mstyle[39m=[32m"width: 625px; height: 690px; position: absolute; transform: translate(645px,510px); -webkit-transform: translate(645px,510px);"[39m
          [36m>[39m
            [36m<div[39m
              [33mclass[39m=[32m"glass-card glass-panel glass-card--default  glass-card--hoverable  h-full"[39m
            [36m>[39m
              [36m<div[39m
                [33mclass[39m=[32m"glass-card__content"[39m
              [36m>[39m
                [36m<div[39m
                  [33mclass[39m=[32m"glass-card-drag-handle"[39m
                [36m>[39m
                  [36m<h2[39m
                    [33mclass[39m=[32m"text-xl font-bold mb-4"[39m
                  [36m>[39m
                    [0mMonte Carlo Simulation[0m
                  [36m</h2>[39m
                [36m</div>[39m
                [36m<div[39m
                  [33mclass[39m=[32m"mb-6"[39m
                [36m>[39m
                  [36m<button[39m
                    [33mclass[39m=[32m"w-full py-3 bg-zinc-900 border border-zinc-800 rounded-xl text-zinc-400 font-bold text-xs hover:border-cyan-500/50 hover:text-white transition-all uppercase tracking-widest"[39m
                  [36m>[39m
                    [0mGENERATE 10K PATHS[0m
                  [36m</button>[39m
                [36m</div>[39m
                [36m<div[39m
                  [33mclass[39m=[32m"flex items-center justify-center h-24 text-zinc-700 italic text-sm"[39m
                [36m>[39m
                  [0mInitiate paths for probability analysis[0m
                [36m</div>[39m
              [36m</div>[39m
            [36m</div>[39m
            [36m<span[39m
              [33mclass[39m=[32m"react-resizable-handle react-resizable-handle-se"[39m
            [36m/>[39m
          [36m</div>[39m
        [36m</div>[39m
        [36m<div[39m
          [33mclass[39m=[32m"scroll-buffer-100"[39m
        [36m/>[39m
      [36m</div>[39m
    [36m</div>[39m
  [36m</div>[39m
[36m</body>[39m

[90mstdout[2m | tests/pages/AdvancedRiskDashboard.test.jsx[2m > [22m[2mAdvancedRiskDashboard[2m > [22m[2mshould display risk metrics
[22m[39m[36m<body>[39m
  [36m<div>[39m
    [36m<div[39m
      [33mclass[39m=[32m"full-bleed-page advanced-risk-dashboard"[39m
    [36m>[39m
      [36m<div[39m
        [33mclass[39m=[32m"dashboard-header"[39m
      [36m>[39m
        [36m<h1>[39m
          [0mAdvanced Risk Management[0m
        [36m</h1>[39m
        [36m<p[39m
          [33mclass[39m=[32m"subtitle"[39m
        [36m>[39m
          [0mPhase 3: Advanced Risk Management & Stress Testing[0m
        [36m</p>[39m
      [36m</div>[39m
      [36m<div[39m
        [33mclass[39m=[32m"scrollable-content-wrapper"[39m
      [36m>[39m
        [36m<div[39m
          [33mclass[39m=[32m"react-grid-layout layout"[39m
          [33mstyle[39m=[32m"height: 1210px;"[39m
        [36m>[39m
          [36m<div[39m
            [33mclass[39m=[32m"react-grid-item react-draggable cssTransforms react-resizable"[39m
            [33mstyle[39m=[32m"width: 1260px; height: 490px; position: absolute; transform: translate(10px,10px); -webkit-transform: translate(10px,10px);"[39m
          [36m>[39m
            [36m<div[39m
              [33mclass[39m=[32m"glass-card glass-panel glass-card--elevated  glass-card--hoverable  h-full"[39m
            [36m>[39m
              [36m<div[39m
                [33mclass[39m=[32m"glass-card__content"[39m
              [36m>[39m
                [36m<div[39m
                  [33mclass[39m=[32m"glass-card-drag-handle"[39m
                [36m>[39m
                  [36m<h2[39m
                    [33mclass[39m=[32m"text-xl font-bold mb-4"[39m
                  [36m>[39m
                    [0mRisk Metrics[0m
                  [36m</h2>[39m
                [36m</div>[39m
                [36m<div[39m
                  [33mclass[39m=[32m"grid grid-cols-2 md:grid-cols-3 gap-4"[39m
                [36m>[39m
                  [36m<div[39m
                    [33mclass[39m=[32m"p-4 bg-rose-500/5 rounded-2xl border border-rose-500/10"[39m
                  [36m>[39m
                    [36m<div[39m
                      [33mclass[39m=[32m"text-[10px] text-zinc-500 uppercase font-bold mb-1"[39m
                    [36m>[39m
                      [0mValue at Risk (VaR)[0m
                    [36m</div>[39m
                    [36m<div[39m
                      [33mclass[39m=[32m"text-2xl font-black text-rose-400"[39m
                    [36m>[39m
                      [0m$[0m
                      [0m0.05[0m
                    [36m</div>[39m
                    [36m<div[39m
                      [33mclass[39m=[32m"text-[10px] text-zinc-600 font-bold mt-1"[39m
                    [36m>[39m
                      [0m95% CONFIDENCE[0m
                    [36m</div>[39m
                  [36m</div>[39m
                  [36m<div[39m
                    [33mclass[39m=[32m"p-4 bg-orange-500/5 rounded-2xl border border-orange-500/10"[39m
                  [36m>[39m
                    [36m<div[39m
                      [33mclass[39m=[32m"text-[10px] text-zinc-500 uppercase font-bold mb-1"[39m
                    [36m>[39m
                      [0mExpected Tail Loss[0m
                    [36m</div>[39m
                    [36m<div[39m
                      [33mclass[39m=[32m"text-2xl font-black text-orange-400"[39m
                    [36m>[39m
                      [0m$[0m
                      [0m0.07[0m
                    [36m</div>[39m
                  [36m</div>[39m
                  [36m<div[39m
                    [33mclass[39m=[32m"p-4 bg-rose-500/5 rounded-2xl border border-rose-500/10"[39m
                  [36m>[39m
                    [36m<div[39m
                      [33mclass[39m=[32m"text-[10px] text-zinc-500 uppercase font-bold mb-1"[39m
                    [36m>[39m
                      [0mMax Drawdown[0m
                    [36m</div>[39m
                    [36m<div[39m
                      [33mclass[39m=[32m"text-2xl font-black text-rose-400"[39m
                    [36m>[39m
                      [0m12.00[0m
                      [0m%[0m
                    [36m</div>[39m
                  [36m</div>[39m
                  [36m<div[39m
                    [33mclass[39m=[32m"p-4 bg-emerald-500/5 rounded-2xl border border-emerald-500/10"[39m
                  [36m>[39m
                    [36m<div[39m
                      [33mclass[39m=[32m"text-[10px] text-zinc-500 uppercase font-bold mb-1"[39m
                    [36m>[39m
                      [0mSharpe Ratio[0m
                    [36m</div>[39m
                    [36m<div[39m
                      [33mclass[39m=[32m"text-2xl font-black text-emerald-400"[39m
                    [36m>[39m
                      [0m1.50[0m
                    [36m</div>[39m
                  [36m</div>[39m
                  [36m<div[39m
                    [33mclass[39m=[32m"p-4 bg-emerald-500/5 rounded-2xl border border-emerald-500/10"[39m
                  [36m>[39m
                    [36m<div[39m
                      [33mclass[39m=[32m"text-[10px] text-zinc-500 uppercase font-bold mb-1"[39m
                    [36m>[39m
                      [0mSortino Ratio[0m
                    [36m</div>[39m
                    [36m<div[39m
                      [33mclass[39m=[32m"text-2xl font-black text-emerald-400"[39m
                    [36m>[39m
                      [0m1.80[0m
                    [36m</div>[39m
                  [36m</div>[39m
                  [36m<div[39m
                    [33mclass[39m=[32m"p-4 bg-cyan-500/5 rounded-2xl border border-cyan-500/10"[39m
                  [36m>[39m
                    [36m<div[39m
                      [33mclass[39m=[32m"text-[10px] text-zinc-500 uppercase font-bold mb-1"[39m
                    [36m>[39m
                      [0mVol / Drawdown[0m
                    [36m</div>[39m
                    [36m<div[39m
                      [33mclass[39m=[32m"text-2xl font-black text-cyan-400"[39m
                    [36m>[39m
                      [0m1.20[0m
                    [36m</div>[39m
                  [36m</div>[39m
                [36m</div>[39m
              [36m</div>[39m
            [36m</div>[39m
            [36m<span[39m
              [33mclass[39m=[32m"react-resizable-handle react-resizable-handle-se"[39m
            [36m/>[39m
          [36m</div>[39m
          [36m<div[39m
            [33mclass[39m=[32m"react-grid-item react-draggable cssTransforms react-resizable"[39m
            [33mstyle[39m=[32m"width: 625px; height: 690px; position: absolute; transform: translate(10px,510px); -webkit-transform: translate(10px,510px);"[39m
          [36m>[39m
            [36m<div[39m
              [33mclass[39m=[32m"glass-card glass-panel glass-card--default  glass-card--hoverable  h-full"[39m
            [36m>[39m
              [36m<div[39m
                [33mclass[39m=[32m"glass-card__content"[39m
              [36m>[39m
                [36m<div[39m
                  [33mclass[39m=[32m"glass-card-drag-handle"[39m
                [36m>[39m
                  [36m<h2[39m
                    [33mclass[39m=[32m"text-xl font-bold mb-4"[39m
                  [36m>[39m
                    [0mStress Testing[0m
                  [36m</h2>[39m
                [36m</div>[39m
                [36m<div[39m
                  [33mclass[39m=[32m"flex gap-2 mb-6"[39m
                [36m>[39m
                  [36m<select[39m
                    [33mclass[39m=[32m"flex-1 bg-zinc-900 border border-zinc-800 rounded-lg px-4 py-2 text-sm text-white focus:outline-none focus:border-cyan-500/50"[39m
                  [36m>[39m
                    [36m<option[39m
                      [33mvalue[39m=[32m"market_crash_2008"[39m
                    [36m>[39m
                      [0m2008 Financial Crisis[0m
                    [36m</option>[39m
                    [36m<option[39m
                      [33mvalue[39m=[32m"covid_2020"[39m
                    [36m>[39m
                      [0m2020 COVID-19 Crash[0m
                    [36m</option>[39m
                    [36m<option[39m
                      [33mvalue[39m=[32m"inflation_2022"[39m
                    [36m>[39m
                      [0m2022 Inflation Spike[0m
                    [36m</option>[39m
                    [36m<option[39m
                      [33mvalue[39m=[32m"sector_shock_tech"[39m
                    [36m>[39m
                      [0mTech Sector Shock[0m
                    [36m</option>[39m
                  [36m</select>[39m
                  [36m<button[39m
                    [33mclass[39m=[32m"px-4 py-2 bg-cyan-500/10 border border-cyan-500/20 rounded-lg text-cyan-400 font-bold text-xs hover:bg-cyan-500/20 transition-all"[39m
                  [36m>[39m
                    [0mRUN[0m
                  [36m</button>[39m
                [36m</div>[39m
                [36m<div[39m
                  [33mclass[39m=[32m"flex items-center justify-center h-24 text-zinc-700 italic text-sm"[39m
                [36m>[39m
                  [0mSelect scenario to simulate impact[0m
                [36m</div>[39m
              [36m</div>[39m
            [36m</div>[39m
            [36m<span[39m
              [33mclass[39m=[32m"react-resizable-handle react-resizable-handle-se"[39m
            [36m/>[39m
          [36m</div>[39m
          [36m<div[39m
            [33mclass[39m=[32m"react-grid-item react-draggable cssTransforms react-resizable"[39m
            [33mstyle[39m=[32m"width: 625px; height: 690px; position: absolute; transform: translate(645px,510px); -webkit-transform: translate(645px,510px);"[39m
          [36m>[39m
            [36m<div[39m
              [33mclass[39m=[32m"glass-card glass-panel glass-card--default  glass-card--hoverable  h-full"[39m
            [36m>[39m
              [36m<div[39m
                [33mclass[39m=[32m"glass-card__content"[39m
              [36m>[39m
                [36m<div[39m
                  [33mclass[39m=[32m"glass-card-drag-handle"[39m
                [36m>[39m
                  [36m<h2[39m
                    [33mclass[39m=[32m"text-xl font-bold mb-4"[39m
                  [36m>[39m
                    [0mMonte Carlo Simulation[0m
                  [36m</h2>[39m
                [36m</div>[39m
                [36m<div[39m
                  [33mclass[39m=[32m"mb-6"[39m
                [36m>[39m
                  [36m<button[39m
                    [33mclass[39m=[32m"w-full py-3 bg-zinc-900 border border-zinc-800 rounded-xl text-zinc-400 font-bold text-xs hover:border-cyan-500/50 hover:text-white transition-all uppercase tracking-widest"[39m
                  [36m>[39m
                    [0mGENERATE 10K PATHS[0m
                  [36m</button>[39m
                [36m</div>[39m
                [36m<div[39m
                  [33mclass[39m=[32m"flex items-center justify-center h-24 text-zinc-700 italic text-sm"[39m
                [36m>[39m
                  [0mInitiate paths for probability analysis[0m
                [36m</div>[39m
              [36m</div>[39m
            [36m</div>[39m
            [36m<span[39m
              [33mclass[39m=[32m"react-resizable-handle react-resizable-handle-se"[39m
            [36m/>[39m
          [36m</div>[39m
        [36m</div>[39m
        [36m<div[39m
          [33mclass[39m=[32m"scroll-buffer-100"[39m
        [36m/>[39m
      [36m</div>[39m
    [36m</div>[39m
  [36m</div>[39m
[36m</body>[39m

[90mstdout[2m | tests/pages/AdvancedRiskDashboard.test.jsx[2m > [22m[2mAdvancedRiskDashboard[2m > [22m[2mshould display risk metrics
[22m[39m[36m<body>[39m
  [36m<div>[39m
    [36m<div[39m
      [33mclass[39m=[32m"full-bleed-page advanced-risk-dashboard"[39m
    [36m>[39m
      [36m<div[39m
        [33mclass[39m=[32m"dashboard-header"[39m
      [36m>[39m
        [36m<h1>[39m
          [0mAdvanced Risk Management[0m
        [36m</h1>[39m
        [36m<p[39m
          [33mclass[39m=[32m"subtitle"[39m
        [36m>[39m
          [0mPhase 3: Advanced Risk Management & Stress Testing[0m
        [36m</p>[39m
      [36m</div>[39m
      [36m<div[39m
        [33mclass[39m=[32m"scrollable-content-wrapper"[39m
      [36m>[39m
        [36m<div[39m
          [33mclass[39m=[32m"react-grid-layout layout"[39m
          [33mstyle[39m=[32m"height: 1210px;"[39m
        [36m>[39m
          [36m<div[39m
            [33mclass[39m=[32m"react-grid-item react-draggable cssTransforms react-resizable"[39m
            [33mstyle[39m=[32m"width: 1260px; height: 490px; position: absolute; transform: translate(10px,10px); -webkit-transform: translate(10px,10px);"[39m
          [36m>[39m
            [36m<div[39m
              [33mclass[39m=[32m"glass-card glass-panel glass-card--elevated  glass-card--hoverable  h-full"[39m
            [36m>[39m
              [36m<div[39m
                [33mclass[39m=[32m"glass-card__content"[39m
              [36m>[39m
                [36m<div[39m
                  [33mclass[39m=[32m"glass-card-drag-handle"[39m
                [36m>[39m
                  [36m<h2[39m
                    [33mclass[39m=[32m"text-xl font-bold mb-4"[39m
                  [36m>[39m
                    [0mRisk Metrics[0m
                  [36m</h2>[39m
                [36m</div>[39m
                [36m<div[39m
                  [33mclass[39m=[32m"grid grid-cols-2 md:grid-cols-3 gap-4"[39m
                [36m>[39m
                  [36m<div[39m
                    [33mclass[39m=[32m"p-4 bg-rose-500/5 rounded-2xl border border-rose-500/10"[39m
                  [36m>[39m
                    [36m<div[39m
                      [33mclass[39m=[32m"text-[10px] text-zinc-500 uppercase font-bold mb-1"[39m
                    [36m>[39m
                      [0mValue at Risk (VaR)[0m
                    [36m</div>[39m
                    [36m<div[39m
                      [33mclass[39m=[32m"text-2xl font-black text-rose-400"[39m
                    [36m>[39m
                      [0m$[0m
                      [0m0.05[0m
                    [36m</div>[39m
                    [36m<div[39m
                      [33mclass[39m=[32m"text-[10px] text-zinc-600 font-bold mt-1"[39m
                    [36m>[39m
                      [0m95% CONFIDENCE[0m
                    [36m</div>[39m
                  [36m</div>[39m
                  [36m<div[39m
                    [33mclass[39m=[32m"p-4 bg-orange-500/5 rounded-2xl border border-orange-500/10"[39m
                  [36m>[39m
                    [36m<div[39m
                      [33mclass[39m=[32m"text-[10px] text-zinc-500 uppercase font-bold mb-1"[39m
                    [36m>[39m
                      [0mExpected Tail Loss[0m
                    [36m</div>[39m
                    [36m<div[39m
                      [33mclass[39m=[32m"text-2xl font-black text-orange-400"[39m
                    [36m>[39m
                      [0m$[0m
                      [0m0.07[0m
                    [36m</div>[39m
                  [36m</div>[39m
                  [36m<div[39m
                    [33mclass[39m=[32m"p-4 bg-rose-500/5 rounded-2xl border border-rose-500/10"[39m
                  [36m>[39m
                    [36m<div[39m
                      [33mclass[39m=[32m"text-[10px] text-zinc-500 uppercase font-bold mb-1"[39m
                    [36m>[39m
                      [0mMax Drawdown[0m
                    [36m</div>[39m
                    [36m<div[39m
                      [33mclass[39m=[32m"text-2xl font-black text-rose-400"[39m
                    [36m>[39m
                      [0m12.00[0m
                      [0m%[0m
                    [36m</div>[39m
                  [36m</div>[39m
                  [36m<div[39m
                    [33mclass[39m=[32m"p-4 bg-emerald-500/5 rounded-2xl border border-emerald-500/10"[39m
                  [36m>[39m
                    [36m<div[39m
                      [33mclass[39m=[32m"text-[10px] text-zinc-500 uppercase font-bold mb-1"[39m
                    [36m>[39m
                      [0mSharpe Ratio[0m
                    [36m</div>[39m
                    [36m<div[39m
                      [33mclass[39m=[32m"text-2xl font-black text-emerald-400"[39m
                    [36m>[39m
                      [0m1.50[0m
                    [36m</div>[39m
                  [36m</div>[39m
                  [36m<div[39m
                    [33mclass[39m=[32m"p-4 bg-emerald-500/5 rounded-2xl border border-emerald-500/10"[39m
                  [36m>[39m
                    [36m<div[39m
                      [33mclass[39m=[32m"text-[10px] text-zinc-500 uppercase font-bold mb-1"[39m
                    [36m>[39m
                      [0mSortino Ratio[0m
                    [36m</div>[39m
                    [36m<div[39m
                      [33mclass[39m=[32m"text-2xl font-black text-emerald-400"[39m
                    [36m>[39m
                      [0m1.80[0m
                    [36m</div>[39m
                  [36m</div>[39m
                  [36m<div[39m
                    [33mclass[39m=[32m"p-4 bg-cyan-500/5 rounded-2xl border border-cyan-500/10"[39m
                  [36m>[39m
                    [36m<div[39m
                      [33mclass[39m=[32m"text-[10px] text-zinc-500 uppercase font-bold mb-1"[39m
                    [36m>[39m
                      [0mVol / Drawdown[0m
                    [36m</div>[39m
                    [36m<div[39m
                      [33mclass[39m=[32m"text-2xl font-black text-cyan-400"[39m
                    [36m>[39m
                      [0m1.20[0m
                    [36m</div>[39m
                  [36m</div>[39m
                [36m</div>[39m
              [36m</div>[39m
            [36m</div>[39m
            [36m<span[39m
              [33mclass[39m=[32m"react-resizable-handle react-resizable-handle-se"[39m
            [36m/>[39m
          [36m</div>[39m
          [36m<div[39m
            [33mclass[39m=[32m"react-grid-item react-draggable cssTransforms react-resizable"[39m
            [33mstyle[39m=[32m"width: 625px; height: 690px; position: absolute; transform: translate(10px,510px); -webkit-transform: translate(10px,510px);"[39m
          [36m>[39m
            [36m<div[39m
              [33mclass[39m=[32m"glass-card glass-panel glass-card--default  glass-card--hoverable  h-full"[39m
            [36m>[39m
              [36m<div[39m
                [33mclass[39m=[32m"glass-card__content"[39m
              [36m>[39m
                [36m<div[39m
                  [33mclass[39m=[32m"glass-card-drag-handle"[39m
                [36m>[39m
                  [36m<h2[39m
                    [33mclass[39m=[32m"text-xl font-bold mb-4"[39m
                  [36m>[39m
                    [0mStress Testing[0m
                  [36m</h2>[39m
                [36m</div>[39m
                [36m<div[39m
                  [33mclass[39m=[32m"flex gap-2 mb-6"[39m
                [36m>[39m
                  [36m<select[39m
                    [33mclass[39m=[32m"flex-1 bg-zinc-900 border border-zinc-800 rounded-lg px-4 py-2 text-sm text-white focus:outline-none focus:border-cyan-500/50"[39m
                  [36m>[39m
                    [36m<option[39m
                      [33mvalue[39m=[32m"market_crash_2008"[39m
                    [36m>[39m
                      [0m2008 Financial Crisis[0m
                    [36m</option>[39m
                    [36m<option[39m
                      [33mvalue[39m=[32m"covid_2020"[39m
                    [36m>[39m
                      [0m2020 COVID-19 Crash[0m
                    [36m</option>[39m
                    [36m<option[39m
                      [33mvalue[39m=[32m"inflation_2022"[39m
                    [36m>[39m
                      [0m2022 Inflation Spike[0m
                    [36m</option>[39m
                    [36m<option[39m
                      [33mvalue[39m=[32m"sector_shock_tech"[39m
                    [36m>[39m
                      [0mTech Sector Shock[0m
                    [36m</option>[39m
                  [36m</select>[39m
                  [36m<button[39m
                    [33mclass[39m=[32m"px-4 py-2 bg-cyan-500/10 border border-cyan-500/20 rounded-lg text-cyan-400 font-bold text-xs hover:bg-cyan-500/20 transition-all"[39m
                  [36m>[39m
                    [0mRUN[0m
                  [36m</button>[39m
                [36m</div>[39m
                [36m<div[39m
                  [33mclass[39m=[32m"flex items-center justify-center h-24 text-zinc-700 italic text-sm"[39m
                [36m>[39m
                  [0mSelect scenario to simulate impact[0m
                [36m</div>[39m
              [36m</div>[39m
            [36m</div>[39m
            [36m<span[39m
              [33mclass[39m=[32m"react-resizable-handle react-resizable-handle-se"[39m
            [36m/>[39m
          [36m</div>[39m
          [36m<div[39m
            [33mclass[39m=[32m"react-grid-item react-draggable cssTransforms react-resizable"[39m
            [33mstyle[39m=[32m"width: 625px; height: 690px; position: absolute; transform: translate(645px,510px); -webkit-transform: translate(645px,510px);"[39m
          [36m>[39m
            [36m<div[39m
              [33mclass[39m=[32m"glass-card glass-panel glass-card--default  glass-card--hoverable  h-full"[39m
            [36m>[39m
              [36m<div[39m
                [33mclass[39m=[32m"glass-card__content"[39m
              [36m>[39m
                [36m<div[39m
                  [33mclass[39m=[32m"glass-card-drag-handle"[39m
                [36m>[39m
                  [36m<h2[39m
                    [33mclass[39m=[32m"text-xl font-bold mb-4"[39m
                  [36m>[39m
                    [0mMonte Carlo Simulation[0m
                  [36m</h2>[39m
                [36m</div>[39m
                [36m<div[39m
                  [33mclass[39m=[32m"mb-6"[39m
                [36m>[39m
                  [36m<button[39m
                    [33mclass[39m=[32m"w-full py-3 bg-zinc-900 border border-zinc-800 rounded-xl text-zinc-400 font-bold text-xs hover:border-cyan-500/50 hover:text-white transition-all uppercase tracking-widest"[39m
                  [36m>[39m
                    [0mGENERATE 10K PATHS[0m
                  [36m</button>[39m
                [36m</div>[39m
                [36m<div[39m
                  [33mclass[39m=[32m"flex items-center justify-center h-24 text-zinc-700 italic text-sm"[39m
                [36m>[39m
                  [0mInitiate paths for probability analysis[0m
                [36m</div>[39m
              [36m</div>[39m
            [36m</div>[39m
            [36m<span[39m
              [33mclass[39m=[32m"react-resizable-handle react-resizable-handle-se"[39m
            [36m/>[39m
          [36m</div>[39m
        [36m</div>[39m
        [36m<div[39m
          [33mclass[39m=[32m"scroll-buffer-100"[39m
        [36m/>[39m
      [36m</div>[39m
    [36m</div>[39m
  [36m</div>[39m
[36m</body>[39m

[90mstdout[2m | tests/pages/AdvancedRiskDashboard.test.jsx[2m > [22m[2mAdvancedRiskDashboard[2m > [22m[2mshould display risk metrics
[22m[39m[36m<body>[39m
  [36m<div>[39m
    [36m<div[39m
      [33mclass[39m=[32m"full-bleed-page advanced-risk-dashboard"[39m
    [36m>[39m
      [36m<div[39m
        [33mclass[39m=[32m"dashboard-header"[39m
      [36m>[39m
        [36m<h1>[39m
          [0mAdvanced Risk Management[0m
        [36m</h1>[39m
        [36m<p[39m
          [33mclass[39m=[32m"subtitle"[39m
        [36m>[39m
          [0mPhase 3: Advanced Risk Management & Stress Testing[0m
        [36m</p>[39m
      [36m</div>[39m
      [36m<div[39m
        [33mclass[39m=[32m"scrollable-content-wrapper"[39m
      [36m>[39m
        [36m<div[39m
          [33mclass[39m=[32m"react-grid-layout layout"[39m
          [33mstyle[39m=[32m"height: 1210px;"[39m
        [36m>[39m
          [36m<div[39m
            [33mclass[39m=[32m"react-grid-item react-draggable cssTransforms react-resizable"[39m
            [33mstyle[39m=[32m"width: 1260px; height: 490px; position: absolute; transform: translate(10px,10px); -webkit-transform: translate(10px,10px);"[39m
          [36m>[39m
            [36m<div[39m
              [33mclass[39m=[32m"glass-card glass-panel glass-card--elevated  glass-card--hoverable  h-full"[39m
            [36m>[39m
              [36m<div[39m
                [33mclass[39m=[32m"glass-card__content"[39m
              [36m>[39m
                [36m<div[39m
                  [33mclass[39m=[32m"glass-card-drag-handle"[39m
                [36m>[39m
                  [36m<h2[39m
                    [33mclass[39m=[32m"text-xl font-bold mb-4"[39m
                  [36m>[39m
                    [0mRisk Metrics[0m
                  [36m</h2>[39m
                [36m</div>[39m
                [36m<div[39m
                  [33mclass[39m=[32m"grid grid-cols-2 md:grid-cols-3 gap-4"[39m
                [36m>[39m
                  [36m<div[39m
                    [33mclass[39m=[32m"p-4 bg-rose-500/5 rounded-2xl border border-rose-500/10"[39m
                  [36m>[39m
                    [36m<div[39m
                      [33mclass[39m=[32m"text-[10px] text-zinc-500 uppercase font-bold mb-1"[39m
                    [36m>[39m
                      [0mValue at Risk (VaR)[0m
                    [36m</div>[39m
                    [36m<div[39m
                      [33mclass[39m=[32m"text-2xl font-black text-rose-400"[39m
                    [36m>[39m
                      [0m$[0m
                      [0m0.05[0m
                    [36m</div>[39m
                    [36m<div[39m
                      [33mclass[39m=[32m"text-[10px] text-zinc-600 font-bold mt-1"[39m
                    [36m>[39m
                      [0m95% CONFIDENCE[0m
                    [36m</div>[39m
                  [36m</div>[39m
                  [36m<div[39m
                    [33mclass[39m=[32m"p-4 bg-orange-500/5 rounded-2xl border border-orange-500/10"[39m
                  [36m>[39m
                    [36m<div[39m
                      [33mclass[39m=[32m"text-[10px] text-zinc-500 uppercase font-bold mb-1"[39m
                    [36m>[39m
                      [0mExpected Tail Loss[0m
                    [36m</div>[39m
                    [36m<div[39m
                      [33mclass[39m=[32m"text-2xl font-black text-orange-400"[39m
                    [36m>[39m
                      [0m$[0m
                      [0m0.07[0m
                    [36m</div>[39m
                  [36m</div>[39m
                  [36m<div[39m
                    [33mclass[39m=[32m"p-4 bg-rose-500/5 rounded-2xl border border-rose-500/10"[39m
                  [36m>[39m
                    [36m<div[39m
                      [33mclass[39m=[32m"text-[10px] text-zinc-500 uppercase font-bold mb-1"[39m
                    [36m>[39m
                      [0mMax Drawdown[0m
                    [36m</div>[39m
                    [36m<div[39m
                      [33mclass[39m=[32m"text-2xl font-black text-rose-400"[39m
                    [36m>[39m
                      [0m12.00[0m
                      [0m%[0m
                    [36m</div>[39m
                  [36m</div>[39m
                  [36m<div[39m
                    [33mclass[39m=[32m"p-4 bg-emerald-500/5 rounded-2xl border border-emerald-500/10"[39m
                  [36m>[39m
                    [36m<div[39m
                      [33mclass[39m=[32m"text-[10px] text-zinc-500 uppercase font-bold mb-1"[39m
                    [36m>[39m
                      [0mSharpe Ratio[0m
                    [36m</div>[39m
                    [36m<div[39m
                      [33mclass[39m=[32m"text-2xl font-black text-emerald-400"[39m
                    [36m>[39m
                      [0m1.50[0m
                    [36m</div>[39m
                  [36m</div>[39m
                  [36m<div[39m
                    [33mclass[39m=[32m"p-4 bg-emerald-500/5 rounded-2xl border border-emerald-500/10"[39m
                  [36m>[39m
                    [36m<div[39m
                      [33mclass[39m=[32m"text-[10px] text-zinc-500 uppercase font-bold mb-1"[39m
                    [36m>[39m
                      [0mSortino Ratio[0m
                    [36m</div>[39m
                    [36m<div[39m
                      [33mclass[39m=[32m"text-2xl font-black text-emerald-400"[39m
                    [36m>[39m
                      [0m1.80[0m
                    [36m</div>[39m
                  [36m</div>[39m
                  [36m<div[39m
                    [33mclass[39m=[32m"p-4 bg-cyan-500/5 rounded-2xl border border-cyan-500/10"[39m
                  [36m>[39m
                    [36m<div[39m
                      [33mclass[39m=[32m"text-[10px] text-zinc-500 uppercase font-bold mb-1"[39m
                    [36m>[39m
                      [0mVol / Drawdown[0m
                    [36m</div>[39m
                    [36m<div[39m
                      [33mclass[39m=[32m"text-2xl font-black text-cyan-400"[39m
                    [36m>[39m
                      [0m1.20[0m
                    [36m</div>[39m
                  [36m</div>[39m
                [36m</div>[39m
              [36m</div>[39m
            [36m</div>[39m
            [36m<span[39m
              [33mclass[39m=[32m"react-resizable-handle react-resizable-handle-se"[39m
            [36m/>[39m
          [36m</div>[39m
          [36m<div[39m
            [33mclass[39m=[32m"react-grid-item react-draggable cssTransforms react-resizable"[39m
            [33mstyle[39m=[32m"width: 625px; height: 690px; position: absolute; transform: translate(10px,510px); -webkit-transform: translate(10px,510px);"[39m
          [36m>[39m
            [36m<div[39m
              [33mclass[39m=[32m"glass-card glass-panel glass-card--default  glass-card--hoverable  h-full"[39m
            [36m>[39m
              [36m<div[39m
                [33mclass[39m=[32m"glass-card__content"[39m
              [36m>[39m
                [36m<div[39m
                  [33mclass[39m=[32m"glass-card-drag-handle"[39m
                [36m>[39m
                  [36m<h2[39m
                    [33mclass[39m=[32m"text-xl font-bold mb-4"[39m
                  [36m>[39m
                    [0mStress Testing[0m
                  [36m</h2>[39m
                [36m</div>[39m
                [36m<div[39m
                  [33mclass[39m=[32m"flex gap-2 mb-6"[39m
                [36m>[39m
                  [36m<select[39m
                    [33mclass[39m=[32m"flex-1 bg-zinc-900 border border-zinc-800 rounded-lg px-4 py-2 text-sm text-white focus:outline-none focus:border-cyan-500/50"[39m
                  [36m>[39m
                    [36m<option[39m
                      [33mvalue[39m=[32m"market_crash_2008"[39m
                    [36m>[39m
                      [0m2008 Financial Crisis[0m
                    [36m</option>[39m
                    [36m<option[39m
                      [33mvalue[39m=[32m"covid_2020"[39m
                    [36m>[39m
                      [0m2020 COVID-19 Crash[0m
                    [36m</option>[39m
                    [36m<option[39m
                      [33mvalue[39m=[32m"inflation_2022"[39m
                    [36m>[39m
                      [0m2022 Inflation Spike[0m
                    [36m</option>[39m
                    [36m<option[39m
                      [33mvalue[39m=[32m"sector_shock_tech"[39m
                    [36m>[39m
                      [0mTech Sector Shock[0m
                    [36m</option>[39m
                  [36m</select>[39m
                  [36m<button[39m
                    [33mclass[39m=[32m"px-4 py-2 bg-cyan-500/10 border border-cyan-500/20 rounded-lg text-cyan-400 font-bold text-xs hover:bg-cyan-500/20 transition-all"[39m
                  [36m>[39m
                    [0mRUN[0m
                  [36m</button>[39m
                [36m</div>[39m
                [36m<div[39m
                  [33mclass[39m=[32m"flex items-center justify-center h-24 text-zinc-700 italic text-sm"[39m
                [36m>[39m
                  [0mSelect scenario to simulate impact[0m
                [36m</div>[39m
              [36m</div>[39m
            [36m</div>[39m
            [36m<span[39m
              [33mclass[39m=[32m"react-resizable-handle react-resizable-handle-se"[39m
            [36m/>[39m
          [36m</div>[39m
          [36m<div[39m
            [33mclass[39m=[32m"react-grid-item react-draggable cssTransforms react-resizable"[39m
            [33mstyle[39m=[32m"width: 625px; height: 690px; position: absolute; transform: translate(645px,510px); -webkit-transform: translate(645px,510px);"[39m
          [36m>[39m
            [36m<div[39m
              [33mclass[39m=[32m"glass-card glass-panel glass-card--default  glass-card--hoverable  h-full"[39m
            [36m>[39m
              [36m<div[39m
                [33mclass[39m=[32m"glass-card__content"[39m
              [36m>[39m
                [36m<div[39m
                  [33mclass[39m=[32m"glass-card-drag-handle"[39m
                [36m>[39m
                  [36m<h2[39m
                    [33mclass[39m=[32m"text-xl font-bold mb-4"[39m
                  [36m>[39m
                    [0mMonte Carlo Simulation[0m
                  [36m</h2>[39m
                [36m</div>[39m
                [36m<div[39m
                  [33mclass[39m=[32m"mb-6"[39m
                [36m>[39m
                  [36m<button[39m
                    [33mclass[39m=[32m"w-full py-3 bg-zinc-900 border border-zinc-800 rounded-xl text-zinc-400 font-bold text-xs hover:border-cyan-500/50 hover:text-white transition-all uppercase tracking-widest"[39m
                  [36m>[39m
                    [0mGENERATE 10K PATHS[0m
                  [36m</button>[39m
                [36m</div>[39m
                [36m<div[39m
                  [33mclass[39m=[32m"flex items-center justify-center h-24 text-zinc-700 italic text-sm"[39m
                [36m>[39m
                  [0mInitiate paths for probability analysis[0m
                [36m</div>[39m
              [36m</div>[39m
            [36m</div>[39m
            [36m<span[39m
              [33mclass[39m=[32m"react-resizable-handle react-resizable-handle-se"[39m
            [36m/>[39m
          [36m</div>[39m
        [36m</div>[39m
        [36m<div[39m
          [33mclass[39m=[32m"scroll-buffer-100"[39m
        [36m/>[39m
      [36m</div>[39m
    [36m</div>[39m
  [36m</div>[39m
[36m</body>[39m

[90mstdout[2m | tests/pages/AdvancedRiskDashboard.test.jsx[2m > [22m[2mAdvancedRiskDashboard[2m > [22m[2mshould display risk metrics
[22m[39m[36m<body>[39m
  [36m<div>[39m
    [36m<div[39m
      [33mclass[39m=[32m"full-bleed-page advanced-risk-dashboard"[39m
    [36m>[39m
      [36m<div[39m
        [33mclass[39m=[32m"dashboard-header"[39m
      [36m>[39m
        [36m<h1>[39m
          [0mAdvanced Risk Management[0m
        [36m</h1>[39m
        [36m<p[39m
          [33mclass[39m=[32m"subtitle"[39m
        [36m>[39m
          [0mPhase 3: Advanced Risk Management & Stress Testing[0m
        [36m</p>[39m
      [36m</div>[39m
      [36m<div[39m
        [33mclass[39m=[32m"scrollable-content-wrapper"[39m
      [36m>[39m
        [36m<div[39m
          [33mclass[39m=[32m"react-grid-layout layout"[39m
          [33mstyle[39m=[32m"height: 1210px;"[39m
        [36m>[39m
          [36m<div[39m
            [33mclass[39m=[32m"react-grid-item react-draggable cssTransforms react-resizable"[39m
            [33mstyle[39m=[32m"width: 1260px; height: 490px; position: absolute; transform: translate(10px,10px); -webkit-transform: translate(10px,10px);"[39m
          [36m>[39m
            [36m<div[39m
              [33mclass[39m=[32m"glass-card glass-panel glass-card--elevated  glass-card--hoverable  h-full"[39m
            [36m>[39m
              [36m<div[39m
                [33mclass[39m=[32m"glass-card__content"[39m
              [36m>[39m
                [36m<div[39m
                  [33mclass[39m=[32m"glass-card-drag-handle"[39m
                [36m>[39m
                  [36m<h2[39m
                    [33mclass[39m=[32m"text-xl font-bold mb-4"[39m
                  [36m>[39m
                    [0mRisk Metrics[0m
                  [36m</h2>[39m
                [36m</div>[39m
                [36m<div[39m
                  [33mclass[39m=[32m"grid grid-cols-2 md:grid-cols-3 gap-4"[39m
                [36m>[39m
                  [36m<div[39m
                    [33mclass[39m=[32m"p-4 bg-rose-500/5 rounded-2xl border border-rose-500/10"[39m
                  [36m>[39m
                    [36m<div[39m
                      [33mclass[39m=[32m"text-[10px] text-zinc-500 uppercase font-bold mb-1"[39m
                    [36m>[39m
                      [0mValue at Risk (VaR)[0m
                    [36m</div>[39m
                    [36m<div[39m
                      [33mclass[39m=[32m"text-2xl font-black text-rose-400"[39m
                    [36m>[39m
                      [0m$[0m
                      [0m0.05[0m
                    [36m</div>[39m
                    [36m<div[39m
                      [33mclass[39m=[32m"text-[10px] text-zinc-600 font-bold mt-1"[39m
                    [36m>[39m
                      [0m95% CONFIDENCE[0m
                    [36m</div>[39m
                  [36m</div>[39m
                  [36m<div[39m
                    [33mclass[39m=[32m"p-4 bg-orange-500/5 rounded-2xl border border-orange-500/10"[39m
                  [36m>[39m
                    [36m<div[39m
                      [33mclass[39m=[32m"text-[10px] text-zinc-500 uppercase font-bold mb-1"[39m
                    [36m>[39m
                      [0mExpected Tail Loss[0m
                    [36m</div>[39m
                    [36m<div[39m
                      [33mclass[39m=[32m"text-2xl font-black text-orange-400"[39m
                    [36m>[39m
                      [0m$[0m
                      [0m0.07[0m
                    [36m</div>[39m
                  [36m</div>[39m
                  [36m<div[39m
                    [33mclass[39m=[32m"p-4 bg-rose-500/5 rounded-2xl border border-rose-500/10"[39m
                  [36m>[39m
                    [36m<div[39m
                      [33mclass[39m=[32m"text-[10px] text-zinc-500 uppercase font-bold mb-1"[39m
                    [36m>[39m
                      [0mMax Drawdown[0m
                    [36m</div>[39m
                    [36m<div[39m
                      [33mclass[39m=[32m"text-2xl font-black text-rose-400"[39m
                    [36m>[39m
                      [0m12.00[0m
                      [0m%[0m
                    [36m</div>[39m
                  [36m</div>[39m
                  [36m<div[39m
                    [33mclass[39m=[32m"p-4 bg-emerald-500/5 rounded-2xl border border-emerald-500/10"[39m
                  [36m>[39m
                    [36m<div[39m
                      [33mclass[39m=[32m"text-[10px] text-zinc-500 uppercase font-bold mb-1"[39m
                    [36m>[39m
                      [0mSharpe Ratio[0m
                    [36m</div>[39m
                    [36m<div[39m
                      [33mclass[39m=[32m"text-2xl font-black text-emerald-400"[39m
                    [36m>[39m
                      [0m1.50[0m
                    [36m</div>[39m
                  [36m</div>[39m
                  [36m<div[39m
                    [33mclass[39m=[32m"p-4 bg-emerald-500/5 rounded-2xl border border-emerald-500/10"[39m
                  [36m>[39m
                    [36m<div[39m
                      [33mclass[39m=[32m"text-[10px] text-zinc-500 uppercase font-bold mb-1"[39m
                    [36m>[39m
                      [0mSortino Ratio[0m
                    [36m</div>[39m
                    [36m<div[39m
                      [33mclass[39m=[32m"text-2xl font-black text-emerald-400"[39m
                    [36m>[39m
                      [0m1.80[0m
                    [36m</div>[39m
                  [36m</div>[39m
                  [36m<div[39m
                    [33mclass[39m=[32m"p-4 bg-cyan-500/5 rounded-2xl border border-cyan-500/10"[39m
                  [36m>[39m
                    [36m<div[39m
                      [33mclass[39m=[32m"text-[10px] text-zinc-500 uppercase font-bold mb-1"[39m
                    [36m>[39m
                      [0mVol / Drawdown[0m
                    [36m</div>[39m
                    [36m<div[39m
                      [33mclass[39m=[32m"text-2xl font-black text-cyan-400"[39m
                    [36m>[39m
                      [0m1.20[0m
                    [36m</div>[39m
                  [36m</div>[39m
                [36m</div>[39m
              [36m</div>[39m
            [36m</div>[39m
            [36m<span[39m
              [33mclass[39m=[32m"react-resizable-handle react-resizable-handle-se"[39m
            [36m/>[39m
          [36m</div>[39m
          [36m<div[39m
            [33mclass[39m=[32m"react-grid-item react-draggable cssTransforms react-resizable"[39m
            [33mstyle[39m=[32m"width: 625px; height: 690px; position: absolute; transform: translate(10px,510px); -webkit-transform: translate(10px,510px);"[39m
          [36m>[39m
            [36m<div[39m
              [33mclass[39m=[32m"glass-card glass-panel glass-card--default  glass-card--hoverable  h-full"[39m
            [36m>[39m
              [36m<div[39m
                [33mclass[39m=[32m"glass-card__content"[39m
              [36m>[39m
                [36m<div[39m
                  [33mclass[39m=[32m"glass-card-drag-handle"[39m
                [36m>[39m
                  [36m<h2[39m
                    [33mclass[39m=[32m"text-xl font-bold mb-4"[39m
                  [36m>[39m
                    [0mStress Testing[0m
                  [36m</h2>[39m
                [36m</div>[39m
                [36m<div[39m
                  [33mclass[39m=[32m"flex gap-2 mb-6"[39m
                [36m>[39m
                  [36m<select[39m
                    [33mclass[39m=[32m"flex-1 bg-zinc-900 border border-zinc-800 rounded-lg px-4 py-2 text-sm text-white focus:outline-none focus:border-cyan-500/50"[39m
                  [36m>[39m
                    [36m<option[39m
                      [33mvalue[39m=[32m"market_crash_2008"[39m
                    [36m>[39m
                      [0m2008 Financial Crisis[0m
                    [36m</option>[39m
                    [36m<option[39m
                      [33mvalue[39m=[32m"covid_2020"[39m
                    [36m>[39m
                      [0m2020 COVID-19 Crash[0m
                    [36m</option>[39m
                    [36m<option[39m
                      [33mvalue[39m=[32m"inflation_2022"[39m
                    [36m>[39m
                      [0m2022 Inflation Spike[0m
                    [36m</option>[39m
                    [36m<option[39m
                      [33mvalue[39m=[32m"sector_shock_tech"[39m
                    [36m>[39m
                      [0mTech Sector Shock[0m
                    [36m</option>[39m
                  [36m</select>[39m
                  [36m<button[39m
                    [33mclass[39m=[32m"px-4 py-2 bg-cyan-500/10 border border-cyan-500/20 rounded-lg text-cyan-400 font-bold text-xs hover:bg-cyan-500/20 transition-all"[39m
                  [36m>[39m
                    [0mRUN[0m
                  [36m</button>[39m
                [36m</div>[39m
                [36m<div[39m
                  [33mclass[39m=[32m"flex items-center justify-center h-24 text-zinc-700 italic text-sm"[39m
                [36m>[39m
                  [0mSelect scenario to simulate impact[0m
                [36m</div>[39m
              [36m</div>[39m
            [36m</div>[39m
            [36m<span[39m
              [33mclass[39m=[32m"react-resizable-handle react-resizable-handle-se"[39m
            [36m/>[39m
          [36m</div>[39m
          [36m<div[39m
            [33mclass[39m=[32m"react-grid-item react-draggable cssTransforms react-resizable"[39m
            [33mstyle[39m=[32m"width: 625px; height: 690px; position: absolute; transform: translate(645px,510px); -webkit-transform: translate(645px,510px);"[39m
          [36m>[39m
            [36m<div[39m
              [33mclass[39m=[32m"glass-card glass-panel glass-card--default  glass-card--hoverable  h-full"[39m
            [36m>[39m
              [36m<div[39m
                [33mclass[39m=[32m"glass-card__content"[39m
              [36m>[39m
                [36m<div[39m
                  [33mclass[39m=[32m"glass-card-drag-handle"[39m
                [36m>[39m
                  [36m<h2[39m
                    [33mclass[39m=[32m"text-xl font-bold mb-4"[39m
                  [36m>[39m
                    [0mMonte Carlo Simulation[0m
                  [36m</h2>[39m
                [36m</div>[39m
                [36m<div[39m
                  [33mclass[39m=[32m"mb-6"[39m
                [36m>[39m
                  [36m<button[39m
                    [33mclass[39m=[32m"w-full py-3 bg-zinc-900 border border-zinc-800 rounded-xl text-zinc-400 font-bold text-xs hover:border-cyan-500/50 hover:text-white transition-all uppercase tracking-widest"[39m
                  [36m>[39m
                    [0mGENERATE 10K PATHS[0m
                  [36m</button>[39m
                [36m</div>[39m
                [36m<div[39m
                  [33mclass[39m=[32m"flex items-center justify-center h-24 text-zinc-700 italic text-sm"[39m
                [36m>[39m
                  [0mInitiate paths for probability analysis[0m
                [36m</div>[39m
              [36m</div>[39m
            [36m</div>[39m
            [36m<span[39m
              [33mclass[39m=[32m"react-resizable-handle react-resizable-handle-se"[39m
            [36m/>[39m
          [36m</div>[39m
        [36m</div>[39m
        [36m<div[39m
          [33mclass[39m=[32m"scroll-buffer-100"[39m
        [36m/>[39m
      [36m</div>[39m
    [36m</div>[39m
  [36m</div>[39m
[36m</body>[39m

 [31mΓ¥»[39m tests/pages/AdvancedRiskDashboard.test.jsx [2m([22m[2m2 tests[22m[2m | [22m[31m2 failed[39m[2m)[22m[33m 2087[2mms[22m[39m
[31m     [31m├ù[31m should render dashboard[39m[33m 1066[2mms[22m[39m
[31m     [31m├ù[31m should display risk metrics[39m[33m 1019[2mms[22m[39m
node.exe : 
At C:\Program Files\nodejs\npx.ps1:29 char:3
+   & $NODE_EXE $NPX_CLI_JS $args
+   ~~~~~~~~~~~~~~~~~~~~~~~~~~~~~
    + CategoryInfo          : NotSpecified: (:String)  
   [], RemoteException
    + FullyQualifiedErrorId : NativeCommandError
 
[31mΓÄ»ΓÄ»ΓÄ»ΓÄ»ΓÄ»ΓÄ»ΓÄ»[39m[1m[41m Failed Tests 
2 [49m[22m[31mΓÄ»ΓÄ»ΓÄ»ΓÄ»ΓÄ»ΓÄ»ΓÄ»[39m

[41m[1m FAIL [22m[49m 
tests/pages/AdvancedRiskDashboard.test.jsx[2m > 
[22mAdvancedRiskDashboard[2m > [22mshould render 
dashboard
[31m[1mTestingLibraryElementError[22m[39m: Found 
multiple elements with the text: /Advanced Risk 
Management/i

Here are the matching elements:

Ignored nodes: comments, script, style
[36m<h1>[39m
  [0mAdvanced Risk Management[0m
[36m</h1>[39m

Ignored nodes: comments, script, style
[36m<p[39m
  [33mclass[39m=[32m"subtitle"[39m
[36m>[39m
  [0mPhase 3: Advanced Risk Management & Stress 
Testing[0m
[36m</p>[39m

(If this is intentional, then use the `*AllBy*` 
variant of the query (like `queryAllByText`, 
`getAllByText`, or `findAllByText`)).

Ignored nodes: comments, script, style
[36m<body>[39m
  [36m<div>[39m
    [36m<div[39m
      [33mclass[39m=[32m"full-bleed-page 
advanced-risk-dashboard"[39m
    [36m>[39m
      [36m<div[39m
        [33mclass[39m=[32m"dashboard-header"[39m
      [36m>[39m
        [36m<h1>[39m
          [0mAdvanced Risk Management[0m
        [36m</h1>[39m
        [36m<p[39m
          [33mclass[39m=[32m"subtitle"[39m
        [36m>[39m
          [0mPhase 3: Advanced Risk Management & 
Stress Testing[0m
        [36m</p>[39m
      [36m</div>[39m
      [36m<div[39m
        
[33mclass[39m=[32m"scrollable-content-wrapper"[39m
      [36m>[39m
        [36m<div[39m
          [33mclass[39m=[32m"react-grid-layout 
layout"[39m
          [33mstyle[39m=[32m"height: 1210px;"[39m
        [36m>[39m
          [36m<div[39m
            [33mclass[39m=[32m"react-grid-item 
react-draggable cssTransforms react-resizable"[39m
            [33mstyle[39m=[32m"width: 1260px; 
height: 490px; position: absolute; transform: 
translate(10px,10px); -webkit-transform: 
translate(10px,10px);"[39m
          [36m>[39m
            [36m<div[39m
              [33mclass[39m=[32m"glass-card 
glass-panel glass-card--elevated  
glass-card--hoverable  h-full"[39m
            [36m>[39m
              [36m<div[39m
                
[33mclass[39m=[32m"glass-card__content"[39m
              [36m>[39m
                [36m<div[39m
                  
[33mclass[39m=[32m"glass-card-drag-handle"[39m
                [36m>[39m
                  [36m<h2[39m
                    [33mclass[39m=[32m"text-xl 
font-bold mb-4"[39m
                  [36m>[39m
                    [0mRisk Metrics[0m
                  [36m</h2>[39m
                [36m</div>[39m
                [36m<div[39m
                  [33mclass[39m=[32m"grid 
grid-cols-2 md:grid-cols-3 gap-4"[39m
                [36m>[39m
                  [36m<div[39m
                    [33mclass[39m=[32m"p-4 
bg-rose-500/5 rounded-2xl border 
border-rose-500/10"[39m
                  [36m>[39m
                    [36m<div[39m
                      
[33mclass[39m=[32m"text-[10px] text-zinc-500 
uppercase font-bold mb-1"[39m
                    [36m>[39m
                      [0mValue at Risk (VaR)[0m
                    [36m</div>[39m
                    [36m<div[39m
                      [33mclass[39m=[32m"text-2xl 
font-black text-rose-400"[39m
                    [36m>[39m
                      [0m$[0m
                      [0mNaN[0m
                    [36m</div>[39m
                    [36m<div[39m
                      
[33mclass[39m=[32m"text-[10px] text-zinc-600 
font-bold mt-1"[39m
                    [36m>[39m
                      [0m95% CONFIDENCE[0m
                    [36m</div>[39m
                  [36m</div>[39m
                  [36m<div[39m
                    [33mclass[39m=[32m"p-4 
bg-orange-500/5 rounded-2xl border 
border-orange-500/10"[39m
                  [36m>[39m
                    [36m<div[39m
                      
[33mclass[39m=[32m"text-[10px] text-zinc-500 
uppercase font-bold mb-1"[39m
                    [36m>[39m
                      [0mExpected Tail Loss[0m
                    [36m</div>[39m
                    [36m<div[39m
                      [33mclass[39m=[32m"text-2xl 
font-black text-orange-400"[39m
                    [36m>[39m
                      [0m$[0m
                      [0mNaN[0m
                    [36m</div>[39m
                  [36m</div>[39m
                  [36m<div[39m
                    [33mclass[39m=[32m"p-4 
bg-rose-500/5 rounded-2xl border 
border-rose-500/10"[39m
                  [36m>[39m
                    [36m<div[39m
                      
[33mclass[39m=[32m"text-[10px] text-zinc-500 
uppercase font-bold mb-1"[39m
                    [36m>[39m
                      [0mMax Drawdown[0m
                    [36m</div>[39m
                    [36m<div[39m
                      [33mclass[39m=[32m"text-2xl 
font-black text-rose-400"[39m
                    [36m>[39m
                      [0mNaN[0m
                      [0m%[0m
                    [36m</div>[39m
                  [36m</div>[39m
                  [36m<div[39m
                    [33mclass[39m=[32m"p-4 
bg-emerald-500/5 rounded-2xl border 
border-emerald-500/10"[39m
                  [36m>[39m
                    [36m<div[39m
                      
[33mclass[39m=[32m"text-[10px] text-zinc-500 
uppercase font-bold mb-1"[39m
                    [36m>[39m
                      [0mSharpe Ratio[0m
                    [36m</div>[39m
                    [36m<div[39m
                      [33mclass[39m=[32m"text-2xl 
font-black text-emerald-400"[39m
                    [36m/>[39m
                  [36m</div>[39m
                  [36m<div[39m
                    [33mclass[39m=[32m"p-4 
bg-emerald-500/5 rounded-2xl border 
border-emerald-500/10"[39m
                  [36m>[39m
                    [36m<div[39m
                      
[33mclass[39m=[32m"text-[10px] text-zinc-500 
uppercase font-bold mb-1"[39m
                    [36m>[39m
                      [0mSortino Ratio[0m
                    [36m</div>[39m
                    [36m<div[39m
                      [33mclass[39m=[32m"text-2xl 
font-black text-emerald-400"[39m
                    [36m/>[39m
                  [36m</div>[39m
                  [36m<div[39m
                    [33mclass[39m=[32m"p-4 
bg-cyan-500/5 rounded-2xl border 
border-cyan-500/10"[39m
                  [36m>[39m
                    [36m<div[39m
                      
[33mclass[39m=[32m"text-[10px] text-zinc-500 
uppercase font-bold mb-1"[39m
                    [36m>[39m
                      [0mVol / Drawdown[0m
                    [36m</div>[39m
                    [36m<div[39m
                      [33mclass[39m=[32m"text-2xl 
font-black text-cyan-400"[39m
                    [36m/>[39m
                  [36m</div>[39m
                [36m</div>[39m
              [36m</div>[39m
            [36m</div>[39m
            [36m<span[39m
              
[33mclass[39m=[32m"react-resizable-handle 
react-resizable-handle-se"[39m
            [36m/>[39m
          [36m</div>[39m
          [36m<div[39m
            [33mclass[39m=[32m"react-grid-item 
react-draggable cssTransforms react-resizable"[39m
            [33mstyle[39m=[32m"width: 625px; 
height: 690px; position: absolute; transform: 
translate(10px,510px); -webkit-transform: 
translate(10px,510px);"[39m
          [36m>[39m
            [36m<div[39m
              [33mclass[39m=[32m"glass-card 
glass-panel glass-card--default  glass-card--hoverable 
 h-full"[39m
            [36m>[39m
              [36m<div[39m
                
[33mclass[39m=[32m"glass-card__content"[39m
              [36m>[39m
                [36m<div[39m
                  
[33mclass[39m=[32m"glass-card-drag-handle"[39m
                [36m>[39m
                  [36m<h2[39m
                    [33mclass[39m=[32m"text-xl 
font-bold mb-4"[39m
                  [36m>[39m
                    [0mStress Testing[0m
                  [36m</h2>[39m
                [36m</div>[39m
                [36m<div[39m
                  [33mclass[39m=[32m"flex gap-2 
mb-6"[39m
                [36m>[39m
                  [36m<select[39m
                    [33mclass[39m=[32m"flex-1 
bg-zinc-900 border border-zinc-800 rounded-lg px-4 
py-2 text-sm text-white focus:outline-none 
focus:border-cyan-500/50"[39m
                  [36m>[39m
                    [36m<option[39m
                      
[33mvalue[39m=[32m"market_crash_2008"[39m
                    [36m>[39m
                      [0m2008 Financial Crisis[0m
                    [36m</option>[39m
                    [36m<option[39m
                      
[33mvalue[39m=[32m"covid_2020"[39m
                    [36m>[39m
                      [0m2020 COVID-19 Crash[0m
                    [36m</option>[39m
                    [36m<option[39m
                      
[33mvalue[39m=[32m"inflation_2022"[39m
                    [36m>[39m
                      [0m2022 Inflation Spike[0m
                    [36m</option>[39m
                    [36m<option[39m
                      
[33mvalue[39m=[32m"sector_shock_tech"[39m
                    [36m>[39m
                      [0mTech Sector Shock[0m
                    [36m</option>[39m
                  [36m</select>[39m
                  [36m<button[39m
                    [33mclass[39m=[32m"px-4 py-2 
bg-cyan-500/10 border border-cyan-500/20 rounded-lg 
text-cyan-400 font-bold text-xs hover:bg-cyan-500/20 
transition-all"[39m
                  [36m>[39m
                    [0mRUN[0m
                  [36m</button>[39m
                [36m</div>[39m
                [36m<div[39m
                  [33mclass[39m=[32m"flex 
items-center justify-center h-24 text-zinc-700 italic 
text-sm"[39m
                [36m>[39m
                  [0mSelect scenario to simulate 
impact[0m
                [36m</div>[39m
              [36m</div>[39m
            [36m</div>[39m
            [36m<span[39m
              
[33mclass[39m=[32m"react-resizable-handle 
react-resizable-handle-se"[39m
            [36m/>[39m
          [36m</div>[39m
          [36m<div[39m
            [33mclass[39m=[32m"react-grid-item 
react-draggable cssTransforms react-resizable"[39m
            [33mstyle[39m=[32m"width: 625px; 
height: 690px; position: absolute; transform: 
translate(645px,510px); -webkit-transform: 
translate(645px,510px);"[39m
          [36m>[39m
            [36m<div[39m
              [33mclass[39m=[32m"glass-card 
glass-panel glass-card--default  glass-card--hoverable 
 h-full"[39m
            [36m>[39m
              [36m<div[39m
                
[33mclass[39m=[32m"glass-card__content"[39m
              [36m>[39m
                [36m<div[39m
                  
[33mclass[39m=[32m"glass-card-drag-handle"[39m
                [36m>[39m
                  [36m<h2[39m
                    [33mclass[39m=[32m"text-xl 
font-bold mb-4"[39m
                  [36m>[39m
                    [0mMonte Carlo Simulation[0m
                  [36m</h2>[39m
                [36m</div>[39m
                [36m<div[39m
                  [33mclass[39m=[32m"mb-6"[39m
                [36m>[39m
                  [36m<button[39m
                    [33mclass[39m=[32m"w-full py-3 
bg-zinc-900 border border-zinc-800 rounded-xl 
text-zinc-400 font-bold text-xs 
hover:border-cyan-500/50 hover:text-white 
transition-all uppercase tracking-widest"[39m
                  [36m>[39m
                    [0mGENERATE 10K PATHS[0m
                  [36m</button>[39m
                [36m</div>[39m
                [36m<div[39m
                  [33mclass[39m=[32m"flex 
items-center justify-center h-24 text-zinc-700 italic 
text-sm"[39m
                [36m>[39m
                  [0mInitiate paths for probability 
analysis[0m
                [36m</div>[39m
              [36m</div>[39m
            [36m</div>[39m
            [36m<span[39m
              
[33mclass[39m=[32m"react-resizable-handle 
react-resizable-handle-se"[39m
            [36m/>[39m
          [36m</div>[39m
        [36m</div>[39m
        [36m<div[39m
          [33mclass[39m=[32m"scroll-buffer-100"[39m
        [36m/>[39m
      [36m</div>[39m
    [36m</div>[39m
  [36m</div>[39m
[36m</body>[39m

Ignored nodes: comments, script, style
[36m<html>[39m
  [36m<head />[39m
  [36m<body>[39m
    [36m<div>[39m
      [36m<div[39m
        [33mclass[39m=[32m"full-bleed-page 
advanced-risk-dashboard"[39m
      [36m>[39m
        [36m<div[39m
          [33mclass[39m=[32m"dashboard-header"[39m
        [36m>[39m
          [36m<h1>[39m
            [0mAdvanced Risk Management[0m
          [36m</h1>[39m
          [36m<p[39m
            [33mclass[39m=[32m"subtitle"[39m
          [36m>[39m
            [0mPhase 3: Advanced Risk Management & 
Stress Testing[0m
          [36m</p>[39m
        [36m</div>[39m
        [36m<div[39m
          
[33mclass[39m=[32m"scrollable-content-wrapper"[39m
        [36m>[39m
          [36m<div[39m
            [33mclass[39m=[32m"react-grid-layout 
layout"[39m
            [33mstyle[39m=[32m"height: 1210px;"[39m
          [36m>[39m
            [36m<div[39m
              [33mclass[39m=[32m"react-grid-item 
react-draggable cssTransforms react-resizable"[39m
              [33mstyle[39m=[32m"width: 1260px; 
height: 490px; position: absolute; transform: 
translate(10px,10px); -webkit-transform: 
translate(10px,10px);"[39m
            [36m>[39m
              [36m<div[39m
                [33mclass[39m=[32m"glass-card 
glass-panel glass-card--elevated  
glass-card--hoverable  h-full"[39m
              [36m>[39m
                [36m<div[39m
                  
[33mclass[39m=[32m"glass-card__content"[39m
                [36m>[39m
                  [36m<div[39m
                    
[33mclass[39m=[32m"glass-card-drag-handle"[39m
                  [36m>[39m
                    [36m<h2[39m
                      [33mclass[39m=[32m"text-xl 
font-bold mb-4"[39m
                    [36m>[39m
                      [0mRisk Metrics[0m
                    [36m</h2>[39m
                  [36m</div>[39m
                  [36m<div[39m
                    [33mclass[39m=[32m"grid 
grid-cols-2 md:grid-cols-3 gap-4"[39m
                  [36m>[39m
                    [36m<div[39m
                      [33mclass[39m=[32m"p-4 
bg-rose-500/5 rounded-2xl border 
border-rose-500/10"[39m
                    [36m>[39m
                      [36m<div[39m
                        
[33mclass[39m=[32m"text-[10px] text-zinc-500 
uppercase font-bold mb-1"[39m
                      [36m>[39m
                        [0mValue at Risk (VaR)[0m
                      [36m</div>[39m
                      [36m<div[39m
                        [33mclass[39m=[32m"text-2xl 
font-black text-rose-400"[39m
                      [36m>[39m
                        [0m$[0m
                        [0mNaN[0m
                      [36m</div>[39m
                      [36m<div[39m
                        
[33mclass[39m=[32m"text-[10px] text-zinc-600 
font-bold mt-1"[39m
                      [36m>[39m
                        [0m95% CONFIDENCE[0m
                      [36m</div>[39m
                    [36m</div>[39m
                    [36m<div[39m
                      [33mclass[39m=[32m"p-4 
bg-orange-500/5 rounded-2xl border 
border-orange-500/10"[39m
                    [36m>[39m
                      [36m<div[39m
                        
[33mclass[39m=[32m"text-[10px] text-zinc-500 
uppercase font-bold mb-1"[39m
                      [36m>[39m
                        [0mExpected Tail Loss[0m
                      [36m</div>[39m
                      [36m<div[39m
                        [33mclass[39m=[32m"text-2xl 
font-black text-orange-400"[39m
                      [36m>[39m
                        [0m$[0m
                        [0mNaN[0m
                      [36m</div>[39m
                    [36m</div>[39m
                    [36m<div[39m
                      [33mclass[39m=[32m"p-4 
bg-rose-500/5 rounded-2xl border 
border-rose-500/10"[39m
                    [36m>[39m
                      [36m<div[39m
                        
[33mclass[39m=[32m"text-[10px] text-zinc-500 
uppercase font-bold mb-1"[39m
                      [36m>[39m
                        [0mMax Drawdown[0m
                      [36m</div>[39m
                      [36m<div[39m
                        [33mclass[39m=[32m"text-2xl 
font-black text-rose-400"[39m
                      [36m>[39m
                        [0mNaN[0m
                        [0m%[0m
                      [36m</div>[39m
                    [36m</div>[39m
                    [36m<div[39m
                      [33mclass[39m=[32m"p-4 
bg-emerald-500/5 rounded-2xl border 
border-emerald-500/10"[39m
                    [36m>[39m
                      [36m<div[39m
                        
[33mclass[39m=[32m"text-[10px] text-zinc-500 
uppercase font-bold mb-1"[39m
                      [36m>[39m
                        [0mSharpe Ratio[0m
                      [36m</div>[39m
                      [36m<div[39m
                        [33mclass[39m=[32m"text-2xl 
font-black text-emerald-400"[39m
                      [36m/>[39m
                    [36m</div>[39m
                    [36m<div[39m
                      [33mclass[39m=[32m"p-4 
bg-emerald-500/5 rounded-2xl border 
border-emerald-500/10"[39m
                    [36m>[39m
                      [36m<div[39m
                        
[33mclass[39m=[32m"text-[10px] text-zinc-500 
uppercase font-bold mb-1"[39m
                      [36m>[39m
                        [0mSortino Ratio[0m
                      [36m</div>[39m
                      [36m<div[39m
                        [33mclass[39m=[32m"text-2xl 
font-black text-emerald-400"[39m
                      [36m/>[39m
                    [36m</div>[39m
                    [36m<div[39m
                      [33mclass[39m=[32m"p-4 
bg-cyan-500/5 rounded-2xl border 
border-cyan-500/10"[39m
                    [36m>[39m
                      [36m<div[39m
                        
[33mclass[39m=[32m"text-[10px] text-zinc-500 
uppercase font-bold mb-1"[39m
                      [36m>[39m
                        [0mVol / Drawdown[0m
                      [36m</div>[39m
                      [36m<div[39m
                        [33mclass[39m=[32m"text-2xl 
font-black text-cyan-400"[39m
                      [36m/>[39m
                    [36m</div>[39m
                  [36m</div>[39m
                [36m</div>[39m
              [36m</div>[39m
              [36m<span[39m
                
[33mclass[39m=[32m"react-resizable-handle 
react-resizable-handle-se"[39m
              [36m/>[39m
            [36m</div>[39m
            [36m<div[39m
              [33mclass[39m=[32m"react-grid-item 
react-draggable cssTransforms react-resizable"[39m
              [33mstyle[39m=[32m"width: 625px; 
height: 690px; position: absolute; transform: 
translate(10px,510px); -webkit-transform: 
translate(10px,510px);"[39m
            [36m>[39m
              [36m<div[39m
                [33mclass[39m=[32m"glass-card 
glass-panel glass-card--default  glass-card--hoverable 
 h-full"[39m
              [36m>[39m
                [36m<div[39m
                  
[33mclass[39m=[32m"glass-card__content"[39m
                [36m>[39m
                  [36m<div[39m
                    
[33mclass[39m=[32m"glass-card-drag-handle"[39m
                  [36m>[39m
                    [36m<h2[39m
                      [33mclass[39m=[32m"text-xl 
font-bold mb-4"[39m
                    [36m>[39m
                      [0mStress Testing[0m
                    [36m</h2>[39m
                  [36m</div>[39m
                  [36m<div[39m
                    [33mclass[39m=[32m"flex gap-2 
mb-6"[39m
                  [36m>[39m
                    [36m<select[39m
                      [33mclass[39m=[32m"flex-1 
bg-zinc-900 border border-zinc-800 rounded-lg px-4 
py-2 text-sm text-white focus:outline-none 
focus:border-cyan-500/50"[39m
                    [36m>[39m
                      [36m<option[39m
                        
[33mvalue[39m=[32m"market_crash_2008"[39m
                      [36m>[39m
                        [0m2008 Financial Crisis[0m
                      [36m</option>[39m
                      [36m<option[39m
                        
[33mvalue[39m=[32m"covid_2020"[39m
                      [36m>[39m
                        [0m2020 COVID-19 Crash[0m
                      [36m</option>[39m
                      [36m<option[39m
                        
[33mvalue[39m=[32m"inflation_2022"[39m
                      [36m>[39m
                        [0m2022 Inflation Spike[0m
                      [36m</option>[39m
                      [36m<option[39m
                        
[33mvalue[39m=[32m"sector_shock_tech"[39m
                      [36m>[39m
                        [0mTech Sector Shock[0m
                      [36m</option>[39m
                    [36m</select>[39m
                    [36m<button[39m
                      [33mclass[39m=[32m"px-4 py-2 
bg-cyan-500/10 border border-cyan-500/20 rounded-lg 
text-cyan-400 font-bold text-xs hover:bg-cyan-500/20 
transition-all"[39m
                    [36m>[39m
                      [0mRUN[0m
                    [36m</button>[39m
                  [36m</div>[39m
                  [36m<div[39m
                    [33mclass[39m=[32m"flex 
items-center justify-center h-24 text-zinc-700 italic 
text-sm"[39m
                  [36m>[39m
                    [0mSelect scenario to simulate 
impact[0m
                  [36m</div>[39m
                [36m</div>[39m
              [36m</div>[39m
              [36m<span[39m
                
[33mclass[39m=[32m"react-resizable-handle 
react-resizable-handle-se"[39m
              [36m/>[39m
            [36m</div>[39m
            [36m<div[39m
              [33mclass[39m=[32m"react-grid-item 
react-draggable cssTransforms react-resizable"[39m
              [33mstyle[39m=[32m"width: 625px; 
height: 690px; position: absolute; transform: 
translate(645px,510px); -webkit-transform: 
translate(645px,510px);"[39m
            [36m>[39m
              [36m<div[39m
                [33mclass[39m=[32m"glass-card 
glass-panel glass-card--default  glass-card--hoverable 
 h-full"[39m
              [36m>[39m
                [36m<div[39m
                  
[33mclass[39m=[32m"glass-card__content"[39m
                [36m>[39m
                  [36m<div[39m
                    
[33mclass[39m=[32m"glass-card-drag-handle"[39m
                  [36m>[39m
                    [36m<h2[39m
                      [33mclass[39m=[32m"text-xl 
font-bold mb-4"[39m
                    [36m>[39m
                      [0mMonte Carlo Simulation[0m
                    [36m</h2>[39m
                  [36m</div>[39m
                  [36m<div[39m
                    [33mclass[39m=[32m"mb-6"[39m
                  [36m>[39m
                    [36m<button[39m
                      [33mclass[39m=[32m"w-full 
py-3 bg-zinc-900 border border-zinc-800 rounded-xl 
text-zinc-400 font-bold text-xs 
hover:border-cyan-500/50 hover:text-white 
transition-all uppercase tracking-widest"[39m
                    [36m>[39m
                      [0mGENERATE 10K PATHS[0m
                    [36m</button>[39m
                  [36m</div>[39m
                  [36m<div[39m
                    [33mclass[39m=[32m"flex 
items-center justify-center h-24 text-zinc-700 italic 
text-sm"[39m
                  [36m>[39m
                    [0mInitiate paths for probability 
analysis[0m
                  [36m</div>[39m
                [36m</div>[39m
              [36m</div>[39m
              [36m<span[39m
                
[33mclass[39m=[32m"react-resizable-handle 
react-resizable-handle-se"[39m
              [36m/>[39m
            [36m</div>[39m
          [36m</div>[39m
          [36m<div[39m
            
[33mclass[39m=[32m"scroll-buffer-100"[39m
          [36m/>[39m
        [36m</div>[39m
      [36m</div>[39m
    [36m</div>[39m
  [36m</body>[39m
[36m</html>[39m
[90m [2mΓ¥»[22m Proxy.waitForWrapper node_modules/@t
esting-library/dom/dist/wait-for.js:[2m163:27[22m[39
m
[36m [2mΓ¥»[22m tests/pages/AdvancedRiskDashboard.te
st.jsx:[2m31:11[22m[39m
    [90m 29| [39m    [34mrender[39m([33m<[39m[33
mAdvancedRiskDashboard[39m 
[33m/[39m[33m>[39m)[33m;[39m
    [90m 30| [39m    
    [90m 31| [39m    [35mawait[39m 
[34mwaitFor[39m(() [33m=>[39m {
    [90m   | [39m          [31m^[39m
    [90m 32| [39m      
expect(screen.getByText(/Advanced Risk 
Management/i)).toBeInTheDΓÇª
    [90m 33| [39m    })[33m;[39m

[31m[2mΓÄ»ΓÄ»ΓÄ»ΓÄ»ΓÄ»ΓÄ»ΓÄ»ΓÄ»ΓÄ»ΓÄ»ΓÄ»ΓÄ»ΓÄ»ΓÄ»ΓÄ»Γ
Ä»ΓÄ»ΓÄ»ΓÄ»ΓÄ»ΓÄ»ΓÄ»ΓÄ»ΓÄ»[1/2]ΓÄ»[22m[39m

[41m[1m FAIL [22m[49m 
tests/pages/AdvancedRiskDashboard.test.jsx[2m > 
[22mAdvancedRiskDashboard[2m > [22mshould display 
risk metrics
[31m[1mTestingLibraryElementError[22m[39m: Found 
multiple elements with the text: /Advanced Risk 
Management/i

Here are the matching elements:

Ignored nodes: comments, script, style
[36m<h1>[39m
  [0mAdvanced Risk Management[0m
[36m</h1>[39m

Ignored nodes: comments, script, style
[36m<p[39m
  [33mclass[39m=[32m"subtitle"[39m
[36m>[39m
  [0mPhase 3: Advanced Risk Management & Stress 
Testing[0m
[36m</p>[39m

(If this is intentional, then use the `*AllBy*` 
variant of the query (like `queryAllByText`, 
`getAllByText`, or `findAllByText`)).

Ignored nodes: comments, script, style
[36m<body>[39m
  [36m<div>[39m
    [36m<div[39m
      [33mclass[39m=[32m"full-bleed-page 
advanced-risk-dashboard"[39m
    [36m>[39m
      [36m<div[39m
        [33mclass[39m=[32m"dashboard-header"[39m
      [36m>[39m
        [36m<h1>[39m
          [0mAdvanced Risk Management[0m
        [36m</h1>[39m
        [36m<p[39m
          [33mclass[39m=[32m"subtitle"[39m
        [36m>[39m
          [0mPhase 3: Advanced Risk Management & 
Stress Testing[0m
        [36m</p>[39m
      [36m</div>[39m
      [36m<div[39m
        
[33mclass[39m=[32m"scrollable-content-wrapper"[39m
      [36m>[39m
        [36m<div[39m
          [33mclass[39m=[32m"react-grid-layout 
layout"[39m
          [33mstyle[39m=[32m"height: 1210px;"[39m
        [36m>[39m
          [36m<div[39m
            [33mclass[39m=[32m"react-grid-item 
react-draggable cssTransforms react-resizable"[39m
            [33mstyle[39m=[32m"width: 1260px; 
height: 490px; position: absolute; transform: 
translate(10px,10px); -webkit-transform: 
translate(10px,10px);"[39m
          [36m>[39m
            [36m<div[39m
              [33mclass[39m=[32m"glass-card 
glass-panel glass-card--elevated  
glass-card--hoverable  h-full"[39m
            [36m>[39m
              [36m<div[39m
                
[33mclass[39m=[32m"glass-card__content"[39m
              [36m>[39m
                [36m<div[39m
                  
[33mclass[39m=[32m"glass-card-drag-handle"[39m
                [36m>[39m
                  [36m<h2[39m
                    [33mclass[39m=[32m"text-xl 
font-bold mb-4"[39m
                  [36m>[39m
                    [0mRisk Metrics[0m
                  [36m</h2>[39m
                [36m</div>[39m
                [36m<div[39m
                  [33mclass[39m=[32m"grid 
grid-cols-2 md:grid-cols-3 gap-4"[39m
                [36m>[39m
                  [36m<div[39m
                    [33mclass[39m=[32m"p-4 
bg-rose-500/5 rounded-2xl border 
border-rose-500/10"[39m
                  [36m>[39m
                    [36m<div[39m
                      
[33mclass[39m=[32m"text-[10px] text-zinc-500 
uppercase font-bold mb-1"[39m
                    [36m>[39m
                      [0mValue at Risk (VaR)[0m
                    [36m</div>[39m
                    [36m<div[39m
                      [33mclass[39m=[32m"text-2xl 
font-black text-rose-400"[39m
                    [36m>[39m
                      [0m$[0m
                      [0m0.05[0m
                    [36m</div>[39m
                    [36m<div[39m
                      
[33mclass[39m=[32m"text-[10px] text-zinc-600 
font-bold mt-1"[39m
                    [36m>[39m
                      [0m95% CONFIDENCE[0m
                    [36m</div>[39m
                  [36m</div>[39m
                  [36m<div[39m
                    [33mclass[39m=[32m"p-4 
bg-orange-500/5 rounded-2xl border 
border-orange-500/10"[39m
                  [36m>[39m
                    [36m<div[39m
                      
[33mclass[39m=[32m"text-[10px] text-zinc-500 
uppercase font-bold mb-1"[39m
                    [36m>[39m
                      [0mExpected Tail Loss[0m
                    [36m</div>[39m
                    [36m<div[39m
                      [33mclass[39m=[32m"text-2xl 
font-black text-orange-400"[39m
                    [36m>[39m
                      [0m$[0m
                      [0m0.07[0m
                    [36m</div>[39m
                  [36m</div>[39m
                  [36m<div[39m
                    [33mclass[39m=[32m"p-4 
bg-rose-500/5 rounded-2xl border 
border-rose-500/10"[39m
                  [36m>[39m
                    [36m<div[39m
                      
[33mclass[39m=[32m"text-[10px] text-zinc-500 
uppercase font-bold mb-1"[39m
                    [36m>[39m
                      [0mMax Drawdown[0m
                    [36m</div>[39m
                    [36m<div[39m
                      [33mclass[39m=[32m"text-2xl 
font-black text-rose-400"[39m
                    [36m>[39m
                      [0m12.00[0m
                      [0m%[0m
                    [36m</div>[39m
                  [36m</div>[39m
                  [36m<div[39m
                    [33mclass[39m=[32m"p-4 
bg-emerald-500/5 rounded-2xl border 
border-emerald-500/10"[39m
                  [36m>[39m
                    [36m<div[39m
                      
[33mclass[39m=[32m"text-[10px] text-zinc-500 
uppercase font-bold mb-1"[39m
                    [36m>[39m
                      [0mSharpe Ratio[0m
                    [36m</div>[39m
                    [36m<div[39m
                      [33mclass[39m=[32m"text-2xl 
font-black text-emerald-400"[39m
                    [36m>[39m
                      [0m1.50[0m
                    [36m</div>[39m
                  [36m</div>[39m
                  [36m<div[39m
                    [33mclass[39m=[32m"p-4 
bg-emerald-500/5 rounded-2xl border 
border-emerald-500/10"[39m
                  [36m>[39m
                    [36m<div[39m
                      
[33mclass[39m=[32m"text-[10px] text-zinc-500 
uppercase font-bold mb-1"[39m
                    [36m>[39m
                      [0mSortino Ratio[0m
                    [36m</div>[39m
                    [36m<div[39m
                      [33mclass[39m=[32m"text-2xl 
font-black text-emerald-400"[39m
                    [36m>[39m
                      [0m1.80[0m
                    [36m</div>[39m
                  [36m</div>[39m
                  [36m<div[39m
                    [33mclass[39m=[32m"p-4 
bg-cyan-500/5 rounded-2xl border 
border-cyan-500/10"[39m
                  [36m>[39m
                    [36m<div[39m
                      
[33mclass[39m=[32m"text-[10px] text-zinc-500 
uppercase font-bold mb-1"[39m
                    [36m>[39m
                      [0mVol / Drawdown[0m
                    [36m</div>[39m
                    [36m<div[39m
                      [33mclass[39m=[32m"text-2xl 
font-black text-cyan-400"[39m
                    [36m>[39m
                      [0m1.20[0m
                    [36m</div>[39m
                  [36m</div>[39m
                [36m</div>[39m
              [36m</div>[39m
            [36m</div>[39m
            [36m<span[39m
              
[33mclass[39m=[32m"react-resizable-handle 
react-resizable-handle-se"[39m
            [36m/>[39m
          [36m</div>[39m
          [36m<div[39m
            [33mclass[39m=[32m"react-grid-item 
react-draggable cssTransforms react-resizable"[39m
            [33mstyle[39m=[32m"width: 625px; 
height: 690px; position: absolute; transform: 
translate(10px,510px); -webkit-transform: 
translate(10px,510px);"[39m
          [36m>[39m
            [36m<div[39m
              [33mclass[39m=[32m"glass-card 
glass-panel glass-card--default  glass-card--hoverable 
 h-full"[39m
            [36m>[39m
              [36m<div[39m
                
[33mclass[39m=[32m"glass-card__content"[39m
              [36m>[39m
                [36m<div[39m
                  
[33mclass[39m=[32m"glass-card-drag-handle"[39m
                [36m>[39m
                  [36m<h2[39m
                    [33mclass[39m=[32m"text-xl 
font-bold mb-4"[39m
                  [36m>[39m
                    [0mStress Testing[0m
                  [36m</h2>[39m
                [36m</div>[39m
                [36m<div[39m
                  [33mclass[39m=[32m"flex gap-2 
mb-6"[39m
                [36m>[39m
                  [36m<select[39m
                    [33mclass[39m=[32m"flex-1 
bg-zinc-900 border border-zinc-800 rounded-lg px-4 
py-2 text-sm text-white focus:outline-none 
focus:border-cyan-500/50"[39m
                  [36m>[39m
                    [36m<option[39m
                      
[33mvalue[39m=[32m"market_crash_2008"[39m
                    [36m>[39m
                      [0m2008 Financial Crisis[0m
                    [36m</option>[39m
                    [36m<option[39m
                      
[33mvalue[39m=[32m"covid_2020"[39m
                    [36m>[39m
                      [0m2020 COVID-19 Crash[0m
                    [36m</option>[39m
                    [36m<option[39m
                      
[33mvalue[39m=[32m"inflation_2022"[39m
                    [36m>[39m
                      [0m2022 Inflation Spike[0m
                    [36m</option>[39m
                    [36m<option[39m
                      
[33mvalue[39m=[32m"sector_shock_tech"[39m
                    [36m>[39m
                      [0mTech Sector Shock[0m
                    [36m</option>[39m
                  [36m</select>[39m
                  [36m<button[39m
                    [33mclass[39m=[32m"px-4 py-2 
bg-cyan-500/10 border border-cyan-500/20 rounded-lg 
text-cyan-400 font-bold text-xs hover:bg-cyan-500/20 
transition-all"[39m
                  [36m>[39m
                    [0mRUN[0m
                  [36m</button>[39m
                [36m</div>[39m
                [36m<div[39m
                  [33mclass[39m=[32m"flex 
items-center justify-center h-24 text-zinc-700 italic 
text-sm"[39m
                [36m>[39m
                  [0mSelect scenario to simulate 
impact[0m
                [36m</div>[39m
              [36m</div>[39m
            [36m</div>[39m
            [36m<span[39m
              
[33mclass[39m=[32m"react-resizable-handle 
react-resizable-handle-se"[39m
            [36m/>[39m
          [36m</div>[39m
          [36m<div[39m
            [33mclass[39m=[32m"react-grid-item 
react-draggable cssTransforms react-resizable"[39m
            [33mstyle[39m=[32m"width: 625px; 
height: 690px; position: absolute; transform: 
translate(645px,510px); -webkit-transform: 
translate(645px,510px);"[39m
          [36m>[39m
            [36m<div[39m
              [33mclass[39m=[32m"glass-card 
glass-panel glass-card--default  glass-card--hoverable 
 h-full"[39m
            [36m>[39m
              [36m<div[39m
                
[33mclass[39m=[32m"glass-card__content"[39m
              [36m>[39m
                [36m<div[39m
                  
[33mclass[39m=[32m"glass-card-drag-handle"[39m
                [36m>[39m
                  [36m<h2[39m
                    [33mclass[39m=[32m"text-xl 
font-bold mb-4"[39m
                  [36m>[39m
                    [0mMonte Carlo Simulation[0m
                  [36m</h2>[39m
                [36m</div>[39m
                [36m<div[39m
                  [33mclass[39m=[32m"mb-6"[39m
                [36m>[39m
                  [36m<button[39m
                    [33mclass[39m=[32m"w-full py-3 
bg-zinc-900 border border-zinc-800 rounded-xl 
text-zinc-400 font-bold text-xs 
hover:border-cyan-500/50 hover:text-white 
transition-all uppercase tracking-widest"[39m
                  [36m>[39m
                    [0mGENERATE 10K PATHS[0m
                  [36m</button>[39m
                [36m</div>[39m
                [36m<div[39m
                  [33mclass[39m=[32m"flex 
items-center justify-center h-24 text-zinc-700 italic 
text-sm"[39m
                [36m>[39m
                  [0mInitiate paths for probability 
analysis[0m
                [36m</div>[39m
              [36m</div>[39m
            [36m</div>[39m
            [36m<span[39m
              
[33mclass[39m=[32m"react-resizable-handle 
react-resizable-handle-se"[39m
            [36m/>[39m
          [36m</div>[39m
        [36m</div>[39m
        [36m<div[39m
          [33mclass[39m=[32m"scroll-buffer-100"[39m
        [36m/>[39m
      [36m</div>[39m
    [36m</div>[39m
  [36m</div>[39m
[36m</body>[39m

Ignored nodes: comments, script, style
[36m<html>[39m
  [36m<head />[39m
  [36m<body>[39m
    [36m<div>[39m
      [36m<div[39m
        [33mclass[39m=[32m"full-bleed-page 
advanced-risk-dashboard"[39m
      [36m>[39m
        [36m<div[39m
          [33mclass[39m=[32m"dashboard-header"[39m
        [36m>[39m
          [36m<h1>[39m
            [0mAdvanced Risk Management[0m
          [36m</h1>[39m
          [36m<p[39m
            [33mclass[39m=[32m"subtitle"[39m
          [36m>[39m
            [0mPhase 3: Advanced Risk Management & 
Stress Testing[0m
          [36m</p>[39m
        [36m</div>[39m
        [36m<div[39m
          
[33mclass[39m=[32m"scrollable-content-wrapper"[39m
        [36m>[39m
          [36m<div[39m
            [33mclass[39m=[32m"react-grid-layout 
layout"[39m
            [33mstyle[39m=[32m"height: 1210px;"[39m
          [36m>[39m
            [36m<div[39m
              [33mclass[39m=[32m"react-grid-item 
react-draggable cssTransforms react-resizable"[39m
              [33mstyle[39m=[32m"width: 1260px; 
height: 490px; position: absolute; transform: 
translate(10px,10px); -webkit-transform: 
translate(10px,10px);"[39m
            [36m>[39m
              [36m<div[39m
                [33mclass[39m=[32m"glass-card 
glass-panel glass-card--elevated  
glass-card--hoverable  h-full"[39m
              [36m>[39m
                [36m<div[39m
                  
[33mclass[39m=[32m"glass-card__content"[39m
                [36m>[39m
                  [36m<div[39m
                    
[33mclass[39m=[32m"glass-card-drag-handle"[39m
                  [36m>[39m
                    [36m<h2[39m
                      [33mclass[39m=[32m"text-xl 
font-bold mb-4"[39m
                    [36m>[39m
                      [0mRisk Metrics[0m
                    [36m</h2>[39m
                  [36m</div>[39m
                  [36m<div[39m
                    [33mclass[39m=[32m"grid 
grid-cols-2 md:grid-cols-3 gap-4"[39m
                  [36m>[39m
                    [36m<div[39m
                      [33mclass[39m=[32m"p-4 
bg-rose-500/5 rounded-2xl border 
border-rose-500/10"[39m
                    [36m>[39m
                      [36m<div[39m
                        
[33mclass[39m=[32m"text-[10px] text-zinc-500 
uppercase font-bold mb-1"[39m
                      [36m>[39m
                        [0mValue at Risk (VaR)[0m
                      [36m</div>[39m
                      [36m<div[39m
                        [33mclass[39m=[32m"text-2xl 
font-black text-rose-400"[39m
                      [36m>[39m
                        [0m$[0m
                        [0m0.05[0m
                      [36m</div>[39m
                      [36m<div[39m
                        
[33mclass[39m=[32m"text-[10px] text-zinc-600 
font-bold mt-1"[39m
                      [36m>[39m
                        [0m95% CONFIDENCE[0m
                      [36m</div>[39m
                    [36m</div>[39m
                    [36m<div[39m
                      [33mclass[39m=[32m"p-4 
bg-orange-500/5 rounded-2xl border 
border-orange-500/10"[39m
                    [36m>[39m
                      [36m<div[39m
                        
[33mclass[39m=[32m"text-[10px] text-zinc-500 
uppercase font-bold mb-1"[39m
                      [36m>[39m
                        [0mExpected Tail Loss[0m
                      [36m</div>[39m
                      [36m<div[39m
                        [33mclass[39m=[32m"text-2xl 
font-black text-orange-400"[39m
                      [36m>[39m
                        [0m$[0m
                        [0m0.07[0m
                      [36m</div>[39m
                    [36m</div>[39m
                    [36m<div[39m
                      [33mclass[39m=[32m"p-4 
bg-rose-500/5 rounded-2xl border 
border-rose-500/10"[39m
                    [36m>[39m
                      [36m<div[39m
                        
[33mclass[39m=[32m"text-[10px] text-zinc-500 
uppercase font-bold mb-1"[39m
                      [36m>[39m
                        [0mMax Drawdown[0m
                      [36m</div>[39m
                      [36m<div[39m
                        [33mclass[39m=[32m"text-2xl 
font-black text-rose-400"[39m
                      [36m>[39m
                        [0m12.00[0m
                        [0m%[0m
                      [36m</div>[39m
                    [36m</div>[39m
                    [36m<div[39m
                      [33mclass[39m=[32m"p-4 
bg-emerald-500/5 rounded-2xl border 
border-emerald-500/10"[39m
                    [36m>[39m
                      [36m<div[39m
                        
[33mclass[39m=[32m"text-[10px] text-zinc-500 
uppercase font-bold mb-1"[39m
                      [36m>[39m
                        [0mSharpe Ratio[0m
                      [36m</div>[39m
                      [36m<div[39m
                        [33mclass[39m=[32m"text-2xl 
font-black text-emerald-400"[39m
                      [36m>[39m
                        [0m1.50[0m
                      [36m</div>[39m
                    [36m</div>[39m
                    [36m<div[39m
                      [33mclass[39m=[32m"p-4 
bg-emerald-500/5 rounded-2xl border 
border-emerald-500/10"[39m
                    [36m>[39m
                      [36m<div[39m
                        
[33mclass[39m=[32m"text-[10px] text-zinc-500 
uppercase font-bold mb-1"[39m
                      [36m>[39m
                        [0mSortino Ratio[0m
                      [36m</div>[39m
                      [36m<div[39m
                        [33mclass[39m=[32m"text-2xl 
font-black text-emerald-400"[39m
                      [36m>[39m
                        [0m1.80[0m
                      [36m</div>[39m
                    [36m</div>[39m
                    [36m<div[39m
                      [33mclass[39m=[32m"p-4 
bg-cyan-500/5 rounded-2xl border 
border-cyan-500/10"[39m
                    [36m>[39m
                      [36m<div[39m
                        
[33mclass[39m=[32m"text-[10px] text-zinc-500 
uppercase font-bold mb-1"[39m
                      [36m>[39m
                        [0mVol / Drawdown[0m
                      [36m</div>[39m
                      [36m<div[39m
                        [33mclass[39m=[32m"text-2xl 
font-black text-cyan-400"[39m
                      [36m>[39m
                        [0m1.20[0m
                      [36m</div>[39m
                    [36m</div>[39m
                  [36m</div>[39m
                [36m</div>[39m
              [36m</div>[39m
              [36m<span[39m
                
[33mclass[39m=[32m"react-resizable-handle 
react-resizable-handle-se"[39m
              [36m/>[39m
            [36m</div>[39m
            [36m<div[39m
              [33mclass[39m=[32m"react-grid-item 
react-draggable cssTransforms react-resizable"[39m
              [33mstyle[39m=[32m"width: 625px; 
height: 690px; position: absolute; transform: 
translate(10px,510px); -webkit-transform: 
translate(10px,510px);"[39m
            [36m>[39m
              [36m<div[39m
                [33mclass[39m=[32m"glass-card 
glass-panel glass-card--default  glass-card--hoverable 
 h-full"[39m
              [36m>[39m
                [36m<div[39m
                  
[33mclass[39m=[32m"glass-card__content"[39m
                [36m>[39m
                  [36m<div[39m
                    
[33mclass[39m=[32m"glass-card-drag-handle"[39m
                  [36m>[39m
                    [36m<h2[39m
                      [33mclass[39m=[32m"text-xl 
font-bold mb-4"[39m

                    [36m>[39m
                      [0mStress Testing[0m
                    [36m</h2>[39m
                  [36m</div>[39m
                  [36m<div[39m
                    [33mclass[39m=[32m"flex gap-2 
mb-6"[39m
                  [36m>[39m
[2m Test Files [22m [1m[31m1 failed[39m[22m[90m (1)[39m
[2m      Tests [22m [1m[31m2 failed[39m[22m[90m (2)[39m
[2m   Start at [22m 04:40:35
                    [36m<select[39m
                      [33mclass[39m=[32m"flex-1 
bg-zinc-900 border border-zinc-800 rounded-lg px-4 
py-2 text-sm text-white focus:outline-none 
focus:border-cyan-500/50"[39m
                    [36m>[39m
                      [36m<option[39m
                        
[33mvalue[39m=[32m"market_crash_2008"[39m
                      [36m>[39m
[2m   Duration [22m 4.44s[2m (transform 161ms, setup 412ms, import 215ms, tests 2.09s, environment 1.45s)[22m

                        [0m2008 Financial Crisis[0m
                      [36m</option>[39m
                      [36m<option[39m
                        
[33mvalue[39m=[32m"covid_2020"[39m
                      [36m>[39m
                        [0m2020 COVID-19 Crash[0m
                      [36m</option>[39m
                      [36m<option[39m
                        
[33mvalue[39m=[32m"inflation_2022"[39m
                      [36m>[39m
                        [0m2022 Inflation Spike[0m
                      [36m</option>[39m
                      [36m<option[39m
                        
[33mvalue[39m=[32m"sector_shock_tech"[39m
                      [36m>[39m
                        [0mTech Sector Shock[0m
                      [36m</option>[39m
                    [36m</select>[39m
                    [36m<button[39m
                      [33mclass[39m=[32m"px-4 py-2 
bg-cyan-500/10 border border-cyan-500/20 rounded-lg 
text-cyan-400 font-bold text-xs hover:bg-cyan-500/20 
transition-all"[39m
                    [36m>[39m
                      [0mRUN[0m
                    [36m</button>[39m
                  [36m</div>[39m
                  [36m<div[39m
                    [33mclass[39m=[32m"flex 
items-center justify-center h-24 text-zinc-700 italic 
text-sm"[39m
                  [36m>[39m
                    [0mSelect scenario to simulate 
impact[0m
                  [36m</div>[39m
                [36m</div>[39m
              [36m</div>[39m
              [36m<span[39m
                
[33mclass[39m=[32m"react-resizable-handle 
react-resizable-handle-se"[39m
              [36m/>[39m
            [36m</div>[39m
            [36m<div[39m
              [33mclass[39m=[32m"react-grid-item 
react-draggable cssTransforms react-resizable"[39m
              [33mstyle[39m=[32m"width: 625px; 
height: 690px; position: absolute; transform: 
translate(645px,510px); -webkit-transform: 
translate(645px,510px);"[39m
            [36m>[39m
              [36m<div[39m
                [33mclass[39m=[32m"glass-card 
glass-panel glass-card--default  glass-card--hoverable 
 h-full"[39m
              [36m>[39m
                [36m<div[39m
                  
[33mclass[39m=[32m"glass-card__content"[39m
                [36m>[39m
                  [36m<div[39m
                    
[33mclass[39m=[32m"glass-card-drag-handle"[39m
                  [36m>[39m
                    [36m<h2[39m
                      [33mclass[39m=[32m"text-xl 
font-bold mb-4"[39m
                    [36m>[39m
                      [0mMonte Carlo Simulation[0m
                    [36m</h2>[39m
                  [36m</div>[39m
                  [36m<div[39m
                    [33mclass[39m=[32m"mb-6"[39m
                  [36m>[39m
                    [36m<button[39m
                      [33mclass[39m=[32m"w-full 
py-3 bg-zinc-900 border border-zinc-800 rounded-xl 
text-zinc-400 font-bold text-xs 
hover:border-cyan-500/50 hover:text-white 
transition-all uppercase tracking-widest"[39m
                    [36m>[39m
                      [0mGENERATE 10K PATHS[0m
                    [36m</button>[39m
                  [36m</div>[39m
                  [36m<div[39m
                    [33mclass[39m=[32m"flex 
items-center justify-center h-24 text-zinc-700 italic 
text-sm"[39m
                  [36m>[39m
                    [0mInitiate paths for probability 
analysis[0m
                  [36m</div>[39m
                [36m</div>[39m
              [36m</div>[39m
              [36m<span[39m
                
[33mclass[39m=[32m"react-resizable-handle 
react-resizable-handle-se"[39m
              [36m/>[39m
            [36m</div>[39m
          [36m</div>[39m
          [36m<div[39m
            
[33mclass[39m=[32m"scroll-buffer-100"[39m
          [36m/>[39m
        [36m</div>[39m
      [36m</div>[39m
    [36m</div>[39m
  [36m</body>[39m
[36m</html>[39m
[90m [2mΓ¥»[22m Proxy.waitForWrapper node_modules/@t
esting-library/dom/dist/wait-for.js:[2m163:27[22m[39
m
[36m [2mΓ¥»[22m tests/pages/AdvancedRiskDashboard.te
st.jsx:[2m50:11[22m[39m
    [90m 48| [39m    [34mrender[39m([33m<[39m[33
mAdvancedRiskDashboard[39m 
[33m/[39m[33m>[39m)[33m;[39m
    [90m 49| [39m
    [90m 50| [39m    [35mawait[39m 
[34mwaitFor[39m(() [33m=>[39m {
    [90m   | [39m          [31m^[39m
    [90m 51| [39m      
screen[33m.[39m[34mdebug[39m()[33m;[39m
    [90m 52| [39m      
expect(screen.getByText(/Advanced Risk 
Management/i)).toBeInTheDΓÇª

[31m[2mΓÄ»ΓÄ»ΓÄ»ΓÄ»ΓÄ»ΓÄ»ΓÄ»ΓÄ»ΓÄ»ΓÄ»ΓÄ»ΓÄ»ΓÄ»ΓÄ»ΓÄ»Γ
Ä»ΓÄ»ΓÄ»ΓÄ»ΓÄ»ΓÄ»ΓÄ»ΓÄ»ΓÄ»[2/2]ΓÄ»[22m[39m

