============================= test session starts =============================
platform win32 -- Python 3.13.1, pytest-7.4.0, pluggy-1.6.0 -- C:\Users\astir\Desktop\AI_Company\AI_Investor\venv\Scripts\python.exe
cachedir: .pytest_cache
rootdir: C:\Users\astir\Desktop\AI_Company\AI_Investor
configfile: pytest.ini
plugins: anyio-4.12.1, asyncio-0.21.1, base-url-2.1.0
asyncio: mode=Mode.AUTO
collecting ... collected 0 items / 1 error

=================================== ERRORS ====================================
____________ ERROR collecting tests/backend/api/test_regime_api.py ____________
ImportError while importing test module 'C:\Users\astir\Desktop\AI_Company\AI_Investor\tests\backend\api\test_regime_api.py'.
Hint: make sure your test modules/packages have valid Python names.
Traceback:
venv\Lib\site-packages\_pytest\python.py:617: in _importtestmodule
    mod = import_path(self.path, mode=importmode, root=self.config.rootpath)
venv\Lib\site-packages\_pytest\pathlib.py:565: in import_path
    importlib.import_module(module_name)
C:\Python313\Lib\importlib\__init__.py:88: in import_module
    return _bootstrap._gcd_import(name[level:], package, level)
<frozen importlib._bootstrap>:1387: in _gcd_import
    ???
<frozen importlib._bootstrap>:1360: in _find_and_load
    ???
<frozen importlib._bootstrap>:1331: in _find_and_load_unlocked
    ???
<frozen importlib._bootstrap>:935: in _load_unlocked
    ???
venv\Lib\site-packages\_pytest\assertion\rewrite.py:178: in exec_module
    exec(co, module.__dict__)
tests\backend\api\test_regime_api.py:8: in <module>
    from web.fastapi_gateway import app
web\fastapi_gateway.py:5: in <module>
    from web.api import (
E   ImportError: cannot import name 'market_api' from 'web.api' (C:\Users\astir\Desktop\AI_Company\AI_Investor\web\api\__init__.py)
============================== warnings summary ===============================
schemas\department.py:10
  C:\Users\astir\Desktop\AI_Company\AI_Investor\schemas\department.py:10: PydanticDeprecatedSince20: Support for class-based `config` is deprecated, use ConfigDict instead. Deprecated in Pydantic V2.0 to be removed in V3.0. See Pydantic V2 Migration Guide at https://errors.pydantic.dev/2.12/migration/
    class DepartmentRead(BaseModel):

venv\Lib\site-packages\pythonjsonlogger\jsonlogger.py:11
  C:\Users\astir\Desktop\AI_Company\AI_Investor\venv\Lib\site-packages\pythonjsonlogger\jsonlogger.py:11: DeprecationWarning: pythonjsonlogger.jsonlogger has been moved to pythonjsonlogger.json
    warnings.warn(

venv\Lib\site-packages\curl_cffi\requests\session.py:42
  C:\Users\astir\Desktop\AI_Company\AI_Investor\venv\Lib\site-packages\curl_cffi\requests\session.py:42: DeprecationWarning: 
  Eventlet is deprecated. It is currently being maintained in bugfix mode, and
  we strongly recommend against using it for new projects.
  
  If you are already using Eventlet, we recommend migrating to a different
  framework.  For more detail see
  https://eventlet.readthedocs.io/en/latest/asyncio/migration.html
  
    import eventlet.tpool

-- Docs: https://docs.pytest.org/en/stable/how-to/capture-warnings.html
=========================== short test summary info ===========================
ERROR tests/backend/api/test_regime_api.py
!!!!!!!!!!!!!!!!!!! Interrupted: 1 error during collection !!!!!!!!!!!!!!!!!!!!
======================== 3 warnings, 1 error in 10.67s ========================
